WARNING:torch.distributed.run:
*****************************************
Setting OMP_NUM_THREADS environment variable for each process to be 1 in default, to avoid your system being overloaded, please further tune the variable for optimal performance in your application as needed. 
*****************************************
/homes/fgaragnani/ai4bio/graph_enc/src/model/model.py:126: UserWarning: Unable to import Triton; defaulting MosaicBERT attention implementation to pytorch (this will reduce throughput when using this model).
  warnings.warn(
/homes/fgaragnani/ai4bio/graph_enc/src/model/model.py:126: UserWarning: Unable to import Triton; defaulting MosaicBERT attention implementation to pytorch (this will reduce throughput when using this model).
  warnings.warn(
[INFO|configuration_utils.py:725] 2026-03-13 17:40:23,758 >> Model config BertConfig {
  "_name_or_path": "zhihan1996/DNABERT-2-117M",
  "alibi_starting_size": 1024,
  "attention_probs_dropout_prob": 0.0,
  "auto_map": {
    "AutoConfig": "configuration_bert.BertConfig",
    "AutoModel": "bert_layers.BertModel",
    "AutoModelForMaskedLM": "bert_layers.BertForMaskedLM",
    "AutoModelForSequenceClassification": "bert_layers.BertForSequenceClassification"
  },
  "classifier_dropout": null,
  "gradient_checkpointing": false,
  "hidden_act": "gelu",
  "hidden_dropout_prob": 0.1,
  "hidden_size": 768,
  "initializer_range": 0.02,
  "intermediate_size": 3072,
  "layer_norm_eps": 1e-12,
  "max_position_embeddings": 1024,
  "model_type": "bert",
  "num_attention_heads": 12,
  "num_hidden_layers": 12,
  "pad_token_id": 0,
  "position_embedding_type": "absolute",
  "torch_dtype": "float32",
  "transformers_version": "4.29.2",
  "type_vocab_size": 2,
  "use_cache": true,
  "vocab_size": 4096
}

[INFO|hub.py:377] 2026-03-13 17:40:23,758 >> Offline mode: forcing local_files_only=True
[INFO|tokenization_utils_base.py:1699] 2026-03-13 17:40:23,759 >> Offline mode: forcing local_files_only=True
[INFO|tokenization_utils_base.py:1808] 2026-03-13 17:40:23,759 >> loading file tokenizer.json
[INFO|tokenization_utils_base.py:1808] 2026-03-13 17:40:23,759 >> loading file added_tokens.json
[INFO|tokenization_utils_base.py:1808] 2026-03-13 17:40:23,760 >> loading file special_tokens_map.json
[INFO|tokenization_utils_base.py:1808] 2026-03-13 17:40:23,760 >> loading file tokenizer_config.json
[INFO|configuration_utils.py:577] 2026-03-13 17:40:23,765 >> Generate config GenerationConfig {
  "_from_model_config": true,
  "pad_token_id": 0,
  "transformers_version": "4.29.2"
}

/homes/fgaragnani/ai4bio/graph_enc/src/model/model.py:126: UserWarning: Unable to import Triton; defaulting MosaicBERT attention implementation to pytorch (this will reduce throughput when using this model).
  warnings.warn(
[INFO|trainer.py:565] 2026-03-13 17:40:26,682 >> max_steps is given, it will override any value given in num_train_epochs
/homes/fgaragnani/ai4bio/graph_enc/src/model/model.py:126: UserWarning: Unable to import Triton; defaulting MosaicBERT attention implementation to pytorch (this will reduce throughput when using this model).
  warnings.warn(
[INFO|trainer.py:1779] 2026-03-13 17:40:40,682 >> ***** Running training *****
[INFO|trainer.py:1780] 2026-03-13 17:40:40,683 >>   Num examples = 17,021,411
[INFO|trainer.py:1781] 2026-03-13 17:40:40,683 >>   Num Epochs = 1
[INFO|trainer.py:1782] 2026-03-13 17:40:40,683 >>   Instantaneous batch size per device = 8
[INFO|trainer.py:1783] 2026-03-13 17:40:40,683 >>   Total train batch size (w. parallel, distributed & accumulation) = 32
[INFO|trainer.py:1784] 2026-03-13 17:40:40,683 >>   Gradient Accumulation steps = 1
[INFO|trainer.py:1785] 2026-03-13 17:40:40,683 >>   Total optimization steps = 40,000
[INFO|trainer.py:1786] 2026-03-13 17:40:40,683 >>   Number of trainable parameters = 117,074,176
  0%|          | 0/40000 [00:00<?, ?it/s]  0%|          | 1/40000 [00:02<31:03:33,  2.80s/it]                                                      0%|          | 1/40000 [00:02<31:03:33,  2.80s/it]Traceback (most recent call last):
  File "src/train/train.py", line 6, in <module>
    run_mlm()
  File "/homes/fgaragnani/ai4bio/graph_enc/src/model/run_mlm.py", line 874, in main
    train_result = trainer.train(resume_from_checkpoint=checkpoint)
  File "/homes/fgaragnani/.conda/envs/dna/lib/python3.8/site-packages/transformers/trainer.py", line 1664, in train
    return inner_training_loop(
  File "/homes/fgaragnani/.conda/envs/dna/lib/python3.8/site-packages/transformers/trainer.py", line 1940, in _inner_training_loop
    tr_loss_step = self.training_step(model, inputs)
  File "/homes/fgaragnani/.conda/envs/dna/lib/python3.8/site-packages/transformers/trainer.py", line 2735, in training_step
    loss = self.compute_loss(model, inputs)
  File "/homes/fgaragnani/.conda/envs/dna/lib/python3.8/site-packages/transformers/trainer.py", line 2767, in compute_loss
    outputs = model(**inputs)
  File "/homes/fgaragnani/.conda/envs/dna/lib/python3.8/site-packages/torch/nn/modules/module.py", line 1194, in _call_impl
    return forward_call(*input, **kwargs)
  File "/homes/fgaragnani/.conda/envs/dna/lib/python3.8/site-packages/torch/nn/parallel/distributed.py", line 1040, in forward
    output = self._run_ddp_forward(*inputs, **kwargs)
  File "/homes/fgaragnani/.conda/envs/dna/lib/python3.8/site-packages/torch/nn/parallel/distributed.py", line 1000, in _run_ddp_forward
    return module_to_run(*inputs[0], **kwargs[0])
  File "/homes/fgaragnani/.conda/envs/dna/lib/python3.8/site-packages/torch/nn/modules/module.py", line 1194, in _call_impl
    return forward_call(*input, **kwargs)
  File "/homes/fgaragnani/ai4bio/graph_enc/src/model/model.py", line 744, in forward
    outputs = self.bert(
  File "/homes/fgaragnani/.conda/envs/dna/lib/python3.8/site-packages/torch/nn/modules/module.py", line 1194, in _call_impl
    return forward_call(*input, **kwargs)
  File "/homes/fgaragnani/ai4bio/graph_enc/src/model/model.py", line 609, in forward
    encoder_outputs = self.encoder(
  File "/homes/fgaragnani/.conda/envs/dna/lib/python3.8/site-packages/torch/nn/modules/module.py", line 1194, in _call_impl
    return forward_call(*input, **kwargs)
  File "/homes/fgaragnani/ai4bio/graph_enc/src/model/model.py", line 476, in forward
    hidden_states = self.layer[-1](hidden_states,
  File "/homes/fgaragnani/.conda/envs/dna/lib/python3.8/site-packages/torch/nn/modules/module.py", line 1194, in _call_impl
    return forward_call(*input, **kwargs)
  File "/homes/fgaragnani/ai4bio/graph_enc/src/model/model.py", line 328, in forward
    attention_output = self.attention(hidden_states, cu_seqlens, seqlen,
  File "/homes/fgaragnani/.conda/envs/dna/lib/python3.8/site-packages/torch/nn/modules/module.py", line 1194, in _call_impl
    return forward_call(*input, **kwargs)
  File "/homes/fgaragnani/ai4bio/graph_enc/src/model/model.py", line 241, in forward
    self_output = self.self(input_tensor, cu_seqlens, max_s, indices,
  File "/homes/fgaragnani/.conda/envs/dna/lib/python3.8/site-packages/torch/nn/modules/module.py", line 1194, in _call_impl
    return forward_call(*input, **kwargs)
  File "/homes/fgaragnani/ai4bio/graph_enc/src/model/model.py", line 170, in forward
    attention_probs = self.dropout(attention_probs)
  File "/homes/fgaragnani/.conda/envs/dna/lib/python3.8/site-packages/torch/nn/modules/module.py", line 1194, in _call_impl
    return forward_call(*input, **kwargs)
  File "/homes/fgaragnani/.conda/envs/dna/lib/python3.8/site-packages/torch/nn/modules/dropout.py", line 59, in forward
    return F.dropout(input, self.p, self.training, self.inplace)
  File "/homes/fgaragnani/.conda/envs/dna/lib/python3.8/site-packages/torch/nn/functional.py", line 1252, in dropout
    return _VF.dropout_(input, p, training) if inplace else _VF.dropout(input, p, training)
torch.cuda.OutOfMemoryError: CUDA out of memory. Tried to allocate 384.00 MiB (GPU 1; 15.74 GiB total capacity; 14.85 GiB already allocated; 283.50 MiB free; 15.21 GiB reserved in total by PyTorch) If reserved memory is >> allocated memory try setting max_split_size_mb to avoid fragmentation.  See documentation for Memory Management and PYTORCH_CUDA_ALLOC_CONF
WARNING:torch.distributed.elastic.multiprocessing.api:Sending process 2359262 closing signal SIGTERM
WARNING:torch.distributed.elastic.multiprocessing.api:Sending process 2359264 closing signal SIGTERM
WARNING:torch.distributed.elastic.multiprocessing.api:Sending process 2359265 closing signal SIGTERM
ERROR:torch.distributed.elastic.multiprocessing.api:failed (exitcode: 1) local_rank: 1 (pid: 2359263) of binary: /homes/fgaragnani/.conda/envs/dna/bin/python3
Traceback (most recent call last):
  File "/homes/fgaragnani/.conda/envs/dna/bin/torchrun", line 8, in <module>
    sys.exit(main())
  File "/homes/fgaragnani/.conda/envs/dna/lib/python3.8/site-packages/torch/distributed/elastic/multiprocessing/errors/__init__.py", line 346, in wrapper
    return f(*args, **kwargs)
  File "/homes/fgaragnani/.conda/envs/dna/lib/python3.8/site-packages/torch/distributed/run.py", line 762, in main
    run(args)
  File "/homes/fgaragnani/.conda/envs/dna/lib/python3.8/site-packages/torch/distributed/run.py", line 753, in run
    elastic_launch(
  File "/homes/fgaragnani/.conda/envs/dna/lib/python3.8/site-packages/torch/distributed/launcher/api.py", line 132, in __call__
    return launch_agent(self._config, self._entrypoint, list(args))
  File "/homes/fgaragnani/.conda/envs/dna/lib/python3.8/site-packages/torch/distributed/launcher/api.py", line 246, in launch_agent
    raise ChildFailedError(
torch.distributed.elastic.multiprocessing.errors.ChildFailedError: 
============================================================
src/train/train.py FAILED
------------------------------------------------------------
Failures:
  <NO_OTHER_FAILURES>
------------------------------------------------------------
Root Cause (first observed failure):
[0]:
  time      : 2026-03-13_17:40:51
  host      : rezzonico.ing.unimo.it
  rank      : 1 (local_rank: 1)
  exitcode  : 1 (pid: 2359263)
  error_file: <N/A>
  traceback : To enable traceback see: https://pytorch.org/docs/stable/elastic/errors.html
============================================================
