ERROR: Unable to locate a modulefile for 'anaconda3/2022.05'
ERROR: Unable to locate a modulefile for 'profile/deeplrn'
Loading cuda/11.8.0-none-none
  ERROR: Conflicting cuda is loaded
03/13/2026 17:05:20 - WARNING - graph_enc.src.model.run_mlm - Process rank: 1, device: cuda:1, n_gpu: 1distributed training: True, 16-bits training: False
03/13/2026 17:05:20 - WARNING - graph_enc.src.model.run_mlm - Process rank: 0, device: cuda:0, n_gpu: 1distributed training: True, 16-bits training: False
03/13/2026 17:05:20 - INFO - graph_enc.src.model.run_mlm - Training/evaluation parameters TrainingArguments(
_n_gpu=1,
adafactor=False,
adam_beta1=0.9,
adam_beta2=0.98,
adam_epsilon=1e-06,
auto_find_batch_size=False,
bf16=False,
bf16_full_eval=False,
data_seed=None,
dataloader_drop_last=False,
dataloader_num_workers=0,
dataloader_pin_memory=True,
ddp_backend=None,
ddp_bucket_cap_mb=None,
ddp_find_unused_parameters=False,
ddp_timeout=1800,
debug=[],
deepspeed=None,
disable_tqdm=False,
do_eval=True,
do_predict=False,
do_train=True,
eval_accumulation_steps=None,
eval_delay=0,
eval_steps=None,
evaluation_strategy=epoch,
fp16=False,
fp16_backend=auto,
fp16_full_eval=False,
fp16_opt_level=O1,
fsdp=[],
fsdp_config={'fsdp_min_num_params': 0, 'xla': False, 'xla_fsdp_grad_ckpt': False},
fsdp_min_num_params=0,
fsdp_transformer_layer_cls_to_wrap=None,
full_determinism=False,
gradient_accumulation_steps=1,
gradient_checkpointing=False,
greater_is_better=None,
group_by_length=False,
half_precision_backend=auto,
hub_model_id=None,
hub_private_repo=False,
hub_strategy=every_save,
hub_token=<HUB_TOKEN>,
ignore_data_skip=False,
include_inputs_for_metrics=False,
jit_mode_eval=False,
label_names=None,
label_smoothing_factor=0.0,
learning_rate=0.0005,
length_column_name=length,
load_best_model_at_end=False,
local_rank=0,
log_level=passive,
log_level_replica=warning,
log_on_each_node=True,
logging_dir=/work/tesi_fgaragnani/checkpoints/ai4bio/dnabert2_cs/runs/Mar13_17-05-20_rezzonico,
logging_first_step=True,
logging_nan_inf_filter=True,
logging_steps=10,
logging_strategy=steps,
lr_scheduler_type=linear,
max_grad_norm=1.0,
max_steps=40000,
metric_for_best_model=None,
mp_parameters=,
no_cuda=False,
num_train_epochs=3.0,
optim=adamw_hf,
optim_args=None,
output_dir=/work/tesi_fgaragnani/checkpoints/ai4bio/dnabert2_cs,
overwrite_output_dir=True,
past_index=-1,
per_device_eval_batch_size=16,
per_device_train_batch_size=16,
prediction_loss_only=False,
push_to_hub=False,
push_to_hub_model_id=None,
push_to_hub_organization=None,
push_to_hub_token=<PUSH_TO_HUB_TOKEN>,
ray_scope=last,
remove_unused_columns=True,
report_to=[],
resume_from_checkpoint=None,
run_name=/work/tesi_fgaragnani/checkpoints/ai4bio/dnabert2_cs,
save_on_each_node=False,
save_safetensors=False,
save_steps=20000,
save_strategy=steps,
save_total_limit=None,
seed=42,
sharded_ddp=[],
skip_memory_metrics=True,
tf32=None,
torch_compile=False,
torch_compile_backend=None,
torch_compile_mode=None,
torchdynamo=None,
tpu_metrics_debug=False,
tpu_num_cores=None,
use_ipex=False,
use_legacy_prediction_loop=False,
use_mps_device=False,
warmup_ratio=0.0,
warmup_steps=1200,
weight_decay=1e-05,
xpu_backend=None,
)
03/13/2026 17:06:32 - INFO - graph_enc.src.model.run_mlm - Vocabulary size: 4096
03/13/2026 17:06:32 - INFO - graph_enc.src.model.run_mlm - Training new model from scratch
[Info] Computed num_train_epochs=1 (steps_per_epoch=531920, effective_batch_size=32, world_size=2)
[Info] Computed num_train_epochs=1 (steps_per_epoch=531920, effective_batch_size=32, world_size=2)
[DataCollatorForCDSMaskedLM] Tokenized sequence lengths: [512, 512, 512, 512, 512, 512, 512, 512, 512, 512, 512, 512, 512, 512, 512, 512]
[BatchStats] sample=0 masked_tokens_pct=6.41 unique_token_ids=67
[BatchStats] sample=1 masked_tokens_pct=11.86 unique_token_ids=89
[BatchStats] sample=2 masked_tokens_pct=6.49 unique_token_ids=74
[BatchStats] sample=3 masked_tokens_pct=9.29 unique_token_ids=114
[BatchStats] sample=4 masked_tokens_pct=4.76 unique_token_ids=91
[BatchStats] sample=5 masked_tokens_pct=8.53 unique_token_ids=147
[BatchStats] sample=6 masked_tokens_pct=8.47 unique_token_ids=53
[BatchStats] sample=7 masked_tokens_pct=15.19 unique_token_ids=225
[BatchStats] sample=8 masked_tokens_pct=8.79 unique_token_ids=82
[BatchStats] sample=9 masked_tokens_pct=6.84 unique_token_ids=354
[BatchStats] sample=10 masked_tokens_pct=4.76 unique_token_ids=60
[BatchStats] sample=11 masked_tokens_pct=9.00 unique_token_ids=156
[BatchStats] sample=12 masked_tokens_pct=10.85 unique_token_ids=102
[BatchStats] sample=13 masked_tokens_pct=4.40 unique_token_ids=81
[BatchStats] sample=14 masked_tokens_pct=8.43 unique_token_ids=74
[BatchStats] sample=15 masked_tokens_pct=9.80 unique_token_ids=47
[DataCollatorForCDSMaskedLM] Tokenized sequence lengths: [495, 495, 495, 495, 495, 495, 495, 495, 495, 495, 495, 495, 495, 495, 495, 495]
[BatchStats] sample=0 masked_tokens_pct=6.67 unique_token_ids=68
[BatchStats] sample=1 masked_tokens_pct=5.06 unique_token_ids=69
[BatchStats] sample=2 masked_tokens_pct=5.88 unique_token_ids=108
[BatchStats] sample=3 masked_tokens_pct=1.12 unique_token_ids=87
[BatchStats] sample=4 masked_tokens_pct=7.35 unique_token_ids=61
[BatchStats] sample=5 masked_tokens_pct=4.20 unique_token_ids=107
[BatchStats] sample=6 masked_tokens_pct=11.11 unique_token_ids=55
[BatchStats] sample=7 masked_tokens_pct=10.70 unique_token_ids=220
[BatchStats] sample=8 masked_tokens_pct=14.75 unique_token_ids=306
[BatchStats] sample=9 masked_tokens_pct=8.11 unique_token_ids=34
[BatchStats] sample=10 masked_tokens_pct=13.92 unique_token_ids=67
[BatchStats] sample=11 masked_tokens_pct=7.41 unique_token_ids=94
[BatchStats] sample=12 masked_tokens_pct=12.33 unique_token_ids=64
[BatchStats] sample=13 masked_tokens_pct=10.87 unique_token_ids=40
[BatchStats] sample=14 masked_tokens_pct=10.10 unique_token_ids=140
[BatchStats] sample=15 masked_tokens_pct=2.53 unique_token_ids=74
{'loss': 8.4392, 'learning_rate': 4.166666666666667e-07, 'epoch': 0.0}
[DataCollatorForCDSMaskedLM] Tokenized sequence lengths: [512, 512, 512, 512, 512, 512, 512, 512, 512, 512, 512, 512, 512, 512, 512, 512]
[BatchStats] sample=0 masked_tokens_pct=7.08 unique_token_ids=100
[BatchStats] sample=1 masked_tokens_pct=7.41 unique_token_ids=26
[BatchStats] sample=2 masked_tokens_pct=6.67 unique_token_ids=41
[BatchStats] sample=3 masked_tokens_pct=4.17 unique_token_ids=104
[BatchStats] sample=4 masked_tokens_pct=7.69 unique_token_ids=24
[BatchStats] sample=5 masked_tokens_pct=13.48 unique_token_ids=311
[BatchStats] sample=6 masked_tokens_pct=0.00 unique_token_ids=39
[BatchStats] sample=7 masked_tokens_pct=8.33 unique_token_ids=42
[BatchStats] sample=8 masked_tokens_pct=8.33 unique_token_ids=46
[BatchStats] sample=9 masked_tokens_pct=9.38 unique_token_ids=55
[BatchStats] sample=10 masked_tokens_pct=1.41 unique_token_ids=65
[BatchStats] sample=11 masked_tokens_pct=7.14 unique_token_ids=49
[BatchStats] sample=12 masked_tokens_pct=11.76 unique_token_ids=39
[BatchStats] sample=13 masked_tokens_pct=7.79 unique_token_ids=69
[BatchStats] sample=14 masked_tokens_pct=3.96 unique_token_ids=89
[BatchStats] sample=15 masked_tokens_pct=15.53 unique_token_ids=223
[DataCollatorForCDSMaskedLM] Tokenized sequence lengths: [512, 512, 512, 512, 512, 512, 512, 512, 512, 512, 512, 512, 512, 512, 512, 512]
[BatchStats] sample=0 masked_tokens_pct=10.00 unique_token_ids=79
[BatchStats] sample=1 masked_tokens_pct=8.60 unique_token_ids=84
[BatchStats] sample=2 masked_tokens_pct=9.09 unique_token_ids=90
[BatchStats] sample=3 masked_tokens_pct=17.24 unique_token_ids=47
[BatchStats] sample=4 masked_tokens_pct=16.28 unique_token_ids=39
[BatchStats] sample=5 masked_tokens_pct=9.09 unique_token_ids=20
[BatchStats] sample=6 masked_tokens_pct=15.82 unique_token_ids=259
[BatchStats] sample=7 masked_tokens_pct=8.63 unique_token_ids=117
[BatchStats] sample=8 masked_tokens_pct=7.50 unique_token_ids=120
[BatchStats] sample=9 masked_tokens_pct=14.29 unique_token_ids=36
[BatchStats] sample=10 masked_tokens_pct=11.11 unique_token_ids=57
[BatchStats] sample=11 masked_tokens_pct=17.50 unique_token_ids=34
[BatchStats] sample=12 masked_tokens_pct=9.33 unique_token_ids=71
[BatchStats] sample=13 masked_tokens_pct=8.97 unique_token_ids=116
[BatchStats] sample=14 masked_tokens_pct=8.33 unique_token_ids=66
[BatchStats] sample=15 masked_tokens_pct=13.04 unique_token_ids=40
[DataCollatorForCDSMaskedLM] Tokenized sequence lengths: [512, 512, 512, 512, 512, 512, 512, 512, 512, 512, 512, 512, 512, 512, 512, 512]
[BatchStats] sample=0 masked_tokens_pct=7.04 unique_token_ids=65
[BatchStats] sample=1 masked_tokens_pct=13.16 unique_token_ids=36
[BatchStats] sample=2 masked_tokens_pct=6.25 unique_token_ids=97
[BatchStats] sample=3 masked_tokens_pct=9.09 unique_token_ids=85
[BatchStats] sample=4 masked_tokens_pct=15.80 unique_token_ids=187
[BatchStats] sample=5 masked_tokens_pct=8.42 unique_token_ids=207
[BatchStats] sample=6 masked_tokens_pct=5.56 unique_token_ids=34
[BatchStats] sample=7 masked_tokens_pct=11.59 unique_token_ids=60
[BatchStats] sample=8 masked_tokens_pct=3.75 unique_token_ids=72
[BatchStats] sample=9 masked_tokens_pct=6.25 unique_token_ids=58
[BatchStats] sample=10 masked_tokens_pct=7.02 unique_token_ids=93
[BatchStats] sample=11 masked_tokens_pct=5.80 unique_token_ids=62
[BatchStats] sample=12 masked_tokens_pct=4.55 unique_token_ids=75
[BatchStats] sample=13 masked_tokens_pct=10.94 unique_token_ids=346
[BatchStats] sample=14 masked_tokens_pct=6.21 unique_token_ids=127
[BatchStats] sample=15 masked_tokens_pct=10.00 unique_token_ids=69
[DataCollatorForCDSMaskedLM] Tokenized sequence lengths: [512, 512, 512, 512, 512, 512, 512, 512, 512, 512, 512, 512, 512, 512, 512, 512]
[BatchStats] sample=0 masked_tokens_pct=5.15 unique_token_ids=116
[BatchStats] sample=1 masked_tokens_pct=7.99 unique_token_ids=221
[BatchStats] sample=2 masked_tokens_pct=4.41 unique_token_ids=62
[BatchStats] sample=3 masked_tokens_pct=0.00 unique_token_ids=59
[BatchStats] sample=4 masked_tokens_pct=11.11 unique_token_ids=54
[BatchStats] sample=5 masked_tokens_pct=11.18 unique_token_ids=122
[BatchStats] sample=6 masked_tokens_pct=3.70 unique_token_ids=27
[BatchStats] sample=7 masked_tokens_pct=1.95 unique_token_ids=364
[BatchStats] sample=8 masked_tokens_pct=5.00 unique_token_ids=115
[BatchStats] sample=9 masked_tokens_pct=6.32 unique_token_ids=144
[BatchStats] sample=10 masked_tokens_pct=2.93 unique_token_ids=333
[BatchStats] sample=11 masked_tokens_pct=8.33 unique_token_ids=52
[BatchStats] sample=12 masked_tokens_pct=5.95 unique_token_ids=77
[BatchStats] sample=13 masked_tokens_pct=7.61 unique_token_ids=76
[BatchStats] sample=14 masked_tokens_pct=13.39 unique_token_ids=91
[BatchStats] sample=15 masked_tokens_pct=11.21 unique_token_ids=79
[DataCollatorForCDSMaskedLM] Tokenized sequence lengths: [425, 425, 425, 425, 425, 425, 425, 425, 425, 425, 425, 425, 425, 425, 425, 425]
[BatchStats] sample=0 masked_tokens_pct=9.64 unique_token_ids=64
[BatchStats] sample=1 masked_tokens_pct=12.61 unique_token_ids=84
[BatchStats] sample=2 masked_tokens_pct=11.11 unique_token_ids=55
[BatchStats] sample=3 masked_tokens_pct=10.42 unique_token_ids=122
[BatchStats] sample=4 masked_tokens_pct=6.09 unique_token_ids=98
[BatchStats] sample=5 masked_tokens_pct=10.59 unique_token_ids=280
[BatchStats] sample=6 masked_tokens_pct=7.38 unique_token_ids=103
[BatchStats] sample=7 masked_tokens_pct=14.63 unique_token_ids=38
[BatchStats] sample=8 masked_tokens_pct=9.17 unique_token_ids=97
[BatchStats] sample=9 masked_tokens_pct=12.38 unique_token_ids=86
[BatchStats] sample=10 masked_tokens_pct=14.35 unique_token_ids=180
[BatchStats] sample=11 masked_tokens_pct=7.69 unique_token_ids=56
[BatchStats] sample=12 masked_tokens_pct=10.13 unique_token_ids=67
[BatchStats] sample=13 masked_tokens_pct=7.55 unique_token_ids=50
[BatchStats] sample=14 masked_tokens_pct=5.00 unique_token_ids=72
[BatchStats] sample=15 masked_tokens_pct=6.86 unique_token_ids=85
[DataCollatorForCDSMaskedLM] Tokenized sequence lengths: [512, 512, 512, 512, 512, 512, 512, 512, 512, 512, 512, 512, 512, 512, 512, 512]
[BatchStats] sample=0 masked_tokens_pct=5.22 unique_token_ids=98
[BatchStats] sample=1 masked_tokens_pct=18.52 unique_token_ids=46
[BatchStats] sample=2 masked_tokens_pct=4.23 unique_token_ids=64
[BatchStats] sample=3 masked_tokens_pct=13.87 unique_token_ids=325
[BatchStats] sample=4 masked_tokens_pct=7.97 unique_token_ids=92
[BatchStats] sample=5 masked_tokens_pct=8.82 unique_token_ids=61
[BatchStats] sample=6 masked_tokens_pct=7.27 unique_token_ids=47
[BatchStats] sample=7 masked_tokens_pct=4.32 unique_token_ids=115
[BatchStats] sample=8 masked_tokens_pct=8.33 unique_token_ids=181
[BatchStats] sample=9 masked_tokens_pct=14.26 unique_token_ids=327
[BatchStats] sample=10 masked_tokens_pct=4.90 unique_token_ids=92
[BatchStats] sample=11 masked_tokens_pct=12.96 unique_token_ids=166
[BatchStats] sample=12 masked_tokens_pct=12.38 unique_token_ids=86
[BatchStats] sample=13 masked_tokens_pct=9.96 unique_token_ids=350
[BatchStats] sample=14 masked_tokens_pct=9.68 unique_token_ids=29
[BatchStats] sample=15 masked_tokens_pct=9.89 unique_token_ids=74
[DataCollatorForCDSMaskedLM] Tokenized sequence lengths: [512, 512, 512, 512, 512, 512, 512, 512, 512, 512, 512, 512, 512, 512, 512, 512]
[BatchStats] sample=0 masked_tokens_pct=8.76 unique_token_ids=112
[BatchStats] sample=1 masked_tokens_pct=8.63 unique_token_ids=260
[BatchStats] sample=2 masked_tokens_pct=16.19 unique_token_ids=278
[BatchStats] sample=3 masked_tokens_pct=6.67 unique_token_ids=65
[BatchStats] sample=4 masked_tokens_pct=0.00 unique_token_ids=29
[BatchStats] sample=5 masked_tokens_pct=8.77 unique_token_ids=52
[BatchStats] sample=6 masked_tokens_pct=4.76 unique_token_ids=79
[BatchStats] sample=7 masked_tokens_pct=14.26 unique_token_ids=238
[BatchStats] sample=8 masked_tokens_pct=7.02 unique_token_ids=101
[BatchStats] sample=9 masked_tokens_pct=2.13 unique_token_ids=43
[BatchStats] sample=10 masked_tokens_pct=9.09 unique_token_ids=69
[BatchStats] sample=11 masked_tokens_pct=21.15 unique_token_ids=172
[BatchStats] sample=12 masked_tokens_pct=7.66 unique_token_ids=174
[BatchStats] sample=13 masked_tokens_pct=9.17 unique_token_ids=96
[BatchStats] sample=14 masked_tokens_pct=4.11 unique_token_ids=67
[BatchStats] sample=15 masked_tokens_pct=7.41 unique_token_ids=52
[DataCollatorForCDSMaskedLM] Tokenized sequence lengths: [512, 512, 512, 512, 512, 512, 512, 512, 512, 512, 512, 512, 512, 512, 512, 512]
[BatchStats] sample=0 masked_tokens_pct=7.41 unique_token_ids=50
[BatchStats] sample=1 masked_tokens_pct=7.79 unique_token_ids=69
[BatchStats] sample=2 masked_tokens_pct=5.71 unique_token_ids=63
[BatchStats] sample=3 masked_tokens_pct=9.52 unique_token_ids=58
[BatchStats] sample=4 masked_tokens_pct=7.46 unique_token_ids=62
[BatchStats] sample=5 masked_tokens_pct=11.11 unique_token_ids=100
[BatchStats] sample=6 masked_tokens_pct=4.41 unique_token_ids=58
[BatchStats] sample=7 masked_tokens_pct=11.13 unique_token_ids=322
[BatchStats] sample=8 masked_tokens_pct=13.85 unique_token_ids=58
[BatchStats] sample=9 masked_tokens_pct=5.19 unique_token_ids=115
[BatchStats] sample=10 masked_tokens_pct=7.52 unique_token_ids=169
[BatchStats] sample=11 masked_tokens_pct=11.94 unique_token_ids=57
[BatchStats] sample=12 masked_tokens_pct=7.23 unique_token_ids=76
[BatchStats] sample=13 masked_tokens_pct=12.30 unique_token_ids=296
[BatchStats] sample=14 masked_tokens_pct=13.85 unique_token_ids=51
[BatchStats] sample=15 masked_tokens_pct=7.45 unique_token_ids=85
[DataCollatorForCDSMaskedLM] Tokenized sequence lengths: [512, 512, 512, 512, 512, 512, 512, 512, 512, 512, 512, 512, 512, 512, 512, 512]
[DataCollatorForCDSMaskedLM] Tokenized sequence lengths: [512, 512, 512, 512, 512, 512, 512, 512, 512, 512, 512, 512, 512, 512, 512, 512]
[DataCollatorForCDSMaskedLM] Tokenized sequence lengths: [512, 512, 512, 512, 512, 512, 512, 512, 512, 512, 512, 512, 512, 512, 512, 512]
[DataCollatorForCDSMaskedLM] Tokenized sequence lengths: [512, 512, 512, 512, 512, 512, 512, 512, 512, 512, 512, 512, 512, 512, 512, 512]
[DataCollatorForCDSMaskedLM] Tokenized sequence lengths: [512, 512, 512, 512, 512, 512, 512, 512, 512, 512, 512, 512, 512, 512, 512, 512]
[DataCollatorForCDSMaskedLM] Tokenized sequence lengths: [512, 512, 512, 512, 512, 512, 512, 512, 512, 512, 512, 512, 512, 512, 512, 512]
[DataCollatorForCDSMaskedLM] Tokenized sequence lengths: [417, 417, 417, 417, 417, 417, 417, 417, 417, 417, 417, 417, 417, 417, 417, 417]
[DataCollatorForCDSMaskedLM] Tokenized sequence lengths: [512, 512, 512, 512, 512, 512, 512, 512, 512, 512, 512, 512, 512, 512, 512, 512]
[DataCollatorForCDSMaskedLM] Tokenized sequence lengths: [512, 512, 512, 512, 512, 512, 512, 512, 512, 512, 512, 512, 512, 512, 512, 512]
[DataCollatorForCDSMaskedLM] Tokenized sequence lengths: [487, 487, 487, 487, 487, 487, 487, 487, 487, 487, 487, 487, 487, 487, 487, 487]
{'loss': 8.4219, 'learning_rate': 4.166666666666667e-06, 'epoch': 0.0}
[DataCollatorForCDSMaskedLM] Tokenized sequence lengths: [357, 357, 357, 357, 357, 357, 357, 357, 357, 357, 357, 357, 357, 357, 357, 357]
[DataCollatorForCDSMaskedLM] Tokenized sequence lengths: [512, 512, 512, 512, 512, 512, 512, 512, 512, 512, 512, 512, 512, 512, 512, 512]
[DataCollatorForCDSMaskedLM] Tokenized sequence lengths: [417, 417, 417, 417, 417, 417, 417, 417, 417, 417, 417, 417, 417, 417, 417, 417]
[DataCollatorForCDSMaskedLM] Tokenized sequence lengths: [512, 512, 512, 512, 512, 512, 512, 512, 512, 512, 512, 512, 512, 512, 512, 512]
[DataCollatorForCDSMaskedLM] Tokenized sequence lengths: [383, 383, 383, 383, 383, 383, 383, 383, 383, 383, 383, 383, 383, 383, 383, 383]
[DataCollatorForCDSMaskedLM] Tokenized sequence lengths: [512, 512, 512, 512, 512, 512, 512, 512, 512, 512, 512, 512, 512, 512, 512, 512]
[DataCollatorForCDSMaskedLM] Tokenized sequence lengths: [312, 312, 312, 312, 312, 312, 312, 312, 312, 312, 312, 312, 312, 312, 312, 312]
[DataCollatorForCDSMaskedLM] Tokenized sequence lengths: [512, 512, 512, 512, 512, 512, 512, 512, 512, 512, 512, 512, 512, 512, 512, 512]
[DataCollatorForCDSMaskedLM] Tokenized sequence lengths: [512, 512, 512, 512, 512, 512, 512, 512, 512, 512, 512, 512, 512, 512, 512, 512]
[DataCollatorForCDSMaskedLM] Tokenized sequence lengths: [416, 416, 416, 416, 416, 416, 416, 416, 416, 416, 416, 416, 416, 416, 416, 416]
[DataCollatorForCDSMaskedLM] Tokenized sequence lengths: [473, 473, 473, 473, 473, 473, 473, 473, 473, 473, 473, 473, 473, 473, 473, 473]
[DataCollatorForCDSMaskedLM] Tokenized sequence lengths: [512, 512, 512, 512, 512, 512, 512, 512, 512, 512, 512, 512, 512, 512, 512, 512]
[DataCollatorForCDSMaskedLM] Tokenized sequence lengths: [512, 512, 512, 512, 512, 512, 512, 512, 512, 512, 512, 512, 512, 512, 512, 512]
[DataCollatorForCDSMaskedLM] Tokenized sequence lengths: [512, 512, 512, 512, 512, 512, 512, 512, 512, 512, 512, 512, 512, 512, 512, 512]
[DataCollatorForCDSMaskedLM] Tokenized sequence lengths: [512, 512, 512, 512, 512, 512, 512, 512, 512, 512, 512, 512, 512, 512, 512, 512]
[DataCollatorForCDSMaskedLM] Tokenized sequence lengths: [512, 512, 512, 512, 512, 512, 512, 512, 512, 512, 512, 512, 512, 512, 512, 512]
[DataCollatorForCDSMaskedLM] Tokenized sequence lengths: [512, 512, 512, 512, 512, 512, 512, 512, 512, 512, 512, 512, 512, 512, 512, 512]
[DataCollatorForCDSMaskedLM] Tokenized sequence lengths: [459, 459, 459, 459, 459, 459, 459, 459, 459, 459, 459, 459, 459, 459, 459, 459]
[DataCollatorForCDSMaskedLM] Tokenized sequence lengths: [512, 512, 512, 512, 512, 512, 512, 512, 512, 512, 512, 512, 512, 512, 512, 512]
[DataCollatorForCDSMaskedLM] Tokenized sequence lengths: [512, 512, 512, 512, 512, 512, 512, 512, 512, 512, 512, 512, 512, 512, 512, 512]
{'loss': 8.2486, 'learning_rate': 8.333333333333334e-06, 'epoch': 0.0}
[DataCollatorForCDSMaskedLM] Tokenized sequence lengths: [493, 493, 493, 493, 493, 493, 493, 493, 493, 493, 493, 493, 493, 493, 493, 493]
[DataCollatorForCDSMaskedLM] Tokenized sequence lengths: [512, 512, 512, 512, 512, 512, 512, 512, 512, 512, 512, 512, 512, 512, 512, 512]
[DataCollatorForCDSMaskedLM] Tokenized sequence lengths: [512, 512, 512, 512, 512, 512, 512, 512, 512, 512, 512, 512, 512, 512, 512, 512]
[DataCollatorForCDSMaskedLM] Tokenized sequence lengths: [512, 512, 512, 512, 512, 512, 512, 512, 512, 512, 512, 512, 512, 512, 512, 512]
[DataCollatorForCDSMaskedLM] Tokenized sequence lengths: [477, 477, 477, 477, 477, 477, 477, 477, 477, 477, 477, 477, 477, 477, 477, 477]
[DataCollatorForCDSMaskedLM] Tokenized sequence lengths: [512, 512, 512, 512, 512, 512, 512, 512, 512, 512, 512, 512, 512, 512, 512, 512]
[DataCollatorForCDSMaskedLM] Tokenized sequence lengths: [103, 103, 103, 103, 103, 103, 103, 103, 103, 103, 103, 103, 103, 103, 103, 103]
[DataCollatorForCDSMaskedLM] Tokenized sequence lengths: [512, 512, 512, 512, 512, 512, 512, 512, 512, 512, 512, 512, 512, 512, 512, 512]
[DataCollatorForCDSMaskedLM] Tokenized sequence lengths: [512, 512, 512, 512, 512, 512, 512, 512, 512, 512, 512, 512, 512, 512, 512, 512]
[DataCollatorForCDSMaskedLM] Tokenized sequence lengths: [512, 512, 512, 512, 512, 512, 512, 512, 512, 512, 512, 512, 512, 512, 512, 512]
[DataCollatorForCDSMaskedLM] Tokenized sequence lengths: [512, 512, 512, 512, 512, 512, 512, 512, 512, 512, 512, 512, 512, 512, 512, 512]
[DataCollatorForCDSMaskedLM] Tokenized sequence lengths: [512, 512, 512, 512, 512, 512, 512, 512, 512, 512, 512, 512, 512, 512, 512, 512]
[DataCollatorForCDSMaskedLM] Tokenized sequence lengths: [512, 512, 512, 512, 512, 512, 512, 512, 512, 512, 512, 512, 512, 512, 512, 512]
[DataCollatorForCDSMaskedLM] Tokenized sequence lengths: [512, 512, 512, 512, 512, 512, 512, 512, 512, 512, 512, 512, 512, 512, 512, 512]
[DataCollatorForCDSMaskedLM] Tokenized sequence lengths: [451, 451, 451, 451, 451, 451, 451, 451, 451, 451, 451, 451, 451, 451, 451, 451]
[DataCollatorForCDSMaskedLM] Tokenized sequence lengths: [443, 443, 443, 443, 443, 443, 443, 443, 443, 443, 443, 443, 443, 443, 443, 443]
[DataCollatorForCDSMaskedLM] Tokenized sequence lengths: [512, 512, 512, 512, 512, 512, 512, 512, 512, 512, 512, 512, 512, 512, 512, 512]
[DataCollatorForCDSMaskedLM] Tokenized sequence lengths: [512, 512, 512, 512, 512, 512, 512, 512, 512, 512, 512, 512, 512, 512, 512, 512]
[DataCollatorForCDSMaskedLM] Tokenized sequence lengths: [512, 512, 512, 512, 512, 512, 512, 512, 512, 512, 512, 512, 512, 512, 512, 512]
[DataCollatorForCDSMaskedLM] Tokenized sequence lengths: [512, 512, 512, 512, 512, 512, 512, 512, 512, 512, 512, 512, 512, 512, 512, 512]
{'loss': 8.0845, 'learning_rate': 1.25e-05, 'epoch': 0.0}
[DataCollatorForCDSMaskedLM] Tokenized sequence lengths: [512, 512, 512, 512, 512, 512, 512, 512, 512, 512, 512, 512, 512, 512, 512, 512]
[DataCollatorForCDSMaskedLM] Tokenized sequence lengths: [512, 512, 512, 512, 512, 512, 512, 512, 512, 512, 512, 512, 512, 512, 512, 512]
[DataCollatorForCDSMaskedLM] Tokenized sequence lengths: [259, 259, 259, 259, 259, 259, 259, 259, 259, 259, 259, 259, 259, 259, 259, 259]
[DataCollatorForCDSMaskedLM] Tokenized sequence lengths: [512, 512, 512, 512, 512, 512, 512, 512, 512, 512, 512, 512, 512, 512, 512, 512]
[DataCollatorForCDSMaskedLM] Tokenized sequence lengths: [287, 287, 287, 287, 287, 287, 287, 287, 287, 287, 287, 287, 287, 287, 287, 287]
[DataCollatorForCDSMaskedLM] Tokenized sequence lengths: [408, 408, 408, 408, 408, 408, 408, 408, 408, 408, 408, 408, 408, 408, 408, 408]
[DataCollatorForCDSMaskedLM] Tokenized sequence lengths: [512, 512, 512, 512, 512, 512, 512, 512, 512, 512, 512, 512, 512, 512, 512, 512]
[DataCollatorForCDSMaskedLM] Tokenized sequence lengths: [512, 512, 512, 512, 512, 512, 512, 512, 512, 512, 512, 512, 512, 512, 512, 512]
[DataCollatorForCDSMaskedLM] Tokenized sequence lengths: [512, 512, 512, 512, 512, 512, 512, 512, 512, 512, 512, 512, 512, 512, 512, 512]
[DataCollatorForCDSMaskedLM] Tokenized sequence lengths: [512, 512, 512, 512, 512, 512, 512, 512, 512, 512, 512, 512, 512, 512, 512, 512]
[DataCollatorForCDSMaskedLM] Tokenized sequence lengths: [322, 322, 322, 322, 322, 322, 322, 322, 322, 322, 322, 322, 322, 322, 322, 322]
[DataCollatorForCDSMaskedLM] Tokenized sequence lengths: [512, 512, 512, 512, 512, 512, 512, 512, 512, 512, 512, 512, 512, 512, 512, 512]
[DataCollatorForCDSMaskedLM] Tokenized sequence lengths: [512, 512, 512, 512, 512, 512, 512, 512, 512, 512, 512, 512, 512, 512, 512, 512]
[DataCollatorForCDSMaskedLM] Tokenized sequence lengths: [512, 512, 512, 512, 512, 512, 512, 512, 512, 512, 512, 512, 512, 512, 512, 512]
[DataCollatorForCDSMaskedLM] Tokenized sequence lengths: [354, 354, 354, 354, 354, 354, 354, 354, 354, 354, 354, 354, 354, 354, 354, 354]
[DataCollatorForCDSMaskedLM] Tokenized sequence lengths: [512, 512, 512, 512, 512, 512, 512, 512, 512, 512, 512, 512, 512, 512, 512, 512]
[DataCollatorForCDSMaskedLM] Tokenized sequence lengths: [512, 512, 512, 512, 512, 512, 512, 512, 512, 512, 512, 512, 512, 512, 512, 512]
[DataCollatorForCDSMaskedLM] Tokenized sequence lengths: [512, 512, 512, 512, 512, 512, 512, 512, 512, 512, 512, 512, 512, 512, 512, 512]
[DataCollatorForCDSMaskedLM] Tokenized sequence lengths: [512, 512, 512, 512, 512, 512, 512, 512, 512, 512, 512, 512, 512, 512, 512, 512]
[DataCollatorForCDSMaskedLM] Tokenized sequence lengths: [512, 512, 512, 512, 512, 512, 512, 512, 512, 512, 512, 512, 512, 512, 512, 512]
{'loss': 7.9762, 'learning_rate': 1.6666666666666667e-05, 'epoch': 0.0}
[DataCollatorForCDSMaskedLM] Tokenized sequence lengths: [512, 512, 512, 512, 512, 512, 512, 512, 512, 512, 512, 512, 512, 512, 512, 512]
[DataCollatorForCDSMaskedLM] Tokenized sequence lengths: [512, 512, 512, 512, 512, 512, 512, 512, 512, 512, 512, 512, 512, 512, 512, 512]
[DataCollatorForCDSMaskedLM] Tokenized sequence lengths: [512, 512, 512, 512, 512, 512, 512, 512, 512, 512, 512, 512, 512, 512, 512, 512]
[DataCollatorForCDSMaskedLM] Tokenized sequence lengths: [512, 512, 512, 512, 512, 512, 512, 512, 512, 512, 512, 512, 512, 512, 512, 512]
[DataCollatorForCDSMaskedLM] Tokenized sequence lengths: [512, 512, 512, 512, 512, 512, 512, 512, 512, 512, 512, 512, 512, 512, 512, 512]
[DataCollatorForCDSMaskedLM] Tokenized sequence lengths: [512, 512, 512, 512, 512, 512, 512, 512, 512, 512, 512, 512, 512, 512, 512, 512]
[DataCollatorForCDSMaskedLM] Tokenized sequence lengths: [371, 371, 371, 371, 371, 371, 371, 371, 371, 371, 371, 371, 371, 371, 371, 371]
[DataCollatorForCDSMaskedLM] Tokenized sequence lengths: [512, 512, 512, 512, 512, 512, 512, 512, 512, 512, 512, 512, 512, 512, 512, 512]
[DataCollatorForCDSMaskedLM] Tokenized sequence lengths: [495, 495, 495, 495, 495, 495, 495, 495, 495, 495, 495, 495, 495, 495, 495, 495]
[DataCollatorForCDSMaskedLM] Tokenized sequence lengths: [512, 512, 512, 512, 512, 512, 512, 512, 512, 512, 512, 512, 512, 512, 512, 512]
[DataCollatorForCDSMaskedLM] Tokenized sequence lengths: [512, 512, 512, 512, 512, 512, 512, 512, 512, 512, 512, 512, 512, 512, 512, 512]
[DataCollatorForCDSMaskedLM] Tokenized sequence lengths: [512, 512, 512, 512, 512, 512, 512, 512, 512, 512, 512, 512, 512, 512, 512, 512]
[DataCollatorForCDSMaskedLM] Tokenized sequence lengths: [512, 512, 512, 512, 512, 512, 512, 512, 512, 512, 512, 512, 512, 512, 512, 512]
[DataCollatorForCDSMaskedLM] Tokenized sequence lengths: [491, 491, 491, 491, 491, 491, 491, 491, 491, 491, 491, 491, 491, 491, 491, 491]
[DataCollatorForCDSMaskedLM] Tokenized sequence lengths: [427, 427, 427, 427, 427, 427, 427, 427, 427, 427, 427, 427, 427, 427, 427, 427]
[DataCollatorForCDSMaskedLM] Tokenized sequence lengths: [512, 512, 512, 512, 512, 512, 512, 512, 512, 512, 512, 512, 512, 512, 512, 512]
[DataCollatorForCDSMaskedLM] Tokenized sequence lengths: [512, 512, 512, 512, 512, 512, 512, 512, 512, 512, 512, 512, 512, 512, 512, 512]
[DataCollatorForCDSMaskedLM] Tokenized sequence lengths: [512, 512, 512, 512, 512, 512, 512, 512, 512, 512, 512, 512, 512, 512, 512, 512]
[DataCollatorForCDSMaskedLM] Tokenized sequence lengths: [512, 512, 512, 512, 512, 512, 512, 512, 512, 512, 512, 512, 512, 512, 512, 512]
[DataCollatorForCDSMaskedLM] Tokenized sequence lengths: [512, 512, 512, 512, 512, 512, 512, 512, 512, 512, 512, 512, 512, 512, 512, 512]
{'loss': 7.8519, 'learning_rate': 2.0833333333333333e-05, 'epoch': 0.0}
[DataCollatorForCDSMaskedLM] Tokenized sequence lengths: [512, 512, 512, 512, 512, 512, 512, 512, 512, 512, 512, 512, 512, 512, 512, 512]
[DataCollatorForCDSMaskedLM] Tokenized sequence lengths: [512, 512, 512, 512, 512, 512, 512, 512, 512, 512, 512, 512, 512, 512, 512, 512]
[DataCollatorForCDSMaskedLM] Tokenized sequence lengths: [401, 401, 401, 401, 401, 401, 401, 401, 401, 401, 401, 401, 401, 401, 401, 401]
[DataCollatorForCDSMaskedLM] Tokenized sequence lengths: [512, 512, 512, 512, 512, 512, 512, 512, 512, 512, 512, 512, 512, 512, 512, 512]
[DataCollatorForCDSMaskedLM] Tokenized sequence lengths: [512, 512, 512, 512, 512, 512, 512, 512, 512, 512, 512, 512, 512, 512, 512, 512]
[DataCollatorForCDSMaskedLM] Tokenized sequence lengths: [512, 512, 512, 512, 512, 512, 512, 512, 512, 512, 512, 512, 512, 512, 512, 512]
[DataCollatorForCDSMaskedLM] Tokenized sequence lengths: [512, 512, 512, 512, 512, 512, 512, 512, 512, 512, 512, 512, 512, 512, 512, 512]
[DataCollatorForCDSMaskedLM] Tokenized sequence lengths: [512, 512, 512, 512, 512, 512, 512, 512, 512, 512, 512, 512, 512, 512, 512, 512]
[DataCollatorForCDSMaskedLM] Tokenized sequence lengths: [512, 512, 512, 512, 512, 512, 512, 512, 512, 512, 512, 512, 512, 512, 512, 512]
[DataCollatorForCDSMaskedLM] Tokenized sequence lengths: [512, 512, 512, 512, 512, 512, 512, 512, 512, 512, 512, 512, 512, 512, 512, 512]
[DataCollatorForCDSMaskedLM] Tokenized sequence lengths: [501, 501, 501, 501, 501, 501, 501, 501, 501, 501, 501, 501, 501, 501, 501, 501]
[DataCollatorForCDSMaskedLM] Tokenized sequence lengths: [512, 512, 512, 512, 512, 512, 512, 512, 512, 512, 512, 512, 512, 512, 512, 512]
[DataCollatorForCDSMaskedLM] Tokenized sequence lengths: [512, 512, 512, 512, 512, 512, 512, 512, 512, 512, 512, 512, 512, 512, 512, 512]
[DataCollatorForCDSMaskedLM] Tokenized sequence lengths: [415, 415, 415, 415, 415, 415, 415, 415, 415, 415, 415, 415, 415, 415, 415, 415]
[DataCollatorForCDSMaskedLM] Tokenized sequence lengths: [512, 512, 512, 512, 512, 512, 512, 512, 512, 512, 512, 512, 512, 512, 512, 512]
[DataCollatorForCDSMaskedLM] Tokenized sequence lengths: [512, 512, 512, 512, 512, 512, 512, 512, 512, 512, 512, 512, 512, 512, 512, 512]
[DataCollatorForCDSMaskedLM] Tokenized sequence lengths: [512, 512, 512, 512, 512, 512, 512, 512, 512, 512, 512, 512, 512, 512, 512, 512]
[DataCollatorForCDSMaskedLM] Tokenized sequence lengths: [512, 512, 512, 512, 512, 512, 512, 512, 512, 512, 512, 512, 512, 512, 512, 512]
[DataCollatorForCDSMaskedLM] Tokenized sequence lengths: [372, 372, 372, 372, 372, 372, 372, 372, 372, 372, 372, 372, 372, 372, 372, 372]
[DataCollatorForCDSMaskedLM] Tokenized sequence lengths: [512, 512, 512, 512, 512, 512, 512, 512, 512, 512, 512, 512, 512, 512, 512, 512]
{'loss': 7.7225, 'learning_rate': 2.5e-05, 'epoch': 0.0}
[DataCollatorForCDSMaskedLM] Tokenized sequence lengths: [493, 493, 493, 493, 493, 493, 493, 493, 493, 493, 493, 493, 493, 493, 493, 493]
[DataCollatorForCDSMaskedLM] Tokenized sequence lengths: [512, 512, 512, 512, 512, 512, 512, 512, 512, 512, 512, 512, 512, 512, 512, 512]
[DataCollatorForCDSMaskedLM] Tokenized sequence lengths: [512, 512, 512, 512, 512, 512, 512, 512, 512, 512, 512, 512, 512, 512, 512, 512]
[DataCollatorForCDSMaskedLM] Tokenized sequence lengths: [512, 512, 512, 512, 512, 512, 512, 512, 512, 512, 512, 512, 512, 512, 512, 512]
