ERROR: Unable to locate a modulefile for 'anaconda3/2022.05'
ERROR: Unable to locate a modulefile for 'profile/deeplrn'
Loading cuda/11.8.0-none-none
  ERROR: Conflicting cuda is loaded
03/27/2026 14:16:55 - WARNING - graph_enc.src.model.run_mlm - Process rank: 3, device: cuda:3, n_gpu: 1distributed training: True, 16-bits training: False
03/27/2026 14:16:55 - WARNING - graph_enc.src.model.run_mlm - Process rank: 2, device: cuda:2, n_gpu: 1distributed training: True, 16-bits training: False
03/27/2026 14:16:55 - WARNING - graph_enc.src.model.run_mlm - Process rank: 0, device: cuda:0, n_gpu: 1distributed training: True, 16-bits training: False
03/27/2026 14:16:55 - INFO - graph_enc.src.model.run_mlm - Training/evaluation parameters TrainingArguments(
_n_gpu=1,
adafactor=False,
adam_beta1=0.9,
adam_beta2=0.98,
adam_epsilon=1e-06,
auto_find_batch_size=False,
bf16=False,
bf16_full_eval=False,
data_seed=None,
dataloader_drop_last=False,
dataloader_num_workers=0,
dataloader_pin_memory=True,
ddp_backend=None,
ddp_bucket_cap_mb=None,
ddp_find_unused_parameters=False,
ddp_timeout=1800,
debug=[],
deepspeed=None,
disable_tqdm=False,
do_eval=True,
do_predict=False,
do_train=True,
eval_accumulation_steps=None,
eval_delay=0,
eval_steps=None,
evaluation_strategy=epoch,
fp16=False,
fp16_backend=auto,
fp16_full_eval=False,
fp16_opt_level=O1,
fsdp=[],
fsdp_config={'fsdp_min_num_params': 0, 'xla': False, 'xla_fsdp_grad_ckpt': False},
fsdp_min_num_params=0,
fsdp_transformer_layer_cls_to_wrap=None,
full_determinism=False,
gradient_accumulation_steps=4,
gradient_checkpointing=False,
greater_is_better=None,
group_by_length=False,
half_precision_backend=auto,
hub_model_id=None,
hub_private_repo=False,
hub_strategy=every_save,
hub_token=<HUB_TOKEN>,
ignore_data_skip=False,
include_inputs_for_metrics=False,
jit_mode_eval=False,
label_names=None,
label_smoothing_factor=0.0,
learning_rate=0.0004,
length_column_name=length,
load_best_model_at_end=False,
local_rank=0,
log_level=passive,
log_level_replica=warning,
log_on_each_node=True,
logging_dir=/work/tesi_fgaragnani/checkpoints/ai4bio/dnabert2_cs_marta/runs/Mar27_14-16-55_rezzonico,
logging_first_step=True,
logging_nan_inf_filter=True,
logging_steps=10,
logging_strategy=steps,
lr_scheduler_type=linear,
max_grad_norm=1.0,
max_steps=10000,
metric_for_best_model=None,
mp_parameters=,
no_cuda=False,
num_train_epochs=3.0,
optim=adamw_hf,
optim_args=None,
output_dir=/work/tesi_fgaragnani/checkpoints/ai4bio/dnabert2_cs_marta,
overwrite_output_dir=True,
past_index=-1,
per_device_eval_batch_size=4,
per_device_train_batch_size=8,
prediction_loss_only=False,
push_to_hub=False,
push_to_hub_model_id=None,
push_to_hub_organization=None,
push_to_hub_token=<PUSH_TO_HUB_TOKEN>,
ray_scope=last,
remove_unused_columns=True,
report_to=[],
resume_from_checkpoint=None,
run_name=/work/tesi_fgaragnani/checkpoints/ai4bio/dnabert2_cs_marta,
save_on_each_node=False,
save_safetensors=False,
save_steps=5000,
save_strategy=steps,
save_total_limit=None,
seed=42,
sharded_ddp=[],
skip_memory_metrics=True,
tf32=None,
torch_compile=False,
torch_compile_backend=None,
torch_compile_mode=None,
torchdynamo=None,
tpu_metrics_debug=False,
tpu_num_cores=None,
use_ipex=False,
use_legacy_prediction_loop=False,
use_mps_device=False,
warmup_ratio=0.0,
warmup_steps=1200,
weight_decay=1e-05,
xpu_backend=None,
)
03/27/2026 14:16:55 - WARNING - graph_enc.src.model.run_mlm - Process rank: 1, device: cuda:1, n_gpu: 1distributed training: True, 16-bits training: False
[Info] Computed num_train_epochs=1 (steps_per_epoch=132980, effective_batch_size=128, world_size=4)
[Info] Computed num_train_epochs=1 (steps_per_epoch=132980, effective_batch_size=128, world_size=4)
[Info] Computed num_train_epochs=1 (steps_per_epoch=132980, effective_batch_size=128, world_size=4)
03/27/2026 14:18:22 - INFO - graph_enc.src.model.run_mlm - Vocabulary size: 4096
03/27/2026 14:18:22 - INFO - graph_enc.src.model.run_mlm - Training new model from scratch
[Info] Computed num_train_epochs=1 (steps_per_epoch=132980, effective_batch_size=128, world_size=4)
[BatchStats] sample=0 masked_tokens_pct=6.41 unique_token_ids=67
[BatchStats] sample=1 masked_tokens_pct=5.19 unique_token_ids=74
[BatchStats] sample=2 masked_tokens_pct=8.57 unique_token_ids=88
[BatchStats] sample=3 masked_tokens_pct=6.78 unique_token_ids=55
[BatchStats] sample=4 masked_tokens_pct=14.29 unique_token_ids=75
[BatchStats] sample=5 masked_tokens_pct=7.94 unique_token_ids=60
[BatchStats] sample=6 masked_tokens_pct=5.43 unique_token_ids=105
[BatchStats] sample=7 masked_tokens_pct=13.25 unique_token_ids=72
[BatchStats] sample=0 masked_tokens_pct=6.67 unique_token_ids=69
[BatchStats] sample=1 masked_tokens_pct=8.40 unique_token_ids=105
[BatchStats] sample=2 masked_tokens_pct=7.35 unique_token_ids=62
[BatchStats] sample=3 masked_tokens_pct=1.59 unique_token_ids=60
[BatchStats] sample=4 masked_tokens_pct=14.95 unique_token_ids=313
[BatchStats] sample=5 masked_tokens_pct=5.06 unique_token_ids=70
[BatchStats] sample=6 masked_tokens_pct=8.22 unique_token_ids=64
[BatchStats] sample=7 masked_tokens_pct=9.09 unique_token_ids=146
[BatchStats] sample=0 masked_tokens_pct=7.63 unique_token_ids=94
[BatchStats] sample=1 masked_tokens_pct=12.14 unique_token_ids=111
[BatchStats] sample=2 masked_tokens_pct=8.06 unique_token_ids=151
[BatchStats] sample=3 masked_tokens_pct=12.71 unique_token_ids=235
[BatchStats] sample=4 masked_tokens_pct=8.80 unique_token_ids=356
[BatchStats] sample=5 masked_tokens_pct=9.00 unique_token_ids=160
[BatchStats] sample=6 masked_tokens_pct=8.79 unique_token_ids=82
[BatchStats] sample=7 masked_tokens_pct=5.88 unique_token_ids=47
[BatchStats] sample=0 masked_tokens_pct=6.33 unique_token_ids=68
[BatchStats] sample=1 masked_tokens_pct=10.11 unique_token_ids=81
[BatchStats] sample=2 masked_tokens_pct=13.29 unique_token_ids=103
[BatchStats] sample=3 masked_tokens_pct=9.70 unique_token_ids=228
[BatchStats] sample=4 masked_tokens_pct=5.41 unique_token_ids=34
[BatchStats] sample=5 masked_tokens_pct=3.70 unique_token_ids=97
[BatchStats] sample=6 masked_tokens_pct=6.52 unique_token_ids=42
[BatchStats] sample=7 masked_tokens_pct=5.06 unique_token_ids=74
[BatchStats] sample=0 masked_tokens_pct=11.11 unique_token_ids=25
[BatchStats] sample=1 masked_tokens_pct=11.67 unique_token_ids=96
[BatchStats] sample=2 masked_tokens_pct=12.24 unique_token_ids=443
[BatchStats] sample=3 masked_tokens_pct=6.25 unique_token_ids=45
[BatchStats] sample=4 masked_tokens_pct=6.25 unique_token_ids=56
[BatchStats] sample=5 masked_tokens_pct=7.14 unique_token_ids=49
[BatchStats] sample=6 masked_tokens_pct=9.09 unique_token_ids=68
[BatchStats] sample=7 masked_tokens_pct=18.04 unique_token_ids=213
[BatchStats] sample=0 masked_tokens_pct=6.19 unique_token_ids=101
[BatchStats] sample=1 masked_tokens_pct=11.11 unique_token_ids=41
[BatchStats] sample=2 masked_tokens_pct=3.85 unique_token_ids=25
[BatchStats] sample=3 masked_tokens_pct=5.00 unique_token_ids=39
[BatchStats] sample=4 masked_tokens_pct=6.25 unique_token_ids=45
[BatchStats] sample=5 masked_tokens_pct=11.27 unique_token_ids=59
[BatchStats] sample=6 masked_tokens_pct=3.92 unique_token_ids=43
[BatchStats] sample=7 masked_tokens_pct=2.97 unique_token_ids=90
[BatchStats] sample=0 masked_tokens_pct=7.53 unique_token_ids=86
[BatchStats] sample=1 masked_tokens_pct=5.17 unique_token_ids=51
[BatchStats] sample=2 masked_tokens_pct=9.09 unique_token_ids=20
[BatchStats] sample=3 masked_tokens_pct=5.04 unique_token_ids=120
[BatchStats] sample=4 masked_tokens_pct=4.76 unique_token_ids=39
[BatchStats] sample=5 masked_tokens_pct=5.00 unique_token_ids=37
[BatchStats] sample=6 masked_tokens_pct=7.59 unique_token_ids=115
[BatchStats] sample=7 masked_tokens_pct=6.52 unique_token_ids=43
[BatchStats] sample=0 masked_tokens_pct=7.04 unique_token_ids=64
[BatchStats] sample=1 masked_tokens_pct=6.25 unique_token_ids=97
[BatchStats] sample=2 masked_tokens_pct=11.14 unique_token_ids=195
[BatchStats] sample=3 masked_tokens_pct=5.56 unique_token_ids=35
[BatchStats] sample=4 masked_tokens_pct=8.75 unique_token_ids=71
[BatchStats] sample=5 masked_tokens_pct=7.89 unique_token_ids=96
[BatchStats] sample=6 masked_tokens_pct=11.36 unique_token_ids=72
[BatchStats] sample=7 masked_tokens_pct=4.83 unique_token_ids=125
[BatchStats] sample=0 masked_tokens_pct=7.00 unique_token_ids=82
[BatchStats] sample=1 masked_tokens_pct=6.36 unique_token_ids=88
[BatchStats] sample=2 masked_tokens_pct=6.98 unique_token_ids=39
[BatchStats] sample=3 masked_tokens_pct=15.62 unique_token_ids=335
[BatchStats] sample=4 masked_tokens_pct=10.62 unique_token_ids=119
[BatchStats] sample=5 masked_tokens_pct=12.50 unique_token_ids=61
[BatchStats] sample=6 masked_tokens_pct=8.00 unique_token_ids=70
[BatchStats] sample=7 masked_tokens_pct=2.78 unique_token_ids=68
[BatchStats] sample=0 masked_tokens_pct=5.56 unique_token_ids=227
[BatchStats] sample=1 masked_tokens_pct=6.45 unique_token_ids=58
[BatchStats] sample=2 masked_tokens_pct=11.80 unique_token_ids=117
[BatchStats] sample=3 masked_tokens_pct=3.52 unique_token_ids=473
[BatchStats] sample=4 masked_tokens_pct=6.90 unique_token_ids=143
[BatchStats] sample=5 masked_tokens_pct=5.56 unique_token_ids=53
[BatchStats] sample=6 masked_tokens_pct=8.70 unique_token_ids=77
[BatchStats] sample=7 masked_tokens_pct=9.35 unique_token_ids=81
[BatchStats] sample=0 masked_tokens_pct=6.02 unique_token_ids=65
[BatchStats] sample=1 masked_tokens_pct=6.35 unique_token_ids=56
[BatchStats] sample=2 masked_tokens_pct=4.35 unique_token_ids=101
[BatchStats] sample=3 masked_tokens_pct=10.66 unique_token_ids=97
[BatchStats] sample=4 masked_tokens_pct=8.33 unique_token_ids=95
[BatchStats] sample=5 masked_tokens_pct=17.39 unique_token_ids=172
[BatchStats] sample=6 masked_tokens_pct=6.33 unique_token_ids=67
[BatchStats] sample=7 masked_tokens_pct=7.50 unique_token_ids=72
[BatchStats] sample=0 masked_tokens_pct=2.63 unique_token_ids=38
[BatchStats] sample=1 masked_tokens_pct=10.10 unique_token_ids=88
[BatchStats] sample=2 masked_tokens_pct=6.32 unique_token_ids=208
[BatchStats] sample=3 masked_tokens_pct=1.45 unique_token_ids=63
[BatchStats] sample=4 masked_tokens_pct=6.25 unique_token_ids=60
[BatchStats] sample=5 masked_tokens_pct=10.14 unique_token_ids=59
[BatchStats] sample=6 masked_tokens_pct=9.15 unique_token_ids=433
[BatchStats] sample=7 masked_tokens_pct=7.50 unique_token_ids=71
[BatchStats] sample=0 masked_tokens_pct=9.26 unique_token_ids=50
[BatchStats] sample=1 masked_tokens_pct=15.23 unique_token_ids=433
[BatchStats] sample=2 masked_tokens_pct=16.18 unique_token_ids=58
[BatchStats] sample=3 masked_tokens_pct=11.51 unique_token_ids=109
[BatchStats] sample=4 masked_tokens_pct=13.22 unique_token_ids=392
[BatchStats] sample=5 masked_tokens_pct=14.81 unique_token_ids=169
[BatchStats] sample=6 masked_tokens_pct=10.33 unique_token_ids=389
[BatchStats] sample=7 masked_tokens_pct=10.99 unique_token_ids=72
[BatchStats] sample=0 masked_tokens_pct=12.50 unique_token_ids=108
[BatchStats] sample=1 masked_tokens_pct=10.29 unique_token_ids=58
[BatchStats] sample=2 masked_tokens_pct=12.70 unique_token_ids=54
[BatchStats] sample=3 masked_tokens_pct=7.41 unique_token_ids=26
[BatchStats] sample=4 masked_tokens_pct=7.14 unique_token_ids=117
[BatchStats] sample=5 masked_tokens_pct=2.86 unique_token_ids=441
[BatchStats] sample=6 masked_tokens_pct=9.52 unique_token_ids=77
[BatchStats] sample=7 masked_tokens_pct=7.14 unique_token_ids=95
[BatchStats] sample=0 masked_tokens_pct=4.50 unique_token_ids=93
[BatchStats] sample=1 masked_tokens_pct=7.64 unique_token_ids=123
[BatchStats] sample=2 masked_tokens_pct=14.12 unique_token_ids=267
[BatchStats] sample=3 masked_tokens_pct=14.63 unique_token_ids=35
[BatchStats] sample=4 masked_tokens_pct=8.57 unique_token_ids=89
[BatchStats] sample=5 masked_tokens_pct=9.23 unique_token_ids=57
[BatchStats] sample=6 masked_tokens_pct=5.66 unique_token_ids=50
[BatchStats] sample=7 masked_tokens_pct=10.78 unique_token_ids=83
[BatchStats] sample=0 masked_tokens_pct=10.43 unique_token_ids=94
[BatchStats] sample=1 masked_tokens_pct=8.45 unique_token_ids=63
[BatchStats] sample=2 masked_tokens_pct=6.52 unique_token_ids=92
[BatchStats] sample=3 masked_tokens_pct=0.00 unique_token_ids=50
[BatchStats] sample=4 masked_tokens_pct=3.70 unique_token_ids=184
[BatchStats] sample=5 masked_tokens_pct=5.88 unique_token_ids=89
[BatchStats] sample=6 masked_tokens_pct=11.43 unique_token_ids=88
[BatchStats] sample=7 masked_tokens_pct=9.68 unique_token_ids=30
{'loss': 8.4593, 'learning_rate': 3.3333333333333335e-07, 'epoch': 0.0}
[BatchStats] sample=0 masked_tokens_pct=9.26 unique_token_ids=48
[BatchStats] sample=1 masked_tokens_pct=7.14 unique_token_ids=60
[BatchStats] sample=2 masked_tokens_pct=7.46 unique_token_ids=62
[BatchStats] sample=3 masked_tokens_pct=4.41 unique_token_ids=62
[BatchStats] sample=4 masked_tokens_pct=4.62 unique_token_ids=63
[BatchStats] sample=5 masked_tokens_pct=12.39 unique_token_ids=164
[BatchStats] sample=6 masked_tokens_pct=7.23 unique_token_ids=79
[BatchStats] sample=7 masked_tokens_pct=0.00 unique_token_ids=59
[BatchStats] sample=0 masked_tokens_pct=5.19 unique_token_ids=69
[BatchStats] sample=1 masked_tokens_pct=3.17 unique_token_ids=61
[BatchStats] sample=2 masked_tokens_pct=13.68 unique_token_ids=97
[BatchStats] sample=3 masked_tokens_pct=10.29 unique_token_ids=372
[BatchStats] sample=4 masked_tokens_pct=4.44 unique_token_ids=114
[BatchStats] sample=5 masked_tokens_pct=8.96 unique_token_ids=59
[BatchStats] sample=6 masked_tokens_pct=9.42 unique_token_ids=379
[BatchStats] sample=7 masked_tokens_pct=7.45 unique_token_ids=83
[BatchStats] sample=0 masked_tokens_pct=5.84 unique_token_ids=119
[BatchStats] sample=1 masked_tokens_pct=15.32 unique_token_ids=280
[BatchStats] sample=2 masked_tokens_pct=15.62 unique_token_ids=25
[BatchStats] sample=3 masked_tokens_pct=7.14 unique_token_ids=78
[BatchStats] sample=4 masked_tokens_pct=7.02 unique_token_ids=101
[BatchStats] sample=5 masked_tokens_pct=5.19 unique_token_ids=73
[BatchStats] sample=6 masked_tokens_pct=11.00 unique_token_ids=170
[BatchStats] sample=7 masked_tokens_pct=8.22 unique_token_ids=65
[BatchStats] sample=0 masked_tokens_pct=9.47 unique_token_ids=253
[BatchStats] sample=1 masked_tokens_pct=2.67 unique_token_ids=69
[BatchStats] sample=2 masked_tokens_pct=8.77 unique_token_ids=55
[BatchStats] sample=3 masked_tokens_pct=14.97 unique_token_ids=346
[BatchStats] sample=4 masked_tokens_pct=12.77 unique_token_ids=40
[BatchStats] sample=5 masked_tokens_pct=13.66 unique_token_ids=180
[BatchStats] sample=6 masked_tokens_pct=5.83 unique_token_ids=97
[BatchStats] sample=7 masked_tokens_pct=11.11 unique_token_ids=49
{'loss': 8.4578, 'learning_rate': 3.3333333333333333e-06, 'epoch': 0.0}
{'loss': 8.4059, 'learning_rate': 6.666666666666667e-06, 'epoch': 0.0}
{'loss': 8.2932, 'learning_rate': 1e-05, 'epoch': 0.0}
{'loss': 8.1523, 'learning_rate': 1.3333333333333333e-05, 'epoch': 0.0}
{'loss': 7.9981, 'learning_rate': 1.6666666666666667e-05, 'epoch': 0.0}
{'loss': 7.8589, 'learning_rate': 2e-05, 'epoch': 0.0}
{'loss': 7.7365, 'learning_rate': 2.3333333333333336e-05, 'epoch': 0.0}
{'loss': 7.5867, 'learning_rate': 2.6666666666666667e-05, 'epoch': 0.0}
{'loss': 7.4474, 'learning_rate': 3e-05, 'epoch': 0.0}
{'loss': 7.3362, 'learning_rate': 3.3333333333333335e-05, 'epoch': 0.0}
{'loss': 7.2088, 'learning_rate': 3.6666666666666666e-05, 'epoch': 0.0}
{'loss': 7.1399, 'learning_rate': 4e-05, 'epoch': 0.0}
{'loss': 7.0491, 'learning_rate': 4.3333333333333334e-05, 'epoch': 0.0}
{'loss': 6.9947, 'learning_rate': 4.666666666666667e-05, 'epoch': 0.0}
{'loss': 7.0087, 'learning_rate': 5e-05, 'epoch': 0.0}
{'loss': 6.9791, 'learning_rate': 5.333333333333333e-05, 'epoch': 0.0}
{'loss': 6.9597, 'learning_rate': 5.666666666666667e-05, 'epoch': 0.0}
{'loss': 6.9733, 'learning_rate': 6e-05, 'epoch': 0.0}
{'loss': 6.9736, 'learning_rate': 6.333333333333333e-05, 'epoch': 0.0}
{'loss': 6.9622, 'learning_rate': 6.666666666666667e-05, 'epoch': 0.0}
{'loss': 6.9694, 'learning_rate': 7e-05, 'epoch': 0.0}
{'loss': 6.9377, 'learning_rate': 7.333333333333333e-05, 'epoch': 0.0}
{'loss': 6.9419, 'learning_rate': 7.666666666666667e-05, 'epoch': 0.0}
{'loss': 6.9608, 'learning_rate': 8e-05, 'epoch': 0.0}
{'loss': 6.9463, 'learning_rate': 8.333333333333334e-05, 'epoch': 0.0}
{'loss': 6.9478, 'learning_rate': 8.666666666666667e-05, 'epoch': 0.0}
{'loss': 6.9245, 'learning_rate': 9e-05, 'epoch': 0.0}
{'loss': 6.9359, 'learning_rate': 9.333333333333334e-05, 'epoch': 0.0}
{'loss': 6.8923, 'learning_rate': 9.666666666666667e-05, 'epoch': 0.0}
{'loss': 6.8958, 'learning_rate': 0.0001, 'epoch': 0.0}
{'loss': 6.8859, 'learning_rate': 0.00010333333333333334, 'epoch': 0.0}
{'loss': 6.8447, 'learning_rate': 0.00010666666666666667, 'epoch': 0.0}
{'loss': 6.8195, 'learning_rate': 0.00011000000000000002, 'epoch': 0.0}
{'loss': 6.8074, 'learning_rate': 0.00011333333333333334, 'epoch': 0.0}
{'loss': 6.8246, 'learning_rate': 0.00011666666666666668, 'epoch': 0.0}
{'loss': 6.7772, 'learning_rate': 0.00012, 'epoch': 0.0}
{'loss': 6.7742, 'learning_rate': 0.00012333333333333334, 'epoch': 0.0}
{'loss': 6.7406, 'learning_rate': 0.00012666666666666666, 'epoch': 0.0}
{'loss': 6.7311, 'learning_rate': 0.00013000000000000002, 'epoch': 0.0}
{'loss': 6.6931, 'learning_rate': 0.00013333333333333334, 'epoch': 0.0}
{'loss': 6.6632, 'learning_rate': 0.00013666666666666666, 'epoch': 0.0}
{'loss': 6.6517, 'learning_rate': 0.00014, 'epoch': 0.0}
{'loss': 6.6394, 'learning_rate': 0.00014333333333333334, 'epoch': 0.0}
{'loss': 6.6068, 'learning_rate': 0.00014666666666666666, 'epoch': 0.0}
{'loss': 6.6209, 'learning_rate': 0.00015000000000000001, 'epoch': 0.0}
{'loss': 6.6286, 'learning_rate': 0.00015333333333333334, 'epoch': 0.0}
{'loss': 6.5852, 'learning_rate': 0.00015666666666666666, 'epoch': 0.0}
{'loss': 6.5632, 'learning_rate': 0.00016, 'epoch': 0.0}
{'loss': 6.5554, 'learning_rate': 0.00016333333333333334, 'epoch': 0.0}
{'loss': 6.5097, 'learning_rate': 0.0001666666666666667, 'epoch': 0.0}
{'loss': 6.538, 'learning_rate': 0.00017, 'epoch': 0.0}
{'loss': 6.5587, 'learning_rate': 0.00017333333333333334, 'epoch': 0.0}
{'loss': 6.5077, 'learning_rate': 0.00017666666666666666, 'epoch': 0.0}
{'loss': 6.5267, 'learning_rate': 0.00018, 'epoch': 0.0}
{'loss': 6.4857, 'learning_rate': 0.00018333333333333334, 'epoch': 0.0}
{'loss': 6.5178, 'learning_rate': 0.0001866666666666667, 'epoch': 0.0}
{'loss': 6.4859, 'learning_rate': 0.00019, 'epoch': 0.0}
{'loss': 6.4777, 'learning_rate': 0.00019333333333333333, 'epoch': 0.0}
{'loss': 6.4836, 'learning_rate': 0.00019666666666666666, 'epoch': 0.0}
{'loss': 6.4454, 'learning_rate': 0.0002, 'epoch': 0.0}
{'loss': 6.4546, 'learning_rate': 0.00020333333333333333, 'epoch': 0.0}
{'loss': 6.4361, 'learning_rate': 0.00020666666666666668, 'epoch': 0.0}
{'loss': 6.481, 'learning_rate': 0.00021, 'epoch': 0.0}
{'loss': 6.4893, 'learning_rate': 0.00021333333333333333, 'epoch': 0.0}
{'loss': 6.4071, 'learning_rate': 0.00021666666666666666, 'epoch': 0.0}
{'loss': 6.4469, 'learning_rate': 0.00022000000000000003, 'epoch': 0.0}
{'loss': 6.4462, 'learning_rate': 0.00022333333333333336, 'epoch': 0.01}
{'loss': 6.4356, 'learning_rate': 0.00022666666666666668, 'epoch': 0.01}
{'loss': 6.4246, 'learning_rate': 0.00022999999999999998, 'epoch': 0.01}
{'loss': 6.389, 'learning_rate': 0.00023333333333333336, 'epoch': 0.01}
{'loss': 6.4356, 'learning_rate': 0.00023666666666666668, 'epoch': 0.01}
{'loss': 6.4085, 'learning_rate': 0.00024, 'epoch': 0.01}
{'loss': 6.3943, 'learning_rate': 0.00024333333333333333, 'epoch': 0.01}
{'loss': 6.3726, 'learning_rate': 0.0002466666666666667, 'epoch': 0.01}
{'loss': 6.3812, 'learning_rate': 0.00025, 'epoch': 0.01}
{'loss': 6.3853, 'learning_rate': 0.00025333333333333333, 'epoch': 0.01}
{'loss': 6.3887, 'learning_rate': 0.0002566666666666667, 'epoch': 0.01}
{'loss': 6.3919, 'learning_rate': 0.00026000000000000003, 'epoch': 0.01}
{'loss': 6.3814, 'learning_rate': 0.00026333333333333336, 'epoch': 0.01}
{'loss': 6.3673, 'learning_rate': 0.0002666666666666667, 'epoch': 0.01}
{'loss': 6.3281, 'learning_rate': 0.00027000000000000006, 'epoch': 0.01}
{'loss': 6.3544, 'learning_rate': 0.00027333333333333333, 'epoch': 0.01}
{'loss': 6.4093, 'learning_rate': 0.00027666666666666665, 'epoch': 0.01}
{'loss': 6.368, 'learning_rate': 0.00028, 'epoch': 0.01}
{'loss': 6.4028, 'learning_rate': 0.00028333333333333335, 'epoch': 0.01}
{'loss': 6.3378, 'learning_rate': 0.0002866666666666667, 'epoch': 0.01}
{'loss': 6.3382, 'learning_rate': 0.00029, 'epoch': 0.01}
{'loss': 6.3338, 'learning_rate': 0.0002933333333333333, 'epoch': 0.01}
{'loss': 6.3647, 'learning_rate': 0.0002966666666666667, 'epoch': 0.01}
{'loss': 6.3568, 'learning_rate': 0.00030000000000000003, 'epoch': 0.01}
{'loss': 6.3588, 'learning_rate': 0.00030333333333333335, 'epoch': 0.01}
{'loss': 6.3468, 'learning_rate': 0.0003066666666666667, 'epoch': 0.01}
{'loss': 6.3664, 'learning_rate': 0.00031, 'epoch': 0.01}
{'loss': 6.3035, 'learning_rate': 0.0003133333333333333, 'epoch': 0.01}
{'loss': 6.3493, 'learning_rate': 0.00031666666666666665, 'epoch': 0.01}
{'loss': 6.3493, 'learning_rate': 0.00032, 'epoch': 0.01}
{'loss': 6.348, 'learning_rate': 0.00032333333333333335, 'epoch': 0.01}
{'loss': 6.3315, 'learning_rate': 0.0003266666666666667, 'epoch': 0.01}
{'loss': 6.3477, 'learning_rate': 0.00033, 'epoch': 0.01}
{'loss': 6.3147, 'learning_rate': 0.0003333333333333334, 'epoch': 0.01}
{'loss': 6.3767, 'learning_rate': 0.0003366666666666667, 'epoch': 0.01}
{'loss': 6.3616, 'learning_rate': 0.00034, 'epoch': 0.01}
{'loss': 6.3676, 'learning_rate': 0.00034333333333333335, 'epoch': 0.01}
{'loss': 6.3171, 'learning_rate': 0.00034666666666666667, 'epoch': 0.01}
{'loss': 6.3652, 'learning_rate': 0.00035, 'epoch': 0.01}
{'loss': 6.2959, 'learning_rate': 0.0003533333333333333, 'epoch': 0.01}
{'loss': 6.3163, 'learning_rate': 0.0003566666666666667, 'epoch': 0.01}
{'loss': 6.3202, 'learning_rate': 0.00036, 'epoch': 0.01}
{'loss': 6.2814, 'learning_rate': 0.00036333333333333335, 'epoch': 0.01}
{'loss': 6.3322, 'learning_rate': 0.00036666666666666667, 'epoch': 0.01}
{'loss': 6.2971, 'learning_rate': 0.00037000000000000005, 'epoch': 0.01}
{'loss': 6.3288, 'learning_rate': 0.0003733333333333334, 'epoch': 0.01}
{'loss': 6.2772, 'learning_rate': 0.0003766666666666667, 'epoch': 0.01}
{'loss': 6.2788, 'learning_rate': 0.00038, 'epoch': 0.01}
{'loss': 6.2804, 'learning_rate': 0.00038333333333333334, 'epoch': 0.01}
{'loss': 6.3207, 'learning_rate': 0.00038666666666666667, 'epoch': 0.01}
{'loss': 6.3213, 'learning_rate': 0.00039, 'epoch': 0.01}
{'loss': 6.3147, 'learning_rate': 0.0003933333333333333, 'epoch': 0.01}
{'loss': 6.3101, 'learning_rate': 0.0003966666666666667, 'epoch': 0.01}
{'loss': 6.2814, 'learning_rate': 0.0004, 'epoch': 0.01}
{'loss': 6.2911, 'learning_rate': 0.00039954545454545456, 'epoch': 0.01}
{'loss': 6.2944, 'learning_rate': 0.0003990909090909091, 'epoch': 0.01}
{'loss': 6.2591, 'learning_rate': 0.00039863636363636365, 'epoch': 0.01}
{'loss': 6.2878, 'learning_rate': 0.0003981818181818182, 'epoch': 0.01}
{'loss': 6.2772, 'learning_rate': 0.00039772727272727274, 'epoch': 0.01}
{'loss': 6.2906, 'learning_rate': 0.0003972727272727273, 'epoch': 0.01}
{'loss': 6.2603, 'learning_rate': 0.00039681818181818183, 'epoch': 0.01}
{'loss': 6.2549, 'learning_rate': 0.00039636363636363643, 'epoch': 0.01}
{'loss': 6.2511, 'learning_rate': 0.0003959090909090909, 'epoch': 0.01}
{'loss': 6.285, 'learning_rate': 0.00039545454545454546, 'epoch': 0.01}
{'loss': 6.2562, 'learning_rate': 0.00039500000000000006, 'epoch': 0.01}
{'loss': 6.2867, 'learning_rate': 0.00039454545454545455, 'epoch': 0.01}
{'loss': 6.3011, 'learning_rate': 0.0003940909090909091, 'epoch': 0.01}
{'loss': 6.2697, 'learning_rate': 0.0003936363636363637, 'epoch': 0.01}
{'loss': 6.3015, 'learning_rate': 0.0003931818181818182, 'epoch': 0.01}
{'loss': 6.2378, 'learning_rate': 0.00039272727272727273, 'epoch': 0.01}
{'loss': 6.2676, 'learning_rate': 0.0003922727272727273, 'epoch': 0.01}
{'loss': 6.2583, 'learning_rate': 0.0003918181818181818, 'epoch': 0.01}
{'loss': 6.3003, 'learning_rate': 0.00039136363636363636, 'epoch': 0.01}
{'loss': 6.3121, 'learning_rate': 0.00039090909090909096, 'epoch': 0.01}
{'loss': 6.3147, 'learning_rate': 0.0003904545454545455, 'epoch': 0.01}
{'loss': 6.2567, 'learning_rate': 0.00039, 'epoch': 0.01}
{'loss': 6.2797, 'learning_rate': 0.0003895454545454546, 'epoch': 0.01}
{'loss': 6.2786, 'learning_rate': 0.00038909090909090914, 'epoch': 0.01}
{'loss': 6.2653, 'learning_rate': 0.0003886363636363636, 'epoch': 0.01}
{'loss': 6.2447, 'learning_rate': 0.0003881818181818182, 'epoch': 0.01}
{'loss': 6.2509, 'learning_rate': 0.00038772727272727277, 'epoch': 0.01}
{'loss': 6.2822, 'learning_rate': 0.00038727272727272726, 'epoch': 0.01}
{'loss': 6.2913, 'learning_rate': 0.00038681818181818186, 'epoch': 0.01}
{'loss': 6.2763, 'learning_rate': 0.0003863636363636364, 'epoch': 0.01}
{'loss': 6.2408, 'learning_rate': 0.0003859090909090909, 'epoch': 0.01}
{'loss': 6.257, 'learning_rate': 0.0003854545454545455, 'epoch': 0.01}
{'loss': 6.3066, 'learning_rate': 0.00038500000000000003, 'epoch': 0.01}
{'loss': 6.2723, 'learning_rate': 0.0003845454545454545, 'epoch': 0.01}
{'loss': 6.2519, 'learning_rate': 0.0003840909090909091, 'epoch': 0.01}
{'loss': 6.2589, 'learning_rate': 0.00038363636363636367, 'epoch': 0.01}
{'loss': 6.2815, 'learning_rate': 0.0003831818181818182, 'epoch': 0.01}
{'loss': 6.2586, 'learning_rate': 0.00038272727272727276, 'epoch': 0.01}
{'loss': 6.2925, 'learning_rate': 0.0003822727272727273, 'epoch': 0.01}
{'loss': 6.261, 'learning_rate': 0.00038181818181818184, 'epoch': 0.01}
{'loss': 6.2567, 'learning_rate': 0.0003813636363636364, 'epoch': 0.01}
{'loss': 6.2409, 'learning_rate': 0.00038090909090909093, 'epoch': 0.01}
{'loss': 6.244, 'learning_rate': 0.0003804545454545455, 'epoch': 0.01}
{'loss': 6.2328, 'learning_rate': 0.00038, 'epoch': 0.01}
{'loss': 6.2375, 'learning_rate': 0.00037954545454545457, 'epoch': 0.01}
{'loss': 6.278, 'learning_rate': 0.0003790909090909091, 'epoch': 0.01}
{'loss': 6.2377, 'learning_rate': 0.00037863636363636365, 'epoch': 0.01}
{'loss': 6.2485, 'learning_rate': 0.0003781818181818182, 'epoch': 0.01}
{'loss': 6.2405, 'learning_rate': 0.00037772727272727274, 'epoch': 0.01}
{'loss': 6.2504, 'learning_rate': 0.0003772727272727273, 'epoch': 0.01}
{'loss': 6.2646, 'learning_rate': 0.00037681818181818183, 'epoch': 0.01}
{'loss': 6.2812, 'learning_rate': 0.0003763636363636364, 'epoch': 0.01}
{'loss': 6.2492, 'learning_rate': 0.0003759090909090909, 'epoch': 0.01}
{'loss': 6.2451, 'learning_rate': 0.00037545454545454546, 'epoch': 0.01}
{'loss': 6.2237, 'learning_rate': 0.000375, 'epoch': 0.01}
{'loss': 6.231, 'learning_rate': 0.00037454545454545455, 'epoch': 0.01}
{'loss': 6.2613, 'learning_rate': 0.0003740909090909091, 'epoch': 0.01}
{'loss': 6.2415, 'learning_rate': 0.00037363636363636364, 'epoch': 0.01}
{'loss': 6.1963, 'learning_rate': 0.0003731818181818182, 'epoch': 0.01}
{'loss': 6.2225, 'learning_rate': 0.00037272727272727273, 'epoch': 0.01}
{'loss': 6.2327, 'learning_rate': 0.0003722727272727273, 'epoch': 0.01}
{'loss': 6.266, 'learning_rate': 0.0003718181818181818, 'epoch': 0.01}
{'loss': 6.2768, 'learning_rate': 0.0003713636363636364, 'epoch': 0.01}
{'loss': 6.2513, 'learning_rate': 0.0003709090909090909, 'epoch': 0.01}
{'loss': 6.2455, 'learning_rate': 0.00037045454545454545, 'epoch': 0.01}
{'loss': 6.2626, 'learning_rate': 0.00037000000000000005, 'epoch': 0.01}
{'loss': 6.2745, 'learning_rate': 0.00036954545454545454, 'epoch': 0.01}
{'loss': 6.2299, 'learning_rate': 0.0003690909090909091, 'epoch': 0.01}
{'loss': 6.2624, 'learning_rate': 0.0003686363636363637, 'epoch': 0.01}
{'loss': 6.2551, 'learning_rate': 0.00036818181818181817, 'epoch': 0.01}
{'loss': 6.2141, 'learning_rate': 0.0003677272727272727, 'epoch': 0.01}
{'loss': 6.2268, 'learning_rate': 0.0003672727272727273, 'epoch': 0.01}
{'loss': 6.2094, 'learning_rate': 0.0003668181818181818, 'epoch': 0.01}
{'loss': 6.2635, 'learning_rate': 0.00036636363636363635, 'epoch': 0.01}
{'loss': 6.2634, 'learning_rate': 0.00036590909090909095, 'epoch': 0.01}
{'loss': 6.2291, 'learning_rate': 0.0003654545454545455, 'epoch': 0.01}
{'loss': 6.2488, 'learning_rate': 0.000365, 'epoch': 0.01}
{'loss': 6.2384, 'learning_rate': 0.0003645454545454546, 'epoch': 0.01}
{'loss': 6.2246, 'learning_rate': 0.0003640909090909091, 'epoch': 0.01}
{'loss': 6.1905, 'learning_rate': 0.00036363636363636367, 'epoch': 0.02}
{'loss': 6.2195, 'learning_rate': 0.0003631818181818182, 'epoch': 0.02}
{'loss': 6.2241, 'learning_rate': 0.00036272727272727276, 'epoch': 0.02}
{'loss': 6.2168, 'learning_rate': 0.0003622727272727273, 'epoch': 0.02}
{'loss': 6.263, 'learning_rate': 0.00036181818181818185, 'epoch': 0.02}
{'loss': 6.2291, 'learning_rate': 0.0003613636363636364, 'epoch': 0.02}
{'loss': 6.23, 'learning_rate': 0.00036090909090909093, 'epoch': 0.02}
{'loss': 6.2506, 'learning_rate': 0.0003604545454545455, 'epoch': 0.02}
{'loss': 6.2164, 'learning_rate': 0.00036, 'epoch': 0.02}
{'loss': 6.2641, 'learning_rate': 0.00035954545454545457, 'epoch': 0.02}
{'loss': 6.2446, 'learning_rate': 0.0003590909090909091, 'epoch': 0.02}
{'loss': 6.2277, 'learning_rate': 0.00035863636363636366, 'epoch': 0.02}
{'loss': 6.2526, 'learning_rate': 0.0003581818181818182, 'epoch': 0.02}
{'loss': 6.2363, 'learning_rate': 0.00035772727272727274, 'epoch': 0.02}
{'loss': 6.216, 'learning_rate': 0.0003572727272727273, 'epoch': 0.02}
{'loss': 6.2653, 'learning_rate': 0.00035681818181818183, 'epoch': 0.02}
{'loss': 6.2447, 'learning_rate': 0.0003563636363636364, 'epoch': 0.02}
{'loss': 6.2645, 'learning_rate': 0.0003559090909090909, 'epoch': 0.02}
{'loss': 6.1938, 'learning_rate': 0.00035545454545454547, 'epoch': 0.02}
{'loss': 6.2491, 'learning_rate': 0.000355, 'epoch': 0.02}
{'loss': 6.2433, 'learning_rate': 0.00035454545454545455, 'epoch': 0.02}
{'loss': 6.2424, 'learning_rate': 0.0003540909090909091, 'epoch': 0.02}
{'loss': 6.2364, 'learning_rate': 0.00035363636363636364, 'epoch': 0.02}
{'loss': 6.2493, 'learning_rate': 0.0003531818181818182, 'epoch': 0.02}
{'loss': 6.214, 'learning_rate': 0.00035272727272727273, 'epoch': 0.02}
{'loss': 6.1936, 'learning_rate': 0.00035227272727272733, 'epoch': 0.02}
{'loss': 6.1582, 'learning_rate': 0.0003518181818181818, 'epoch': 0.02}
{'loss': 6.1967, 'learning_rate': 0.00035136363636363636, 'epoch': 0.02}
{'loss': 6.1825, 'learning_rate': 0.00035090909090909096, 'epoch': 0.02}
{'loss': 6.2522, 'learning_rate': 0.00035045454545454545, 'epoch': 0.02}
{'loss': 6.2172, 'learning_rate': 0.00035, 'epoch': 0.02}
{'loss': 6.2043, 'learning_rate': 0.0003495454545454546, 'epoch': 0.02}
{'loss': 6.2182, 'learning_rate': 0.0003490909090909091, 'epoch': 0.02}
{'loss': 6.1911, 'learning_rate': 0.00034863636363636363, 'epoch': 0.02}
{'loss': 6.2183, 'learning_rate': 0.00034818181818181823, 'epoch': 0.02}
{'loss': 6.2389, 'learning_rate': 0.0003477272727272727, 'epoch': 0.02}
{'loss': 6.2336, 'learning_rate': 0.00034727272727272726, 'epoch': 0.02}
{'loss': 6.2271, 'learning_rate': 0.00034681818181818186, 'epoch': 0.02}
{'loss': 6.2042, 'learning_rate': 0.0003463636363636364, 'epoch': 0.02}
{'loss': 6.2095, 'learning_rate': 0.0003459090909090909, 'epoch': 0.02}
{'loss': 6.2305, 'learning_rate': 0.0003454545454545455, 'epoch': 0.02}
{'loss': 6.2206, 'learning_rate': 0.00034500000000000004, 'epoch': 0.02}
{'loss': 6.2194, 'learning_rate': 0.00034454545454545453, 'epoch': 0.02}
{'loss': 6.1756, 'learning_rate': 0.0003440909090909091, 'epoch': 0.02}
{'loss': 6.2237, 'learning_rate': 0.00034363636363636367, 'epoch': 0.02}
{'loss': 6.2119, 'learning_rate': 0.00034318181818181816, 'epoch': 0.02}
{'loss': 6.2076, 'learning_rate': 0.00034272727272727276, 'epoch': 0.02}
{'loss': 6.2434, 'learning_rate': 0.0003422727272727273, 'epoch': 0.02}
{'loss': 6.2113, 'learning_rate': 0.0003418181818181818, 'epoch': 0.02}
{'loss': 6.212, 'learning_rate': 0.0003413636363636364, 'epoch': 0.02}
{'loss': 6.2302, 'learning_rate': 0.00034090909090909094, 'epoch': 0.02}
{'loss': 6.1846, 'learning_rate': 0.0003404545454545455, 'epoch': 0.02}
{'loss': 6.1789, 'learning_rate': 0.00034, 'epoch': 0.02}
{'loss': 6.1869, 'learning_rate': 0.00033954545454545457, 'epoch': 0.02}
{'loss': 6.2192, 'learning_rate': 0.0003390909090909091, 'epoch': 0.02}
{'loss': 6.2216, 'learning_rate': 0.00033863636363636366, 'epoch': 0.02}
{'loss': 6.2448, 'learning_rate': 0.0003381818181818182, 'epoch': 0.02}
{'loss': 6.2058, 'learning_rate': 0.00033772727272727275, 'epoch': 0.02}
{'loss': 6.2162, 'learning_rate': 0.0003372727272727273, 'epoch': 0.02}
{'loss': 6.2224, 'learning_rate': 0.00033681818181818183, 'epoch': 0.02}
{'loss': 6.2083, 'learning_rate': 0.0003363636363636364, 'epoch': 0.02}
{'loss': 6.25, 'learning_rate': 0.0003359090909090909, 'epoch': 0.02}
{'loss': 6.2349, 'learning_rate': 0.00033545454545454547, 'epoch': 0.02}
{'loss': 6.1899, 'learning_rate': 0.000335, 'epoch': 0.02}
{'loss': 6.2179, 'learning_rate': 0.00033454545454545456, 'epoch': 0.02}
{'loss': 6.1774, 'learning_rate': 0.0003340909090909091, 'epoch': 0.02}
{'loss': 6.1881, 'learning_rate': 0.00033363636363636364, 'epoch': 0.02}
{'loss': 6.2353, 'learning_rate': 0.00033318181818181824, 'epoch': 0.02}
{'loss': 6.2314, 'learning_rate': 0.00033272727272727273, 'epoch': 0.02}
{'loss': 6.2484, 'learning_rate': 0.0003322727272727273, 'epoch': 0.02}
{'loss': 6.2108, 'learning_rate': 0.0003318181818181819, 'epoch': 0.02}
{'loss': 6.2099, 'learning_rate': 0.00033136363636363637, 'epoch': 0.02}
{'loss': 6.1778, 'learning_rate': 0.0003309090909090909, 'epoch': 0.02}
{'loss': 6.2451, 'learning_rate': 0.0003304545454545455, 'epoch': 0.02}
{'loss': 6.1856, 'learning_rate': 0.00033, 'epoch': 0.02}
{'loss': 6.23, 'learning_rate': 0.00032954545454545454, 'epoch': 0.02}
{'loss': 6.2117, 'learning_rate': 0.00032909090909090914, 'epoch': 0.02}
{'loss': 6.2118, 'learning_rate': 0.00032863636363636363, 'epoch': 0.02}
{'loss': 6.257, 'learning_rate': 0.0003281818181818182, 'epoch': 0.02}
{'loss': 6.2518, 'learning_rate': 0.0003277272727272728, 'epoch': 0.02}
{'loss': 6.2054, 'learning_rate': 0.0003272727272727273, 'epoch': 0.02}
{'loss': 6.1869, 'learning_rate': 0.0003268181818181818, 'epoch': 0.02}
{'loss': 6.2262, 'learning_rate': 0.0003263636363636364, 'epoch': 0.02}
{'loss': 6.2538, 'learning_rate': 0.00032590909090909095, 'epoch': 0.02}
{'loss': 6.1787, 'learning_rate': 0.00032545454545454544, 'epoch': 0.02}
{'loss': 6.2057, 'learning_rate': 0.00032500000000000004, 'epoch': 0.02}
{'loss': 6.1866, 'learning_rate': 0.0003245454545454546, 'epoch': 0.02}
{'loss': 6.1999, 'learning_rate': 0.0003240909090909091, 'epoch': 0.02}
{'loss': 6.1702, 'learning_rate': 0.00032363636363636367, 'epoch': 0.02}
{'loss': 6.1681, 'learning_rate': 0.0003231818181818182, 'epoch': 0.02}
{'loss': 6.197, 'learning_rate': 0.0003227272727272727, 'epoch': 0.02}
{'loss': 6.1755, 'learning_rate': 0.0003222727272727273, 'epoch': 0.02}
{'loss': 6.1837, 'learning_rate': 0.00032181818181818185, 'epoch': 0.02}
{'loss': 6.2525, 'learning_rate': 0.0003213636363636364, 'epoch': 0.02}
{'loss': 6.1811, 'learning_rate': 0.00032090909090909094, 'epoch': 0.02}
{'loss': 6.2109, 'learning_rate': 0.0003204545454545455, 'epoch': 0.02}
{'loss': 6.2169, 'learning_rate': 0.00032, 'epoch': 0.02}
{'loss': 6.2111, 'learning_rate': 0.00031954545454545457, 'epoch': 0.02}
{'loss': 6.1735, 'learning_rate': 0.0003190909090909091, 'epoch': 0.02}
{'loss': 6.1812, 'learning_rate': 0.00031863636363636366, 'epoch': 0.02}
{'loss': 6.232, 'learning_rate': 0.0003181818181818182, 'epoch': 0.02}
{'loss': 6.1719, 'learning_rate': 0.00031772727272727275, 'epoch': 0.02}
{'loss': 6.2177, 'learning_rate': 0.0003172727272727273, 'epoch': 0.02}
{'loss': 6.2303, 'learning_rate': 0.00031681818181818184, 'epoch': 0.02}
{'loss': 6.246, 'learning_rate': 0.0003163636363636364, 'epoch': 0.02}
{'loss': 6.1807, 'learning_rate': 0.0003159090909090909, 'epoch': 0.02}
{'loss': 6.2411, 'learning_rate': 0.00031545454545454547, 'epoch': 0.02}
{'loss': 6.2287, 'learning_rate': 0.000315, 'epoch': 0.02}
{'loss': 6.2307, 'learning_rate': 0.00031454545454545456, 'epoch': 0.02}
{'loss': 6.2061, 'learning_rate': 0.0003140909090909091, 'epoch': 0.02}
{'loss': 6.2641, 'learning_rate': 0.00031363636363636365, 'epoch': 0.02}
{'loss': 6.185, 'learning_rate': 0.0003131818181818182, 'epoch': 0.02}
{'loss': 6.172, 'learning_rate': 0.00031272727272727273, 'epoch': 0.02}
{'loss': 6.1287, 'learning_rate': 0.0003122727272727273, 'epoch': 0.02}
{'loss': 6.2151, 'learning_rate': 0.0003118181818181818, 'epoch': 0.02}
{'loss': 6.2161, 'learning_rate': 0.00031136363636363637, 'epoch': 0.02}
{'loss': 6.1987, 'learning_rate': 0.0003109090909090909, 'epoch': 0.02}
{'loss': 6.1794, 'learning_rate': 0.00031045454545454546, 'epoch': 0.02}
{'loss': 6.179, 'learning_rate': 0.00031, 'epoch': 0.02}
{'loss': 6.1907, 'learning_rate': 0.00030954545454545454, 'epoch': 0.02}
{'loss': 6.2401, 'learning_rate': 0.0003090909090909091, 'epoch': 0.02}
{'loss': 6.1952, 'learning_rate': 0.00030863636363636363, 'epoch': 0.02}
{'loss': 6.1606, 'learning_rate': 0.00030818181818181823, 'epoch': 0.02}
{'loss': 6.1933, 'learning_rate': 0.0003077272727272727, 'epoch': 0.02}
{'loss': 6.2206, 'learning_rate': 0.00030727272727272727, 'epoch': 0.02}
{'loss': 6.1678, 'learning_rate': 0.00030681818181818186, 'epoch': 0.02}
{'loss': 6.1592, 'learning_rate': 0.00030636363636363635, 'epoch': 0.02}
{'loss': 6.1837, 'learning_rate': 0.0003059090909090909, 'epoch': 0.02}
{'loss': 6.1728, 'learning_rate': 0.0003054545454545455, 'epoch': 0.02}
{'loss': 6.1639, 'learning_rate': 0.000305, 'epoch': 0.02}
{'loss': 6.1695, 'learning_rate': 0.00030454545454545453, 'epoch': 0.02}
{'loss': 6.1438, 'learning_rate': 0.00030409090909090913, 'epoch': 0.02}
{'loss': 6.182, 'learning_rate': 0.0003036363636363636, 'epoch': 0.02}
{'loss': 6.2154, 'learning_rate': 0.00030318181818181816, 'epoch': 0.03}
{'loss': 6.1669, 'learning_rate': 0.00030272727272727276, 'epoch': 0.03}
{'loss': 6.186, 'learning_rate': 0.0003022727272727273, 'epoch': 0.03}
{'loss': 6.2236, 'learning_rate': 0.0003018181818181818, 'epoch': 0.03}
{'loss': 6.1691, 'learning_rate': 0.0003013636363636364, 'epoch': 0.03}
{'loss': 6.2039, 'learning_rate': 0.00030090909090909094, 'epoch': 0.03}
{'loss': 6.1738, 'learning_rate': 0.00030045454545454543, 'epoch': 0.03}
{'loss': 6.1907, 'learning_rate': 0.00030000000000000003, 'epoch': 0.03}
{'loss': 6.173, 'learning_rate': 0.00029954545454545457, 'epoch': 0.03}
{'loss': 6.1825, 'learning_rate': 0.00029909090909090906, 'epoch': 0.03}
{'loss': 6.1381, 'learning_rate': 0.00029863636363636366, 'epoch': 0.03}
{'loss': 6.1437, 'learning_rate': 0.0002981818181818182, 'epoch': 0.03}
{'loss': 6.1648, 'learning_rate': 0.0002977272727272727, 'epoch': 0.03}
{'loss': 6.1577, 'learning_rate': 0.0002972727272727273, 'epoch': 0.03}
{'loss': 6.177, 'learning_rate': 0.00029681818181818184, 'epoch': 0.03}
{'loss': 6.1826, 'learning_rate': 0.0002963636363636364, 'epoch': 0.03}
{'loss': 6.1974, 'learning_rate': 0.0002959090909090909, 'epoch': 0.03}
{'loss': 6.224, 'learning_rate': 0.00029545454545454547, 'epoch': 0.03}
{'loss': 6.1477, 'learning_rate': 0.000295, 'epoch': 0.03}
{'loss': 6.1864, 'learning_rate': 0.00029454545454545456, 'epoch': 0.03}
{'loss': 6.1595, 'learning_rate': 0.0002940909090909091, 'epoch': 0.03}
{'loss': 6.1698, 'learning_rate': 0.00029363636363636365, 'epoch': 0.03}
{'loss': 6.1955, 'learning_rate': 0.0002931818181818182, 'epoch': 0.03}
{'loss': 6.1287, 'learning_rate': 0.00029272727272727274, 'epoch': 0.03}
{'loss': 6.1692, 'learning_rate': 0.0002922727272727273, 'epoch': 0.03}
{'loss': 6.1628, 'learning_rate': 0.0002918181818181818, 'epoch': 0.03}
{'loss': 6.1867, 'learning_rate': 0.00029136363636363637, 'epoch': 0.03}
{'loss': 6.173, 'learning_rate': 0.0002909090909090909, 'epoch': 0.03}
{'loss': 6.1771, 'learning_rate': 0.0002904545454545455, 'epoch': 0.03}
{'loss': 6.1688, 'learning_rate': 0.00029, 'epoch': 0.03}
{'loss': 6.173, 'learning_rate': 0.00028954545454545455, 'epoch': 0.03}
{'loss': 6.151, 'learning_rate': 0.00028909090909090914, 'epoch': 0.03}
{'loss': 6.1711, 'learning_rate': 0.00028863636363636363, 'epoch': 0.03}
{'loss': 6.1493, 'learning_rate': 0.0002881818181818182, 'epoch': 0.03}
{'loss': 6.1746, 'learning_rate': 0.0002877272727272728, 'epoch': 0.03}
{'loss': 6.1705, 'learning_rate': 0.00028727272727272727, 'epoch': 0.03}
{'loss': 6.1848, 'learning_rate': 0.0002868181818181818, 'epoch': 0.03}
{'loss': 6.1513, 'learning_rate': 0.0002863636363636364, 'epoch': 0.03}
{'loss': 6.1153, 'learning_rate': 0.0002859090909090909, 'epoch': 0.03}
{'loss': 6.172, 'learning_rate': 0.00028545454545454544, 'epoch': 0.03}
{'loss': 6.1889, 'learning_rate': 0.00028500000000000004, 'epoch': 0.03}
{'loss': 6.1865, 'learning_rate': 0.00028454545454545453, 'epoch': 0.03}
{'loss': 6.2089, 'learning_rate': 0.0002840909090909091, 'epoch': 0.03}
{'loss': 6.1561, 'learning_rate': 0.0002836363636363637, 'epoch': 0.03}
{'loss': 6.1499, 'learning_rate': 0.0002831818181818182, 'epoch': 0.03}
{'loss': 6.1403, 'learning_rate': 0.0002827272727272727, 'epoch': 0.03}
{'loss': 6.1644, 'learning_rate': 0.0002822727272727273, 'epoch': 0.03}
{'loss': 6.1405, 'learning_rate': 0.00028181818181818185, 'epoch': 0.03}
{'loss': 6.136, 'learning_rate': 0.00028136363636363634, 'epoch': 0.03}
{'loss': 6.1132, 'learning_rate': 0.00028090909090909094, 'epoch': 0.03}
{'loss': 6.1668, 'learning_rate': 0.0002804545454545455, 'epoch': 0.03}
{'loss': 6.1483, 'learning_rate': 0.00028, 'epoch': 0.03}
{'loss': 6.1839, 'learning_rate': 0.0002795454545454546, 'epoch': 0.03}
{'loss': 6.1506, 'learning_rate': 0.0002790909090909091, 'epoch': 0.03}
{'loss': 6.1597, 'learning_rate': 0.0002786363636363636, 'epoch': 0.03}
{'loss': 6.1513, 'learning_rate': 0.0002781818181818182, 'epoch': 0.03}
{'loss': 6.176, 'learning_rate': 0.00027772727272727275, 'epoch': 0.03}
{'loss': 6.1848, 'learning_rate': 0.0002772727272727273, 'epoch': 0.03}
{'loss': 6.1639, 'learning_rate': 0.00027681818181818184, 'epoch': 0.03}
{'loss': 6.1611, 'learning_rate': 0.0002763636363636364, 'epoch': 0.03}
{'loss': 6.1608, 'learning_rate': 0.00027590909090909093, 'epoch': 0.03}
{'loss': 6.1888, 'learning_rate': 0.00027545454545454547, 'epoch': 0.03}
{'loss': 6.1881, 'learning_rate': 0.000275, 'epoch': 0.03}
{'loss': 6.1605, 'learning_rate': 0.00027454545454545456, 'epoch': 0.03}
{'loss': 6.099, 'learning_rate': 0.0002740909090909091, 'epoch': 0.03}
{'loss': 6.1382, 'learning_rate': 0.00027363636363636365, 'epoch': 0.03}
{'loss': 6.1476, 'learning_rate': 0.0002731818181818182, 'epoch': 0.03}
{'loss': 6.2082, 'learning_rate': 0.00027272727272727274, 'epoch': 0.03}
{'loss': 6.1257, 'learning_rate': 0.0002722727272727273, 'epoch': 0.03}
{'loss': 6.1494, 'learning_rate': 0.0002718181818181818, 'epoch': 0.03}
{'loss': 6.1389, 'learning_rate': 0.00027136363636363637, 'epoch': 0.03}
{'loss': 6.1626, 'learning_rate': 0.0002709090909090909, 'epoch': 0.03}
{'loss': 6.146, 'learning_rate': 0.00027045454545454546, 'epoch': 0.03}
{'loss': 6.1737, 'learning_rate': 0.00027000000000000006, 'epoch': 0.03}
{'loss': 6.1085, 'learning_rate': 0.00026954545454545455, 'epoch': 0.03}
{'loss': 6.1632, 'learning_rate': 0.0002690909090909091, 'epoch': 0.03}
{'loss': 6.1543, 'learning_rate': 0.0002686363636363637, 'epoch': 0.03}
{'loss': 6.1214, 'learning_rate': 0.0002681818181818182, 'epoch': 0.03}
{'loss': 6.1699, 'learning_rate': 0.0002677272727272727, 'epoch': 0.03}
{'loss': 6.1424, 'learning_rate': 0.0002672727272727273, 'epoch': 0.03}
{'loss': 6.1468, 'learning_rate': 0.0002668181818181818, 'epoch': 0.03}
{'loss': 6.1141, 'learning_rate': 0.00026636363636363636, 'epoch': 0.03}
{'loss': 6.1321, 'learning_rate': 0.00026590909090909096, 'epoch': 0.03}
{'loss': 6.1605, 'learning_rate': 0.0002654545454545455, 'epoch': 0.03}
{'loss': 6.1526, 'learning_rate': 0.000265, 'epoch': 0.03}
{'loss': 6.1468, 'learning_rate': 0.0002645454545454546, 'epoch': 0.03}
{'loss': 6.1695, 'learning_rate': 0.00026409090909090913, 'epoch': 0.03}
{'loss': 6.1947, 'learning_rate': 0.0002636363636363636, 'epoch': 0.03}
{'loss': 6.1743, 'learning_rate': 0.0002631818181818182, 'epoch': 0.03}
{'loss': 6.1727, 'learning_rate': 0.00026272727272727277, 'epoch': 0.03}
{'loss': 6.1224, 'learning_rate': 0.00026227272727272726, 'epoch': 0.03}
{'loss': 6.1264, 'learning_rate': 0.00026181818181818185, 'epoch': 0.03}
{'loss': 6.1456, 'learning_rate': 0.0002613636363636364, 'epoch': 0.03}
{'loss': 6.1589, 'learning_rate': 0.0002609090909090909, 'epoch': 0.03}
{'loss': 6.1691, 'learning_rate': 0.0002604545454545455, 'epoch': 0.03}
{'loss': 6.1563, 'learning_rate': 0.00026000000000000003, 'epoch': 0.03}
{'loss': 6.0936, 'learning_rate': 0.0002595454545454545, 'epoch': 0.03}
{'loss': 6.1199, 'learning_rate': 0.0002590909090909091, 'epoch': 0.03}
{'loss': 6.0996, 'learning_rate': 0.00025863636363636366, 'epoch': 0.03}
{'loss': 6.1455, 'learning_rate': 0.0002581818181818182, 'epoch': 0.03}
{'loss': 6.1707, 'learning_rate': 0.00025772727272727275, 'epoch': 0.03}
{'loss': 6.1374, 'learning_rate': 0.0002572727272727273, 'epoch': 0.03}
{'loss': 6.1733, 'learning_rate': 0.00025681818181818184, 'epoch': 0.03}
{'loss': 6.1286, 'learning_rate': 0.0002563636363636364, 'epoch': 0.03}
{'loss': 6.1313, 'learning_rate': 0.00025590909090909093, 'epoch': 0.03}
{'loss': 6.1103, 'learning_rate': 0.0002554545454545455, 'epoch': 0.03}
{'loss': 6.1499, 'learning_rate': 0.000255, 'epoch': 0.03}
{'loss': 6.1594, 'learning_rate': 0.00025454545454545456, 'epoch': 0.03}
{'loss': 6.1652, 'learning_rate': 0.0002540909090909091, 'epoch': 0.03}
{'loss': 6.1371, 'learning_rate': 0.00025363636363636365, 'epoch': 0.03}
{'loss': 6.1246, 'learning_rate': 0.0002531818181818182, 'epoch': 0.03}
{'loss': 6.1271, 'learning_rate': 0.00025272727272727274, 'epoch': 0.03}
{'loss': 6.1093, 'learning_rate': 0.0002522727272727273, 'epoch': 0.03}
{'loss': 6.1497, 'learning_rate': 0.00025181818181818183, 'epoch': 0.03}
{'loss': 6.143, 'learning_rate': 0.00025136363636363637, 'epoch': 0.03}
{'loss': 6.1395, 'learning_rate': 0.0002509090909090909, 'epoch': 0.03}
{'loss': 6.1296, 'learning_rate': 0.00025045454545454546, 'epoch': 0.03}
{'loss': 6.1268, 'learning_rate': 0.00025, 'epoch': 0.03}
{'loss': 6.1663, 'learning_rate': 0.00024954545454545455, 'epoch': 0.03}
{'loss': 6.1454, 'learning_rate': 0.0002490909090909091, 'epoch': 0.03}
{'loss': 6.1029, 'learning_rate': 0.00024863636363636364, 'epoch': 0.03}
{'loss': 6.1372, 'learning_rate': 0.0002481818181818182, 'epoch': 0.03}
{'loss': 6.0637, 'learning_rate': 0.0002477272727272727, 'epoch': 0.03}
{'loss': 6.1415, 'learning_rate': 0.00024727272727272727, 'epoch': 0.03}
{'loss': 6.1246, 'learning_rate': 0.0002468181818181818, 'epoch': 0.03}
{'loss': 6.1175, 'learning_rate': 0.0002463636363636364, 'epoch': 0.03}
{'loss': 6.1485, 'learning_rate': 0.0002459090909090909, 'epoch': 0.03}
{'loss': 6.1233, 'learning_rate': 0.00024545454545454545, 'epoch': 0.03}
{'loss': 6.1173, 'learning_rate': 0.00024500000000000005, 'epoch': 0.03}
{'loss': 6.1445, 'learning_rate': 0.00024454545454545454, 'epoch': 0.03}
{'loss': 6.1265, 'learning_rate': 0.0002440909090909091, 'epoch': 0.03}
{'loss': 6.12, 'learning_rate': 0.00024363636363636365, 'epoch': 0.03}
{'loss': 6.0882, 'learning_rate': 0.00024318181818181817, 'epoch': 0.03}
{'loss': 6.1244, 'learning_rate': 0.00024272727272727274, 'epoch': 0.04}
{'loss': 6.1515, 'learning_rate': 0.00024227272727272728, 'epoch': 0.04}
{'loss': 6.1167, 'learning_rate': 0.0002418181818181818, 'epoch': 0.04}
{'loss': 6.1219, 'learning_rate': 0.00024136363636363637, 'epoch': 0.04}
{'loss': 6.0997, 'learning_rate': 0.00024090909090909092, 'epoch': 0.04}
{'loss': 6.1493, 'learning_rate': 0.0002404545454545455, 'epoch': 0.04}
{'loss': 6.1297, 'learning_rate': 0.00024, 'epoch': 0.04}
{'loss': 6.11, 'learning_rate': 0.00023954545454545455, 'epoch': 0.04}
{'loss': 6.132, 'learning_rate': 0.00023909090909090912, 'epoch': 0.04}
{'loss': 6.154, 'learning_rate': 0.00023863636363636364, 'epoch': 0.04}
{'loss': 6.0955, 'learning_rate': 0.00023818181818181818, 'epoch': 0.04}
{'loss': 6.0948, 'learning_rate': 0.00023772727272727275, 'epoch': 0.04}
{'loss': 6.1488, 'learning_rate': 0.00023727272727272727, 'epoch': 0.04}
{'loss': 6.1461, 'learning_rate': 0.00023681818181818182, 'epoch': 0.04}
{'loss': 6.1447, 'learning_rate': 0.0002363636363636364, 'epoch': 0.04}
{'loss': 6.1465, 'learning_rate': 0.0002359090909090909, 'epoch': 0.04}
{'loss': 6.1201, 'learning_rate': 0.00023545454545454545, 'epoch': 0.04}
{'loss': 6.1308, 'learning_rate': 0.00023500000000000002, 'epoch': 0.04}
{'loss': 6.1266, 'learning_rate': 0.00023454545454545454, 'epoch': 0.04}
{'loss': 6.091, 'learning_rate': 0.00023409090909090908, 'epoch': 0.04}
{'loss': 6.1204, 'learning_rate': 0.00023363636363636365, 'epoch': 0.04}
{'loss': 6.1331, 'learning_rate': 0.00023318181818181822, 'epoch': 0.04}
{'loss': 6.1241, 'learning_rate': 0.00023272727272727271, 'epoch': 0.04}
{'loss': 6.1449, 'learning_rate': 0.00023227272727272729, 'epoch': 0.04}
{'loss': 6.1188, 'learning_rate': 0.00023181818181818186, 'epoch': 0.04}
{'loss': 6.0912, 'learning_rate': 0.00023136363636363635, 'epoch': 0.04}
{'loss': 6.1087, 'learning_rate': 0.00023090909090909092, 'epoch': 0.04}
{'loss': 6.1249, 'learning_rate': 0.0002304545454545455, 'epoch': 0.04}
{'loss': 6.0888, 'learning_rate': 0.00022999999999999998, 'epoch': 0.04}
{'loss': 6.0865, 'learning_rate': 0.00022954545454545455, 'epoch': 0.04}
{'loss': 6.1291, 'learning_rate': 0.00022909090909090912, 'epoch': 0.04}
{'loss': 6.0925, 'learning_rate': 0.00022863636363636364, 'epoch': 0.04}
{'loss': 6.1232, 'learning_rate': 0.00022818181818181818, 'epoch': 0.04}
{'loss': 6.1014, 'learning_rate': 0.00022772727272727276, 'epoch': 0.04}
{'loss': 6.1287, 'learning_rate': 0.0002272727272727273, 'epoch': 0.04}
{'loss': 6.1058, 'learning_rate': 0.00022681818181818182, 'epoch': 0.04}
{'loss': 6.1169, 'learning_rate': 0.0002263636363636364, 'epoch': 0.04}
{'loss': 6.068, 'learning_rate': 0.00022590909090909093, 'epoch': 0.04}
{'loss': 6.0981, 'learning_rate': 0.00022545454545454545, 'epoch': 0.04}
{'loss': 6.1154, 'learning_rate': 0.00022500000000000002, 'epoch': 0.04}
{'loss': 6.1234, 'learning_rate': 0.00022454545454545457, 'epoch': 0.04}
{'loss': 6.1403, 'learning_rate': 0.00022409090909090908, 'epoch': 0.04}
{'loss': 6.1284, 'learning_rate': 0.00022363636363636365, 'epoch': 0.04}
{'loss': 6.1173, 'learning_rate': 0.0002231818181818182, 'epoch': 0.04}
{'loss': 6.1298, 'learning_rate': 0.00022272727272727272, 'epoch': 0.04}
{'loss': 6.0856, 'learning_rate': 0.0002222727272727273, 'epoch': 0.04}
{'loss': 6.1379, 'learning_rate': 0.00022181818181818183, 'epoch': 0.04}
{'loss': 6.1301, 'learning_rate': 0.0002213636363636364, 'epoch': 0.04}
{'loss': 6.0991, 'learning_rate': 0.00022090909090909092, 'epoch': 0.04}
{'loss': 6.1089, 'learning_rate': 0.00022045454545454546, 'epoch': 0.04}
{'loss': 6.1697, 'learning_rate': 0.00022000000000000003, 'epoch': 0.04}
{'loss': 6.0915, 'learning_rate': 0.00021954545454545455, 'epoch': 0.04}
{'loss': 6.1185, 'learning_rate': 0.0002190909090909091, 'epoch': 0.04}
{'loss': 6.1249, 'learning_rate': 0.00021863636363636367, 'epoch': 0.04}
{'loss': 6.1155, 'learning_rate': 0.00021818181818181818, 'epoch': 0.04}
{'loss': 6.1083, 'learning_rate': 0.00021772727272727273, 'epoch': 0.04}
{'loss': 6.149, 'learning_rate': 0.0002172727272727273, 'epoch': 0.04}
{'loss': 6.0755, 'learning_rate': 0.00021681818181818182, 'epoch': 0.04}
{'loss': 6.0863, 'learning_rate': 0.00021636363636363636, 'epoch': 0.04}
{'loss': 6.0623, 'learning_rate': 0.00021590909090909093, 'epoch': 0.04}
{'loss': 6.0673, 'learning_rate': 0.00021545454545454548, 'epoch': 0.04}
{'loss': 6.083, 'learning_rate': 0.000215, 'epoch': 0.04}
{'loss': 6.1404, 'learning_rate': 0.00021454545454545457, 'epoch': 0.04}
{'loss': 6.1298, 'learning_rate': 0.0002140909090909091, 'epoch': 0.04}
{'loss': 6.1152, 'learning_rate': 0.00021363636363636363, 'epoch': 0.04}
{'loss': 6.1213, 'learning_rate': 0.0002131818181818182, 'epoch': 0.04}
{'loss': 6.1032, 'learning_rate': 0.00021272727272727274, 'epoch': 0.04}
{'loss': 6.0893, 'learning_rate': 0.00021227272727272726, 'epoch': 0.04}
{'loss': 6.1257, 'learning_rate': 0.00021181818181818183, 'epoch': 0.04}
{'loss': 6.1465, 'learning_rate': 0.00021136363636363638, 'epoch': 0.04}
{'loss': 6.0796, 'learning_rate': 0.0002109090909090909, 'epoch': 0.04}
{'loss': 6.0906, 'learning_rate': 0.00021045454545454546, 'epoch': 0.04}
{'loss': 6.0769, 'learning_rate': 0.00021, 'epoch': 0.04}
{'loss': 6.1289, 'learning_rate': 0.00020954545454545453, 'epoch': 0.04}
{'loss': 6.0846, 'learning_rate': 0.0002090909090909091, 'epoch': 0.04}
{'loss': 6.0736, 'learning_rate': 0.00020863636363636364, 'epoch': 0.04}
{'loss': 6.0405, 'learning_rate': 0.0002081818181818182, 'epoch': 0.04}
{'loss': 6.0816, 'learning_rate': 0.00020772727272727273, 'epoch': 0.04}
{'loss': 6.1183, 'learning_rate': 0.00020727272727272727, 'epoch': 0.04}
{'loss': 6.0982, 'learning_rate': 0.00020681818181818185, 'epoch': 0.04}
{'loss': 6.0828, 'learning_rate': 0.00020636363636363636, 'epoch': 0.04}
{'loss': 6.0845, 'learning_rate': 0.0002059090909090909, 'epoch': 0.04}
{'loss': 6.067, 'learning_rate': 0.00020545454545454548, 'epoch': 0.04}
{'loss': 6.0905, 'learning_rate': 0.000205, 'epoch': 0.04}
{'loss': 6.064, 'learning_rate': 0.00020454545454545454, 'epoch': 0.04}
{'loss': 6.122, 'learning_rate': 0.0002040909090909091, 'epoch': 0.04}
{'loss': 6.0945, 'learning_rate': 0.00020363636363636363, 'epoch': 0.04}
{'loss': 6.0989, 'learning_rate': 0.00020318181818181817, 'epoch': 0.04}
{'loss': 6.0781, 'learning_rate': 0.00020272727272727274, 'epoch': 0.04}
{'loss': 6.1329, 'learning_rate': 0.00020227272727272732, 'epoch': 0.04}
{'loss': 6.0777, 'learning_rate': 0.0002018181818181818, 'epoch': 0.04}
{'loss': 6.1549, 'learning_rate': 0.00020136363636363638, 'epoch': 0.04}
{'loss': 6.0904, 'learning_rate': 0.00020090909090909095, 'epoch': 0.04}
{'loss': 6.068, 'learning_rate': 0.00020045454545454544, 'epoch': 0.04}
{'loss': 6.0335, 'learning_rate': 0.0002, 'epoch': 0.04}
{'loss': 6.083, 'learning_rate': 0.00019954545454545455, 'epoch': 0.04}
{'loss': 6.0761, 'learning_rate': 0.0001990909090909091, 'epoch': 0.04}
{'loss': 6.0559, 'learning_rate': 0.00019863636363636364, 'epoch': 0.04}
{'loss': 6.1143, 'learning_rate': 0.00019818181818181821, 'epoch': 0.04}
{'loss': 6.0963, 'learning_rate': 0.00019772727272727273, 'epoch': 0.04}
{'loss': 6.0754, 'learning_rate': 0.00019727272727272728, 'epoch': 0.04}
{'loss': 6.0522, 'learning_rate': 0.00019681818181818185, 'epoch': 0.04}
{'loss': 6.1391, 'learning_rate': 0.00019636363636363636, 'epoch': 0.04}
{'loss': 6.052, 'learning_rate': 0.0001959090909090909, 'epoch': 0.04}
{'loss': 6.1013, 'learning_rate': 0.00019545454545454548, 'epoch': 0.04}
{'loss': 6.0307, 'learning_rate': 0.000195, 'epoch': 0.04}
{'loss': 6.0579, 'learning_rate': 0.00019454545454545457, 'epoch': 0.04}
{'loss': 6.0983, 'learning_rate': 0.0001940909090909091, 'epoch': 0.04}
{'loss': 6.0441, 'learning_rate': 0.00019363636363636363, 'epoch': 0.04}
{'loss': 6.0824, 'learning_rate': 0.0001931818181818182, 'epoch': 0.04}
{'loss': 6.087, 'learning_rate': 0.00019272727272727274, 'epoch': 0.04}
{'loss': 6.0909, 'learning_rate': 0.00019227272727272726, 'epoch': 0.04}
{'loss': 6.0385, 'learning_rate': 0.00019181818181818183, 'epoch': 0.04}
{'loss': 6.0536, 'learning_rate': 0.00019136363636363638, 'epoch': 0.04}
{'loss': 6.1089, 'learning_rate': 0.00019090909090909092, 'epoch': 0.04}
{'loss': 6.1055, 'learning_rate': 0.00019045454545454547, 'epoch': 0.04}
{'loss': 6.1096, 'learning_rate': 0.00019, 'epoch': 0.04}
{'loss': 6.0991, 'learning_rate': 0.00018954545454545455, 'epoch': 0.04}
{'loss': 6.1061, 'learning_rate': 0.0001890909090909091, 'epoch': 0.04}
{'loss': 6.0639, 'learning_rate': 0.00018863636363636364, 'epoch': 0.04}
{'loss': 6.0704, 'learning_rate': 0.0001881818181818182, 'epoch': 0.04}
{'loss': 6.0629, 'learning_rate': 0.00018772727272727273, 'epoch': 0.04}
{'loss': 6.0757, 'learning_rate': 0.00018727272727272728, 'epoch': 0.04}
{'loss': 6.1243, 'learning_rate': 0.00018681818181818182, 'epoch': 0.04}
{'loss': 6.1067, 'learning_rate': 0.00018636363636363636, 'epoch': 0.04}
{'loss': 6.103, 'learning_rate': 0.0001859090909090909, 'epoch': 0.04}
{'loss': 6.0755, 'learning_rate': 0.00018545454545454545, 'epoch': 0.04}
{'loss': 6.0811, 'learning_rate': 0.00018500000000000002, 'epoch': 0.04}
{'loss': 6.0104, 'learning_rate': 0.00018454545454545454, 'epoch': 0.04}
{'loss': 6.0897, 'learning_rate': 0.00018409090909090909, 'epoch': 0.04}
{'loss': 6.0956, 'learning_rate': 0.00018363636363636366, 'epoch': 0.04}
{'loss': 6.0455, 'learning_rate': 0.00018318181818181817, 'epoch': 0.04}
{'loss': 6.0562, 'learning_rate': 0.00018272727272727275, 'epoch': 0.04}
{'loss': 6.0461, 'learning_rate': 0.0001822727272727273, 'epoch': 0.05}
{'loss': 6.054, 'learning_rate': 0.00018181818181818183, 'epoch': 0.05}
{'loss': 6.0608, 'learning_rate': 0.00018136363636363638, 'epoch': 0.05}
{'loss': 6.0913, 'learning_rate': 0.00018090909090909092, 'epoch': 0.05}
{'loss': 6.0684, 'learning_rate': 0.00018045454545454547, 'epoch': 0.05}
{'loss': 6.0728, 'learning_rate': 0.00018, 'epoch': 0.05}
{'loss': 6.0726, 'learning_rate': 0.00017954545454545456, 'epoch': 0.05}
{'loss': 6.0826, 'learning_rate': 0.0001790909090909091, 'epoch': 0.05}
{'loss': 6.0409, 'learning_rate': 0.00017863636363636364, 'epoch': 0.05}
{'loss': 6.0655, 'learning_rate': 0.0001781818181818182, 'epoch': 0.05}
{'loss': 6.1059, 'learning_rate': 0.00017772727272727273, 'epoch': 0.05}
{'loss': 6.0599, 'learning_rate': 0.00017727272727272728, 'epoch': 0.05}
{'loss': 6.0639, 'learning_rate': 0.00017681818181818182, 'epoch': 0.05}
{'loss': 6.0794, 'learning_rate': 0.00017636363636363637, 'epoch': 0.05}
{'loss': 6.067, 'learning_rate': 0.0001759090909090909, 'epoch': 0.05}
{'loss': 6.0106, 'learning_rate': 0.00017545454545454548, 'epoch': 0.05}
{'loss': 6.1113, 'learning_rate': 0.000175, 'epoch': 0.05}
{'loss': 6.0704, 'learning_rate': 0.00017454545454545454, 'epoch': 0.05}
{'loss': 6.0808, 'learning_rate': 0.00017409090909090911, 'epoch': 0.05}
{'loss': 6.0678, 'learning_rate': 0.00017363636363636363, 'epoch': 0.05}
{'loss': 6.0306, 'learning_rate': 0.0001731818181818182, 'epoch': 0.05}
{'loss': 6.0723, 'learning_rate': 0.00017272727272727275, 'epoch': 0.05}
{'loss': 6.0392, 'learning_rate': 0.00017227272727272726, 'epoch': 0.05}
{'loss': 6.0889, 'learning_rate': 0.00017181818181818184, 'epoch': 0.05}
{'loss': 6.0266, 'learning_rate': 0.00017136363636363638, 'epoch': 0.05}
{'loss': 6.0759, 'learning_rate': 0.0001709090909090909, 'epoch': 0.05}
{'loss': 6.0581, 'learning_rate': 0.00017045454545454547, 'epoch': 0.05}
{'loss': 6.0493, 'learning_rate': 0.00017, 'epoch': 0.05}
{'loss': 6.0588, 'learning_rate': 0.00016954545454545456, 'epoch': 0.05}
{'loss': 6.0474, 'learning_rate': 0.0001690909090909091, 'epoch': 0.05}
{'loss': 6.0503, 'learning_rate': 0.00016863636363636364, 'epoch': 0.05}
{'loss': 6.0452, 'learning_rate': 0.0001681818181818182, 'epoch': 0.05}
{'loss': 5.9841, 'learning_rate': 0.00016772727272727273, 'epoch': 0.05}
{'loss': 6.0251, 'learning_rate': 0.00016727272727272728, 'epoch': 0.05}
{'loss': 6.0486, 'learning_rate': 0.00016681818181818182, 'epoch': 0.05}
{'loss': 6.0784, 'learning_rate': 0.00016636363636363637, 'epoch': 0.05}
{'loss': 6.0503, 'learning_rate': 0.00016590909090909094, 'epoch': 0.05}
{'loss': 6.0857, 'learning_rate': 0.00016545454545454545, 'epoch': 0.05}
{'loss': 6.0655, 'learning_rate': 0.000165, 'epoch': 0.05}
{'loss': 6.0786, 'learning_rate': 0.00016454545454545457, 'epoch': 0.05}
{'loss': 6.0383, 'learning_rate': 0.0001640909090909091, 'epoch': 0.05}
{'loss': 6.0429, 'learning_rate': 0.00016363636363636366, 'epoch': 0.05}
{'loss': 6.0331, 'learning_rate': 0.0001631818181818182, 'epoch': 0.05}
{'loss': 6.0664, 'learning_rate': 0.00016272727272727272, 'epoch': 0.05}
{'loss': 6.0338, 'learning_rate': 0.0001622727272727273, 'epoch': 0.05}
{'loss': 6.0905, 'learning_rate': 0.00016181818181818184, 'epoch': 0.05}
{'loss': 6.0952, 'learning_rate': 0.00016136363636363635, 'epoch': 0.05}
{'loss': 6.0172, 'learning_rate': 0.00016090909090909092, 'epoch': 0.05}
{'loss': 6.0659, 'learning_rate': 0.00016045454545454547, 'epoch': 0.05}
{'loss': 6.0065, 'learning_rate': 0.00016, 'epoch': 0.05}
{'loss': 6.0719, 'learning_rate': 0.00015954545454545456, 'epoch': 0.05}
{'loss': 6.052, 'learning_rate': 0.0001590909090909091, 'epoch': 0.05}
{'loss': 6.0287, 'learning_rate': 0.00015863636363636365, 'epoch': 0.05}
{'loss': 6.0833, 'learning_rate': 0.0001581818181818182, 'epoch': 0.05}
{'loss': 6.0147, 'learning_rate': 0.00015772727272727273, 'epoch': 0.05}
{'loss': 6.0485, 'learning_rate': 0.00015727272727272728, 'epoch': 0.05}
{'loss': 6.0164, 'learning_rate': 0.00015681818181818182, 'epoch': 0.05}
{'loss': 6.0424, 'learning_rate': 0.00015636363636363637, 'epoch': 0.05}
{'loss': 6.1057, 'learning_rate': 0.0001559090909090909, 'epoch': 0.05}
{'loss': 6.0026, 'learning_rate': 0.00015545454545454546, 'epoch': 0.05}
{'loss': 6.0157, 'learning_rate': 0.000155, 'epoch': 0.05}
{'loss': 6.0236, 'learning_rate': 0.00015454545454545454, 'epoch': 0.05}
{'loss': 6.0222, 'learning_rate': 0.00015409090909090912, 'epoch': 0.05}
{'loss': 6.0371, 'learning_rate': 0.00015363636363636363, 'epoch': 0.05}
{'loss': 6.0349, 'learning_rate': 0.00015318181818181818, 'epoch': 0.05}
{'loss': 6.0168, 'learning_rate': 0.00015272727272727275, 'epoch': 0.05}
{'loss': 6.0474, 'learning_rate': 0.00015227272727272727, 'epoch': 0.05}
{'loss': 6.0738, 'learning_rate': 0.0001518181818181818, 'epoch': 0.05}
{'loss': 6.0896, 'learning_rate': 0.00015136363636363638, 'epoch': 0.05}
{'loss': 6.0216, 'learning_rate': 0.0001509090909090909, 'epoch': 0.05}
{'loss': 6.0406, 'learning_rate': 0.00015045454545454547, 'epoch': 0.05}
{'loss': 6.0723, 'learning_rate': 0.00015000000000000001, 'epoch': 0.05}
{'loss': 6.0175, 'learning_rate': 0.00014954545454545453, 'epoch': 0.05}
{'loss': 5.9996, 'learning_rate': 0.0001490909090909091, 'epoch': 0.05}
{'loss': 6.0438, 'learning_rate': 0.00014863636363636365, 'epoch': 0.05}
{'loss': 6.0601, 'learning_rate': 0.0001481818181818182, 'epoch': 0.05}
{'loss': 5.998, 'learning_rate': 0.00014772727272727274, 'epoch': 0.05}
{'loss': 6.0188, 'learning_rate': 0.00014727272727272728, 'epoch': 0.05}
{'loss': 6.061, 'learning_rate': 0.00014681818181818182, 'epoch': 0.05}
{'loss': 6.0275, 'learning_rate': 0.00014636363636363637, 'epoch': 0.05}
{'loss': 6.025, 'learning_rate': 0.0001459090909090909, 'epoch': 0.05}
{'loss': 6.0041, 'learning_rate': 0.00014545454545454546, 'epoch': 0.05}
{'loss': 6.048, 'learning_rate': 0.000145, 'epoch': 0.05}
{'loss': 6.0149, 'learning_rate': 0.00014454545454545457, 'epoch': 0.05}
{'loss': 6.0741, 'learning_rate': 0.0001440909090909091, 'epoch': 0.05}
{'loss': 6.0467, 'learning_rate': 0.00014363636363636363, 'epoch': 0.05}
{'loss': 6.0861, 'learning_rate': 0.0001431818181818182, 'epoch': 0.05}
{'loss': 6.0147, 'learning_rate': 0.00014272727272727272, 'epoch': 0.05}
{'loss': 6.0437, 'learning_rate': 0.00014227272727272727, 'epoch': 0.05}
{'loss': 6.0626, 'learning_rate': 0.00014181818181818184, 'epoch': 0.05}
{'loss': 6.0456, 'learning_rate': 0.00014136363636363635, 'epoch': 0.05}
{'loss': 6.0219, 'learning_rate': 0.00014090909090909093, 'epoch': 0.05}
{'loss': 6.0277, 'learning_rate': 0.00014045454545454547, 'epoch': 0.05}
{'loss': 5.9957, 'learning_rate': 0.00014, 'epoch': 0.05}
{'loss': 6.0125, 'learning_rate': 0.00013954545454545456, 'epoch': 0.05}
{'loss': 6.0167, 'learning_rate': 0.0001390909090909091, 'epoch': 0.05}
{'loss': 5.9861, 'learning_rate': 0.00013863636363636365, 'epoch': 0.05}
{'loss': 6.0171, 'learning_rate': 0.0001381818181818182, 'epoch': 0.05}
{'loss': 6.0537, 'learning_rate': 0.00013772727272727274, 'epoch': 0.05}
{'loss': 6.0649, 'learning_rate': 0.00013727272727272728, 'epoch': 0.05}
{'loss': 6.0476, 'learning_rate': 0.00013681818181818182, 'epoch': 0.05}
{'loss': 5.9874, 'learning_rate': 0.00013636363636363637, 'epoch': 0.05}
{'loss': 6.043, 'learning_rate': 0.0001359090909090909, 'epoch': 0.05}
{'loss': 6.0157, 'learning_rate': 0.00013545454545454546, 'epoch': 0.05}
{'loss': 6.0321, 'learning_rate': 0.00013500000000000003, 'epoch': 0.05}
{'loss': 5.9822, 'learning_rate': 0.00013454545454545455, 'epoch': 0.05}
{'loss': 6.0592, 'learning_rate': 0.0001340909090909091, 'epoch': 0.05}
{'loss': 6.0387, 'learning_rate': 0.00013363636363636366, 'epoch': 0.05}
{'loss': 6.0457, 'learning_rate': 0.00013318181818181818, 'epoch': 0.05}
{'loss': 6.0533, 'learning_rate': 0.00013272727272727275, 'epoch': 0.05}
{'loss': 5.9865, 'learning_rate': 0.0001322727272727273, 'epoch': 0.05}
{'loss': 6.0235, 'learning_rate': 0.0001318181818181818, 'epoch': 0.05}
{'loss': 6.0399, 'learning_rate': 0.00013136363636363638, 'epoch': 0.05}
{'loss': 5.956, 'learning_rate': 0.00013090909090909093, 'epoch': 0.05}
{'loss': 5.9943, 'learning_rate': 0.00013045454545454544, 'epoch': 0.05}
{'loss': 6.007, 'learning_rate': 0.00013000000000000002, 'epoch': 0.05}
{'loss': 6.0402, 'learning_rate': 0.00012954545454545456, 'epoch': 0.05}
{'loss': 5.9879, 'learning_rate': 0.0001290909090909091, 'epoch': 0.05}
{'loss': 6.0157, 'learning_rate': 0.00012863636363636365, 'epoch': 0.05}
{'loss': 5.9877, 'learning_rate': 0.0001281818181818182, 'epoch': 0.05}
{'loss': 6.0183, 'learning_rate': 0.00012772727272727274, 'epoch': 0.05}
{'loss': 6.0316, 'learning_rate': 0.00012727272727272728, 'epoch': 0.05}
{'loss': 6.0057, 'learning_rate': 0.00012681818181818183, 'epoch': 0.05}
{'loss': 5.979, 'learning_rate': 0.00012636363636363637, 'epoch': 0.05}
{'loss': 6.0467, 'learning_rate': 0.00012590909090909091, 'epoch': 0.05}
{'loss': 5.958, 'learning_rate': 0.00012545454545454546, 'epoch': 0.05}
{'loss': 6.0091, 'learning_rate': 0.000125, 'epoch': 0.05}
{'loss': 6.022, 'learning_rate': 0.00012454545454545455, 'epoch': 0.05}
{'loss': 6.0107, 'learning_rate': 0.0001240909090909091, 'epoch': 0.05}
{'loss': 5.9796, 'learning_rate': 0.00012363636363636364, 'epoch': 0.05}
{'loss': 5.9988, 'learning_rate': 0.0001231818181818182, 'epoch': 0.05}
{'loss': 5.9869, 'learning_rate': 0.00012272727272727272, 'epoch': 0.05}
{'loss': 6.0357, 'learning_rate': 0.00012227272727272727, 'epoch': 0.05}
{'loss': 5.9815, 'learning_rate': 0.00012181818181818183, 'epoch': 0.06}
{'loss': 5.989, 'learning_rate': 0.00012136363636363637, 'epoch': 0.06}
{'loss': 6.0264, 'learning_rate': 0.0001209090909090909, 'epoch': 0.06}
{'loss': 6.0108, 'learning_rate': 0.00012045454545454546, 'epoch': 0.06}
{'loss': 5.9881, 'learning_rate': 0.00012, 'epoch': 0.06}
{'loss': 6.0326, 'learning_rate': 0.00011954545454545456, 'epoch': 0.06}
{'loss': 6.0257, 'learning_rate': 0.00011909090909090909, 'epoch': 0.06}
{'loss': 5.9874, 'learning_rate': 0.00011863636363636364, 'epoch': 0.06}
{'loss': 5.9898, 'learning_rate': 0.0001181818181818182, 'epoch': 0.06}
{'loss': 5.9963, 'learning_rate': 0.00011772727272727272, 'epoch': 0.06}
{'loss': 6.0411, 'learning_rate': 0.00011727272727272727, 'epoch': 0.06}
{'loss': 5.9924, 'learning_rate': 0.00011681818181818183, 'epoch': 0.06}
{'loss': 5.9618, 'learning_rate': 0.00011636363636363636, 'epoch': 0.06}
{'loss': 5.9861, 'learning_rate': 0.00011590909090909093, 'epoch': 0.06}
{'loss': 5.9978, 'learning_rate': 0.00011545454545454546, 'epoch': 0.06}
{'loss': 6.0106, 'learning_rate': 0.00011499999999999999, 'epoch': 0.06}
{'loss': 5.9233, 'learning_rate': 0.00011454545454545456, 'epoch': 0.06}
{'loss': 5.9974, 'learning_rate': 0.00011409090909090909, 'epoch': 0.06}
{'loss': 5.9806, 'learning_rate': 0.00011363636363636365, 'epoch': 0.06}
{'loss': 6.0486, 'learning_rate': 0.0001131818181818182, 'epoch': 0.06}
{'loss': 5.9662, 'learning_rate': 0.00011272727272727272, 'epoch': 0.06}
{'loss': 6.0367, 'learning_rate': 0.00011227272727272728, 'epoch': 0.06}
{'loss': 6.0631, 'learning_rate': 0.00011181818181818183, 'epoch': 0.06}
{'loss': 6.0212, 'learning_rate': 0.00011136363636363636, 'epoch': 0.06}
{'loss': 5.9859, 'learning_rate': 0.00011090909090909092, 'epoch': 0.06}
{'loss': 5.9703, 'learning_rate': 0.00011045454545454546, 'epoch': 0.06}
{'loss': 5.9632, 'learning_rate': 0.00011000000000000002, 'epoch': 0.06}
{'loss': 5.9884, 'learning_rate': 0.00010954545454545455, 'epoch': 0.06}
{'loss': 6.0096, 'learning_rate': 0.00010909090909090909, 'epoch': 0.06}
{'loss': 6.0289, 'learning_rate': 0.00010863636363636365, 'epoch': 0.06}
{'loss': 5.9889, 'learning_rate': 0.00010818181818181818, 'epoch': 0.06}
{'loss': 5.9988, 'learning_rate': 0.00010772727272727274, 'epoch': 0.06}
{'loss': 6.0106, 'learning_rate': 0.00010727272727272728, 'epoch': 0.06}
{'loss': 5.9581, 'learning_rate': 0.00010681818181818181, 'epoch': 0.06}
{'loss': 6.0159, 'learning_rate': 0.00010636363636363637, 'epoch': 0.06}
{'loss': 5.9779, 'learning_rate': 0.00010590909090909092, 'epoch': 0.06}
{'loss': 5.9992, 'learning_rate': 0.00010545454545454545, 'epoch': 0.06}
{'loss': 6.0208, 'learning_rate': 0.000105, 'epoch': 0.06}
{'loss': 5.9631, 'learning_rate': 0.00010454545454545455, 'epoch': 0.06}
{'loss': 5.9532, 'learning_rate': 0.0001040909090909091, 'epoch': 0.06}
{'loss': 6.0009, 'learning_rate': 0.00010363636363636364, 'epoch': 0.06}
{'loss': 5.9164, 'learning_rate': 0.00010318181818181818, 'epoch': 0.06}
{'loss': 5.9835, 'learning_rate': 0.00010272727272727274, 'epoch': 0.06}
{'loss': 6.0205, 'learning_rate': 0.00010227272727272727, 'epoch': 0.06}
{'loss': 5.97, 'learning_rate': 0.00010181818181818181, 'epoch': 0.06}
{'loss': 5.9744, 'learning_rate': 0.00010136363636363637, 'epoch': 0.06}
{'loss': 5.9696, 'learning_rate': 0.0001009090909090909, 'epoch': 0.06}
{'loss': 5.9685, 'learning_rate': 0.00010045454545454547, 'epoch': 0.06}
{'loss': 6.043, 'learning_rate': 0.0001, 'epoch': 0.06}
{'loss': 5.9833, 'learning_rate': 9.954545454545455e-05, 'epoch': 0.06}
{'loss': 6.053, 'learning_rate': 9.909090909090911e-05, 'epoch': 0.06}
{'loss': 6.0446, 'learning_rate': 9.863636363636364e-05, 'epoch': 0.06}
{'loss': 6.0214, 'learning_rate': 9.818181818181818e-05, 'epoch': 0.06}
{'loss': 5.9976, 'learning_rate': 9.772727272727274e-05, 'epoch': 0.06}
{'loss': 6.0575, 'learning_rate': 9.727272727272728e-05, 'epoch': 0.06}
{'loss': 6.0194, 'learning_rate': 9.681818181818181e-05, 'epoch': 0.06}
{'loss': 5.9857, 'learning_rate': 9.636363636363637e-05, 'epoch': 0.06}
{'loss': 5.981, 'learning_rate': 9.590909090909092e-05, 'epoch': 0.06}
{'loss': 5.9748, 'learning_rate': 9.545454545454546e-05, 'epoch': 0.06}
{'loss': 6.0045, 'learning_rate': 9.5e-05, 'epoch': 0.06}
{'loss': 6.0342, 'learning_rate': 9.454545454545455e-05, 'epoch': 0.06}
{'loss': 5.9837, 'learning_rate': 9.40909090909091e-05, 'epoch': 0.06}
{'loss': 5.9599, 'learning_rate': 9.363636363636364e-05, 'epoch': 0.06}
{'loss': 6.0047, 'learning_rate': 9.318181818181818e-05, 'epoch': 0.06}
{'loss': 6.0175, 'learning_rate': 9.272727272727273e-05, 'epoch': 0.06}
{'loss': 5.9636, 'learning_rate': 9.227272727272727e-05, 'epoch': 0.06}
{'loss': 5.9548, 'learning_rate': 9.181818181818183e-05, 'epoch': 0.06}
{'loss': 5.9209, 'learning_rate': 9.136363636363637e-05, 'epoch': 0.06}
{'loss': 5.9963, 'learning_rate': 9.090909090909092e-05, 'epoch': 0.06}
{'loss': 5.9978, 'learning_rate': 9.045454545454546e-05, 'epoch': 0.06}
{'loss': 5.9231, 'learning_rate': 9e-05, 'epoch': 0.06}
{'loss': 5.9675, 'learning_rate': 8.954545454545455e-05, 'epoch': 0.06}
{'loss': 5.9484, 'learning_rate': 8.90909090909091e-05, 'epoch': 0.06}
{'loss': 6.0117, 'learning_rate': 8.863636363636364e-05, 'epoch': 0.06}
{'loss': 5.9988, 'learning_rate': 8.818181818181818e-05, 'epoch': 0.06}
{'loss': 5.9626, 'learning_rate': 8.772727272727274e-05, 'epoch': 0.06}
{'loss': 6.0145, 'learning_rate': 8.727272727272727e-05, 'epoch': 0.06}
{'loss': 5.9595, 'learning_rate': 8.681818181818182e-05, 'epoch': 0.06}
{'loss': 5.9798, 'learning_rate': 8.636363636363637e-05, 'epoch': 0.06}
{'loss': 5.9825, 'learning_rate': 8.590909090909092e-05, 'epoch': 0.06}
{'loss': 6.018, 'learning_rate': 8.545454545454545e-05, 'epoch': 0.06}
{'loss': 5.9688, 'learning_rate': 8.5e-05, 'epoch': 0.06}
{'loss': 5.9557, 'learning_rate': 8.454545454545455e-05, 'epoch': 0.06}
{'loss': 6.0124, 'learning_rate': 8.40909090909091e-05, 'epoch': 0.06}
{'loss': 6.0016, 'learning_rate': 8.363636363636364e-05, 'epoch': 0.06}
{'loss': 6.0021, 'learning_rate': 8.318181818181818e-05, 'epoch': 0.06}
{'loss': 5.9766, 'learning_rate': 8.272727272727273e-05, 'epoch': 0.06}
{'loss': 6.0178, 'learning_rate': 8.227272727272729e-05, 'epoch': 0.06}
{'loss': 5.9383, 'learning_rate': 8.181818181818183e-05, 'epoch': 0.06}
{'loss': 6.0081, 'learning_rate': 8.136363636363636e-05, 'epoch': 0.06}
{'loss': 5.9679, 'learning_rate': 8.090909090909092e-05, 'epoch': 0.06}
{'loss': 6.0096, 'learning_rate': 8.045454545454546e-05, 'epoch': 0.06}
{'loss': 5.9732, 'learning_rate': 8e-05, 'epoch': 0.06}
{'loss': 6.011, 'learning_rate': 7.954545454545455e-05, 'epoch': 0.06}
{'loss': 5.9084, 'learning_rate': 7.90909090909091e-05, 'epoch': 0.06}
{'loss': 6.0091, 'learning_rate': 7.863636363636364e-05, 'epoch': 0.06}
{'loss': 6.0245, 'learning_rate': 7.818181818181818e-05, 'epoch': 0.06}
{'loss': 5.9476, 'learning_rate': 7.772727272727273e-05, 'epoch': 0.06}
{'loss': 5.9218, 'learning_rate': 7.727272727272727e-05, 'epoch': 0.06}
{'loss': 5.9681, 'learning_rate': 7.681818181818182e-05, 'epoch': 0.06}
{'loss': 5.9397, 'learning_rate': 7.636363636363637e-05, 'epoch': 0.06}
{'loss': 5.9604, 'learning_rate': 7.59090909090909e-05, 'epoch': 0.06}
{'loss': 5.9619, 'learning_rate': 7.545454545454545e-05, 'epoch': 0.06}
{'loss': 5.9779, 'learning_rate': 7.500000000000001e-05, 'epoch': 0.06}
{'loss': 5.997, 'learning_rate': 7.454545454545455e-05, 'epoch': 0.06}
{'loss': 5.989, 'learning_rate': 7.40909090909091e-05, 'epoch': 0.06}
{'loss': 5.9678, 'learning_rate': 7.363636363636364e-05, 'epoch': 0.06}
{'loss': 5.9767, 'learning_rate': 7.318181818181818e-05, 'epoch': 0.06}
{'loss': 6.0011, 'learning_rate': 7.272727272727273e-05, 'epoch': 0.06}
{'loss': 5.9717, 'learning_rate': 7.227272727272729e-05, 'epoch': 0.06}
{'loss': 5.9732, 'learning_rate': 7.181818181818182e-05, 'epoch': 0.06}
{'loss': 5.9562, 'learning_rate': 7.136363636363636e-05, 'epoch': 0.06}
{'loss': 5.9974, 'learning_rate': 7.090909090909092e-05, 'epoch': 0.06}
{'loss': 6.0072, 'learning_rate': 7.045454545454546e-05, 'epoch': 0.06}
{'loss': 5.9338, 'learning_rate': 7e-05, 'epoch': 0.06}
{'loss': 5.9635, 'learning_rate': 6.954545454545455e-05, 'epoch': 0.06}
{'loss': 5.9882, 'learning_rate': 6.90909090909091e-05, 'epoch': 0.06}
{'loss': 5.9639, 'learning_rate': 6.863636363636364e-05, 'epoch': 0.06}
{'loss': 5.9744, 'learning_rate': 6.818181818181818e-05, 'epoch': 0.06}
{'loss': 5.9138, 'learning_rate': 6.772727272727273e-05, 'epoch': 0.06}
{'loss': 5.9985, 'learning_rate': 6.727272727272727e-05, 'epoch': 0.06}
{'loss': 5.9639, 'learning_rate': 6.681818181818183e-05, 'epoch': 0.06}
{'loss': 5.9922, 'learning_rate': 6.636363636363638e-05, 'epoch': 0.06}
{'loss': 6.0012, 'learning_rate': 6.59090909090909e-05, 'epoch': 0.06}
{'loss': 5.8828, 'learning_rate': 6.545454545454546e-05, 'epoch': 0.06}
{'loss': 5.9499, 'learning_rate': 6.500000000000001e-05, 'epoch': 0.06}
{'loss': 5.9901, 'learning_rate': 6.454545454545455e-05, 'epoch': 0.06}
{'loss': 5.9963, 'learning_rate': 6.40909090909091e-05, 'epoch': 0.06}
{'loss': 5.965, 'learning_rate': 6.363636363636364e-05, 'epoch': 0.06}
{'loss': 5.9977, 'learning_rate': 6.318181818181818e-05, 'epoch': 0.06}
{'loss': 5.9677, 'learning_rate': 6.272727272727273e-05, 'epoch': 0.06}
{'loss': 6.0103, 'learning_rate': 6.227272727272727e-05, 'epoch': 0.06}
{'loss': 5.9982, 'learning_rate': 6.181818181818182e-05, 'epoch': 0.06}
{'loss': 5.9551, 'learning_rate': 6.136363636363636e-05, 'epoch': 0.07}
{'loss': 6.0232, 'learning_rate': 6.090909090909091e-05, 'epoch': 0.07}
{'loss': 5.9857, 'learning_rate': 6.045454545454545e-05, 'epoch': 0.07}
{'loss': 5.9009, 'learning_rate': 6e-05, 'epoch': 0.07}
{'loss': 6.0075, 'learning_rate': 5.9545454545454546e-05, 'epoch': 0.07}
{'loss': 5.9436, 'learning_rate': 5.90909090909091e-05, 'epoch': 0.07}
{'loss': 5.9237, 'learning_rate': 5.8636363636363634e-05, 'epoch': 0.07}
{'loss': 5.9839, 'learning_rate': 5.818181818181818e-05, 'epoch': 0.07}
{'loss': 5.9803, 'learning_rate': 5.772727272727273e-05, 'epoch': 0.07}
{'loss': 5.9816, 'learning_rate': 5.727272727272728e-05, 'epoch': 0.07}
{'loss': 5.9486, 'learning_rate': 5.6818181818181825e-05, 'epoch': 0.07}
{'loss': 5.9955, 'learning_rate': 5.636363636363636e-05, 'epoch': 0.07}
{'loss': 5.9768, 'learning_rate': 5.5909090909090913e-05, 'epoch': 0.07}
{'loss': 5.9212, 'learning_rate': 5.545454545454546e-05, 'epoch': 0.07}
{'loss': 5.9863, 'learning_rate': 5.500000000000001e-05, 'epoch': 0.07}
{'loss': 5.9481, 'learning_rate': 5.4545454545454546e-05, 'epoch': 0.07}
{'loss': 5.9526, 'learning_rate': 5.409090909090909e-05, 'epoch': 0.07}
{'loss': 5.9926, 'learning_rate': 5.363636363636364e-05, 'epoch': 0.07}
{'loss': 5.9988, 'learning_rate': 5.3181818181818186e-05, 'epoch': 0.07}
{'loss': 5.9586, 'learning_rate': 5.272727272727272e-05, 'epoch': 0.07}
{'loss': 5.9912, 'learning_rate': 5.2272727272727274e-05, 'epoch': 0.07}
{'loss': 5.9707, 'learning_rate': 5.181818181818182e-05, 'epoch': 0.07}
{'loss': 5.9566, 'learning_rate': 5.136363636363637e-05, 'epoch': 0.07}
{'loss': 5.9124, 'learning_rate': 5.090909090909091e-05, 'epoch': 0.07}
{'loss': 5.9577, 'learning_rate': 5.045454545454545e-05, 'epoch': 0.07}
{'loss': 5.9896, 'learning_rate': 5e-05, 'epoch': 0.07}
{'loss': 5.9465, 'learning_rate': 4.9545454545454553e-05, 'epoch': 0.07}
{'loss': 5.9864, 'learning_rate': 4.909090909090909e-05, 'epoch': 0.07}
{'loss': 5.9512, 'learning_rate': 4.863636363636364e-05, 'epoch': 0.07}
{'loss': 5.9487, 'learning_rate': 4.8181818181818186e-05, 'epoch': 0.07}
{'loss': 5.9682, 'learning_rate': 4.772727272727273e-05, 'epoch': 0.07}
{'loss': 5.9873, 'learning_rate': 4.7272727272727275e-05, 'epoch': 0.07}
{'loss': 5.9806, 'learning_rate': 4.681818181818182e-05, 'epoch': 0.07}
{'loss': 5.926, 'learning_rate': 4.636363636363636e-05, 'epoch': 0.07}
{'loss': 5.9843, 'learning_rate': 4.5909090909090914e-05, 'epoch': 0.07}
{'loss': 5.9874, 'learning_rate': 4.545454545454546e-05, 'epoch': 0.07}
{'loss': 5.962, 'learning_rate': 4.5e-05, 'epoch': 0.07}
{'loss': 5.9654, 'learning_rate': 4.454545454545455e-05, 'epoch': 0.07}
{'loss': 5.9185, 'learning_rate': 4.409090909090909e-05, 'epoch': 0.07}
{'loss': 6.0141, 'learning_rate': 4.3636363636363636e-05, 'epoch': 0.07}
{'loss': 5.9929, 'learning_rate': 4.318181818181819e-05, 'epoch': 0.07}
{'loss': 5.9477, 'learning_rate': 4.2727272727272724e-05, 'epoch': 0.07}
{'loss': 5.9719, 'learning_rate': 4.2272727272727275e-05, 'epoch': 0.07}
{'loss': 5.9792, 'learning_rate': 4.181818181818182e-05, 'epoch': 0.07}
{'loss': 5.9603, 'learning_rate': 4.1363636363636364e-05, 'epoch': 0.07}
{'loss': 5.9511, 'learning_rate': 4.0909090909090915e-05, 'epoch': 0.07}
{'loss': 5.9428, 'learning_rate': 4.045454545454546e-05, 'epoch': 0.07}
{'loss': 5.9606, 'learning_rate': 4e-05, 'epoch': 0.07}
{'loss': 5.916, 'learning_rate': 3.954545454545455e-05, 'epoch': 0.07}
{'loss': 5.9449, 'learning_rate': 3.909090909090909e-05, 'epoch': 0.07}
{'loss': 5.9116, 'learning_rate': 3.8636363636363636e-05, 'epoch': 0.07}
{'loss': 6.0061, 'learning_rate': 3.818181818181819e-05, 'epoch': 0.07}
{'loss': 5.9244, 'learning_rate': 3.7727272727272725e-05, 'epoch': 0.07}
{'loss': 5.9353, 'learning_rate': 3.7272727272727276e-05, 'epoch': 0.07}
{'loss': 5.9778, 'learning_rate': 3.681818181818182e-05, 'epoch': 0.07}
{'loss': 5.9636, 'learning_rate': 3.6363636363636364e-05, 'epoch': 0.07}
{'loss': 5.8997, 'learning_rate': 3.590909090909091e-05, 'epoch': 0.07}
{'loss': 5.9333, 'learning_rate': 3.545454545454546e-05, 'epoch': 0.07}
{'loss': 5.98, 'learning_rate': 3.5e-05, 'epoch': 0.07}
{'loss': 5.9486, 'learning_rate': 3.454545454545455e-05, 'epoch': 0.07}
{'loss': 5.9055, 'learning_rate': 3.409090909090909e-05, 'epoch': 0.07}
{'loss': 6.0097, 'learning_rate': 3.3636363636363636e-05, 'epoch': 0.07}
{'loss': 5.9418, 'learning_rate': 3.318181818181819e-05, 'epoch': 0.07}
{'loss': 5.9801, 'learning_rate': 3.272727272727273e-05, 'epoch': 0.07}
{'loss': 5.9843, 'learning_rate': 3.2272727272727276e-05, 'epoch': 0.07}
{'loss': 5.9249, 'learning_rate': 3.181818181818182e-05, 'epoch': 0.07}
{'loss': 6.0028, 'learning_rate': 3.1363636363636365e-05, 'epoch': 0.07}
{'loss': 6.0098, 'learning_rate': 3.090909090909091e-05, 'epoch': 0.07}
{'loss': 5.9346, 'learning_rate': 3.0454545454545456e-05, 'epoch': 0.07}
{'loss': 5.9051, 'learning_rate': 3e-05, 'epoch': 0.07}
{'loss': 5.9511, 'learning_rate': 2.954545454545455e-05, 'epoch': 0.07}
{'loss': 5.9535, 'learning_rate': 2.909090909090909e-05, 'epoch': 0.07}
{'loss': 5.9924, 'learning_rate': 2.863636363636364e-05, 'epoch': 0.07}
{'loss': 5.9168, 'learning_rate': 2.818181818181818e-05, 'epoch': 0.07}
{'loss': 5.9162, 'learning_rate': 2.772727272727273e-05, 'epoch': 0.07}
{'loss': 5.9693, 'learning_rate': 2.7272727272727273e-05, 'epoch': 0.07}
{'loss': 5.9822, 'learning_rate': 2.681818181818182e-05, 'epoch': 0.07}
{'loss': 5.98, 'learning_rate': 2.636363636363636e-05, 'epoch': 0.07}
{'loss': 5.9669, 'learning_rate': 2.590909090909091e-05, 'epoch': 0.07}
{'loss': 6.003, 'learning_rate': 2.5454545454545454e-05, 'epoch': 0.07}
{'loss': 5.9693, 'learning_rate': 2.5e-05, 'epoch': 0.07}
{'loss': 5.925, 'learning_rate': 2.4545454545454545e-05, 'epoch': 0.07}
{'loss': 5.9994, 'learning_rate': 2.4090909090909093e-05, 'epoch': 0.07}
{'loss': 5.8895, 'learning_rate': 2.3636363636363637e-05, 'epoch': 0.07}
{'loss': 5.9237, 'learning_rate': 2.318181818181818e-05, 'epoch': 0.07}
{'loss': 5.9071, 'learning_rate': 2.272727272727273e-05, 'epoch': 0.07}
{'loss': 5.923, 'learning_rate': 2.2272727272727274e-05, 'epoch': 0.07}
{'loss': 5.9698, 'learning_rate': 2.1818181818181818e-05, 'epoch': 0.07}
{'loss': 5.9773, 'learning_rate': 2.1363636363636362e-05, 'epoch': 0.07}
{'loss': 5.9532, 'learning_rate': 2.090909090909091e-05, 'epoch': 0.07}
{'loss': 5.9199, 'learning_rate': 2.0454545454545457e-05, 'epoch': 0.07}
{'loss': 5.9383, 'learning_rate': 2e-05, 'epoch': 0.07}
{'loss': 5.9805, 'learning_rate': 1.9545454545454546e-05, 'epoch': 0.07}
{'loss': 5.9337, 'learning_rate': 1.9090909090909094e-05, 'epoch': 0.07}
{'loss': 5.9649, 'learning_rate': 1.8636363636363638e-05, 'epoch': 0.07}
{'loss': 5.8843, 'learning_rate': 1.8181818181818182e-05, 'epoch': 0.07}
{'loss': 5.9764, 'learning_rate': 1.772727272727273e-05, 'epoch': 0.07}
{'loss': 5.928, 'learning_rate': 1.7272727272727274e-05, 'epoch': 0.07}
{'loss': 5.9407, 'learning_rate': 1.6818181818181818e-05, 'epoch': 0.07}
{'loss': 5.9095, 'learning_rate': 1.6363636363636366e-05, 'epoch': 0.07}
{'loss': 5.9229, 'learning_rate': 1.590909090909091e-05, 'epoch': 0.07}
{'loss': 5.9074, 'learning_rate': 1.5454545454545454e-05, 'epoch': 0.07}
{'loss': 5.9568, 'learning_rate': 1.5e-05, 'epoch': 0.07}
{'loss': 5.9621, 'learning_rate': 1.4545454545454545e-05, 'epoch': 0.07}
{'loss': 5.8956, 'learning_rate': 1.409090909090909e-05, 'epoch': 0.07}
{'loss': 5.9238, 'learning_rate': 1.3636363636363637e-05, 'epoch': 0.07}
{'loss': 5.9204, 'learning_rate': 1.318181818181818e-05, 'epoch': 0.07}
{'loss': 5.919, 'learning_rate': 1.2727272727272727e-05, 'epoch': 0.07}
{'loss': 5.9586, 'learning_rate': 1.2272727272727273e-05, 'epoch': 0.07}
{'loss': 5.9449, 'learning_rate': 1.1818181818181819e-05, 'epoch': 0.07}
{'loss': 5.9468, 'learning_rate': 1.1363636363636365e-05, 'epoch': 0.07}
{'loss': 5.9424, 'learning_rate': 1.0909090909090909e-05, 'epoch': 0.07}
{'loss': 5.9018, 'learning_rate': 1.0454545454545455e-05, 'epoch': 0.07}
{'loss': 5.933, 'learning_rate': 1e-05, 'epoch': 0.07}
{'loss': 5.9556, 'learning_rate': 9.545454545454547e-06, 'epoch': 0.07}
{'loss': 5.9478, 'learning_rate': 9.090909090909091e-06, 'epoch': 0.07}
{'loss': 5.9174, 'learning_rate': 8.636363636363637e-06, 'epoch': 0.07}
{'loss': 5.9424, 'learning_rate': 8.181818181818183e-06, 'epoch': 0.07}
{'loss': 5.9668, 'learning_rate': 7.727272727272727e-06, 'epoch': 0.07}
{'loss': 5.8813, 'learning_rate': 7.272727272727272e-06, 'epoch': 0.07}
{'loss': 6.0133, 'learning_rate': 6.818181818181818e-06, 'epoch': 0.07}
{'loss': 5.9333, 'learning_rate': 6.363636363636363e-06, 'epoch': 0.07}
{'loss': 5.9441, 'learning_rate': 5.909090909090909e-06, 'epoch': 0.07}
{'loss': 5.9882, 'learning_rate': 5.4545454545454545e-06, 'epoch': 0.07}
{'loss': 5.9661, 'learning_rate': 5e-06, 'epoch': 0.07}
{'loss': 5.9762, 'learning_rate': 4.5454545454545455e-06, 'epoch': 0.07}
{'loss': 5.9592, 'learning_rate': 4.0909090909090915e-06, 'epoch': 0.07}
{'loss': 6.0314, 'learning_rate': 3.636363636363636e-06, 'epoch': 0.07}
{'loss': 5.9698, 'learning_rate': 3.1818181818181817e-06, 'epoch': 0.07}
{'loss': 5.9269, 'learning_rate': 2.7272727272727272e-06, 'epoch': 0.07}
{'loss': 5.9431, 'learning_rate': 2.2727272727272728e-06, 'epoch': 0.07}
{'loss': 5.9608, 'learning_rate': 1.818181818181818e-06, 'epoch': 0.07}
{'loss': 5.9912, 'learning_rate': 1.3636363636363636e-06, 'epoch': 0.07}
{'loss': 5.9451, 'learning_rate': 9.09090909090909e-07, 'epoch': 0.08}
{'loss': 5.935, 'learning_rate': 4.545454545454545e-07, 'epoch': 0.08}
{'loss': 5.9575, 'learning_rate': 0.0, 'epoch': 0.08}
