ERROR: Unable to locate a modulefile for 'anaconda3/2022.05'
ERROR: Unable to locate a modulefile for 'profile/deeplrn'
Loading cuda/11.8.0-none-none
  ERROR: Conflicting cuda is loaded
03/26/2026 16:16:27 - WARNING - graph_enc.src.model.run_mlm - Process rank: 0, device: cuda:0, n_gpu: 1distributed training: True, 16-bits training: False
03/26/2026 16:16:27 - INFO - graph_enc.src.model.run_mlm - Training/evaluation parameters TrainingArguments(
_n_gpu=1,
adafactor=False,
adam_beta1=0.9,
adam_beta2=0.98,
adam_epsilon=1e-06,
auto_find_batch_size=False,
bf16=False,
bf16_full_eval=False,
data_seed=None,
dataloader_drop_last=False,
dataloader_num_workers=0,
dataloader_pin_memory=True,
ddp_backend=None,
ddp_bucket_cap_mb=None,
ddp_find_unused_parameters=False,
ddp_timeout=1800,
debug=[],
deepspeed=None,
disable_tqdm=False,
do_eval=True,
do_predict=False,
do_train=True,
eval_accumulation_steps=None,
eval_delay=0,
eval_steps=None,
evaluation_strategy=epoch,
fp16=False,
fp16_backend=auto,
fp16_full_eval=False,
fp16_opt_level=O1,
fsdp=[],
fsdp_config={'fsdp_min_num_params': 0, 'xla': False, 'xla_fsdp_grad_ckpt': False},
fsdp_min_num_params=0,
fsdp_transformer_layer_cls_to_wrap=None,
full_determinism=False,
gradient_accumulation_steps=1,
gradient_checkpointing=False,
greater_is_better=None,
group_by_length=False,
half_precision_backend=auto,
hub_model_id=None,
hub_private_repo=False,
hub_strategy=every_save,
hub_token=<HUB_TOKEN>,
ignore_data_skip=False,
include_inputs_for_metrics=False,
jit_mode_eval=False,
label_names=None,
label_smoothing_factor=0.0,
learning_rate=0.1,
length_column_name=length,
load_best_model_at_end=False,
local_rank=0,
log_level=passive,
log_level_replica=warning,
log_on_each_node=True,
logging_dir=/work/tesi_fgaragnani/checkpoints/ai4bio/dnabert2_cs_marta/runs/Mar26_16-16-27_rezzonico,
logging_first_step=True,
logging_nan_inf_filter=True,
logging_steps=10,
logging_strategy=steps,
lr_scheduler_type=linear,
max_grad_norm=1.0,
max_steps=40000,
metric_for_best_model=None,
mp_parameters=,
no_cuda=False,
num_train_epochs=3.0,
optim=adamw_hf,
optim_args=None,
output_dir=/work/tesi_fgaragnani/checkpoints/ai4bio/dnabert2_cs_marta,
overwrite_output_dir=True,
past_index=-1,
per_device_eval_batch_size=8,
per_device_train_batch_size=8,
prediction_loss_only=False,
push_to_hub=False,
push_to_hub_model_id=None,
push_to_hub_organization=None,
push_to_hub_token=<PUSH_TO_HUB_TOKEN>,
ray_scope=last,
remove_unused_columns=True,
report_to=[],
resume_from_checkpoint=None,
run_name=/work/tesi_fgaragnani/checkpoints/ai4bio/dnabert2_cs_marta,
save_on_each_node=False,
save_safetensors=False,
save_steps=20000,
save_strategy=steps,
save_total_limit=None,
seed=42,
sharded_ddp=[],
skip_memory_metrics=True,
tf32=None,
torch_compile=False,
torch_compile_backend=None,
torch_compile_mode=None,
torchdynamo=None,
tpu_metrics_debug=False,
tpu_num_cores=None,
use_ipex=False,
use_legacy_prediction_loop=False,
use_mps_device=False,
warmup_ratio=0.0,
warmup_steps=1200,
weight_decay=1e-05,
xpu_backend=None,
)
03/26/2026 16:16:27 - WARNING - graph_enc.src.model.run_mlm - Process rank: 3, device: cuda:3, n_gpu: 1distributed training: True, 16-bits training: False
03/26/2026 16:16:27 - WARNING - graph_enc.src.model.run_mlm - Process rank: 2, device: cuda:2, n_gpu: 1distributed training: True, 16-bits training: False
03/26/2026 16:16:27 - WARNING - graph_enc.src.model.run_mlm - Process rank: 1, device: cuda:1, n_gpu: 1distributed training: True, 16-bits training: False
03/26/2026 16:17:30 - INFO - graph_enc.src.model.run_mlm - Vocabulary size: 4096
03/26/2026 16:17:30 - INFO - graph_enc.src.model.run_mlm - Training new model from scratch
[Info] Computed num_train_epochs=1 (steps_per_epoch=531920, effective_batch_size=32, world_size=4)
[Info] Computed num_train_epochs=1 (steps_per_epoch=531920, effective_batch_size=32, world_size=4)
[Info] Computed num_train_epochs=1 (steps_per_epoch=531920, effective_batch_size=32, world_size=4)
[Info] Computed num_train_epochs=1 (steps_per_epoch=531920, effective_batch_size=32, world_size=4)
[BatchStats] sample=0 masked_tokens_pct=6.41 unique_token_ids=67
[BatchStats] sample=1 masked_tokens_pct=5.19 unique_token_ids=74
[BatchStats] sample=2 masked_tokens_pct=8.57 unique_token_ids=88
[BatchStats] sample=3 masked_tokens_pct=6.78 unique_token_ids=55
[BatchStats] sample=4 masked_tokens_pct=14.29 unique_token_ids=75
[BatchStats] sample=5 masked_tokens_pct=7.94 unique_token_ids=60
[BatchStats] sample=6 masked_tokens_pct=5.43 unique_token_ids=105
[BatchStats] sample=7 masked_tokens_pct=13.25 unique_token_ids=72
[BatchStats] sample=0 masked_tokens_pct=6.67 unique_token_ids=69
[BatchStats] sample=1 masked_tokens_pct=8.40 unique_token_ids=105
[BatchStats] sample=2 masked_tokens_pct=7.35 unique_token_ids=62
[BatchStats] sample=3 masked_tokens_pct=1.59 unique_token_ids=60
[BatchStats] sample=4 masked_tokens_pct=14.95 unique_token_ids=313
[BatchStats] sample=5 masked_tokens_pct=5.06 unique_token_ids=70
[BatchStats] sample=6 masked_tokens_pct=8.22 unique_token_ids=64
[BatchStats] sample=7 masked_tokens_pct=9.09 unique_token_ids=146
[BatchStats] sample=0 masked_tokens_pct=7.63 unique_token_ids=94
[BatchStats] sample=1 masked_tokens_pct=12.14 unique_token_ids=111
[BatchStats] sample=2 masked_tokens_pct=8.06 unique_token_ids=151
[BatchStats] sample=3 masked_tokens_pct=12.71 unique_token_ids=235
[BatchStats] sample=4 masked_tokens_pct=8.80 unique_token_ids=356
[BatchStats] sample=5 masked_tokens_pct=9.00 unique_token_ids=160
[BatchStats] sample=6 masked_tokens_pct=8.79 unique_token_ids=82
[BatchStats] sample=7 masked_tokens_pct=5.88 unique_token_ids=47
[BatchStats] sample=0 masked_tokens_pct=6.33 unique_token_ids=68
[BatchStats] sample=1 masked_tokens_pct=10.11 unique_token_ids=81
[BatchStats] sample=2 masked_tokens_pct=13.29 unique_token_ids=103
[BatchStats] sample=3 masked_tokens_pct=9.70 unique_token_ids=228
[BatchStats] sample=4 masked_tokens_pct=5.41 unique_token_ids=34
[BatchStats] sample=5 masked_tokens_pct=3.70 unique_token_ids=97
[BatchStats] sample=6 masked_tokens_pct=6.52 unique_token_ids=42
[BatchStats] sample=7 masked_tokens_pct=5.06 unique_token_ids=74
{'loss': 8.4108, 'learning_rate': 8.333333333333334e-05, 'epoch': 0.0}
[BatchStats] sample=0 masked_tokens_pct=7.53 unique_token_ids=86
[BatchStats] sample=1 masked_tokens_pct=5.17 unique_token_ids=51
[BatchStats] sample=0 masked_tokens_pct=6.19 unique_token_ids=101[BatchStats] sample=2 masked_tokens_pct=9.09 unique_token_ids=20

[BatchStats] sample=3 masked_tokens_pct=5.04 unique_token_ids=120
[BatchStats] sample=1 masked_tokens_pct=11.11 unique_token_ids=41[BatchStats] sample=4 masked_tokens_pct=4.76 unique_token_ids=39

[BatchStats] sample=2 masked_tokens_pct=3.85 unique_token_ids=25[BatchStats] sample=5 masked_tokens_pct=5.00 unique_token_ids=37

[BatchStats] sample=3 masked_tokens_pct=5.00 unique_token_ids=39[BatchStats] sample=6 masked_tokens_pct=7.59 unique_token_ids=115

[BatchStats] sample=4 masked_tokens_pct=6.25 unique_token_ids=45[BatchStats] sample=7 masked_tokens_pct=6.52 unique_token_ids=43

[BatchStats] sample=5 masked_tokens_pct=11.27 unique_token_ids=59
[BatchStats] sample=6 masked_tokens_pct=3.92 unique_token_ids=43
[BatchStats] sample=7 masked_tokens_pct=2.97 unique_token_ids=90
[BatchStats] sample=0 masked_tokens_pct=11.11 unique_token_ids=25
[BatchStats] sample=1 masked_tokens_pct=11.67 unique_token_ids=96
[BatchStats] sample=2 masked_tokens_pct=12.24 unique_token_ids=443
[BatchStats] sample=3 masked_tokens_pct=6.25 unique_token_ids=45
[BatchStats] sample=4 masked_tokens_pct=6.25 unique_token_ids=56
[BatchStats] sample=5 masked_tokens_pct=7.14 unique_token_ids=49
[BatchStats] sample=6 masked_tokens_pct=9.09 unique_token_ids=68
[BatchStats] sample=7 masked_tokens_pct=18.04 unique_token_ids=213
[BatchStats] sample=0 masked_tokens_pct=7.00 unique_token_ids=82
[BatchStats] sample=1 masked_tokens_pct=6.36 unique_token_ids=88
[BatchStats] sample=2 masked_tokens_pct=6.98 unique_token_ids=39
[BatchStats] sample=3 masked_tokens_pct=15.62 unique_token_ids=335
[BatchStats] sample=4 masked_tokens_pct=10.62 unique_token_ids=119
[BatchStats] sample=5 masked_tokens_pct=12.50 unique_token_ids=61
[BatchStats] sample=6 masked_tokens_pct=8.00 unique_token_ids=70
[BatchStats] sample=7 masked_tokens_pct=2.78 unique_token_ids=68
[BatchStats] sample=0 masked_tokens_pct=5.56 unique_token_ids=227
[BatchStats] sample=1 masked_tokens_pct=6.45 unique_token_ids=58
[BatchStats] sample=2 masked_tokens_pct=11.80 unique_token_ids=117
[BatchStats] sample=3 masked_tokens_pct=3.52 unique_token_ids=473
[BatchStats] sample=4 masked_tokens_pct=6.90 unique_token_ids=143
[BatchStats] sample=5 masked_tokens_pct=5.56 unique_token_ids=53
[BatchStats] sample=6 masked_tokens_pct=8.70 unique_token_ids=77
[BatchStats] sample=7 masked_tokens_pct=9.35 unique_token_ids=81
[BatchStats] sample=0 masked_tokens_pct=7.04 unique_token_ids=64
[BatchStats] sample=1 masked_tokens_pct=6.25 unique_token_ids=97
[BatchStats] sample=2 masked_tokens_pct=11.14 unique_token_ids=195
[BatchStats] sample=3 masked_tokens_pct=5.56 unique_token_ids=35
[BatchStats] sample=4 masked_tokens_pct=8.75 unique_token_ids=71
[BatchStats] sample=5 masked_tokens_pct=7.89 unique_token_ids=96
[BatchStats] sample=6 masked_tokens_pct=11.36 unique_token_ids=72
[BatchStats] sample=7 masked_tokens_pct=4.83 unique_token_ids=125
[BatchStats] sample=0 masked_tokens_pct=2.63 unique_token_ids=38
[BatchStats] sample=1 masked_tokens_pct=10.10 unique_token_ids=88
[BatchStats] sample=2 masked_tokens_pct=6.32 unique_token_ids=208
[BatchStats] sample=3 masked_tokens_pct=1.45 unique_token_ids=63
[BatchStats] sample=4 masked_tokens_pct=6.25 unique_token_ids=60
[BatchStats] sample=5 masked_tokens_pct=10.14 unique_token_ids=59
[BatchStats] sample=6 masked_tokens_pct=9.15 unique_token_ids=433
[BatchStats] sample=7 masked_tokens_pct=7.50 unique_token_ids=71
[BatchStats] sample=0 masked_tokens_pct=12.50 unique_token_ids=108
[BatchStats] sample=1 masked_tokens_pct=10.29 unique_token_ids=58
[BatchStats] sample=2 masked_tokens_pct=12.70 unique_token_ids=54
[BatchStats] sample=3 masked_tokens_pct=7.41 unique_token_ids=26
[BatchStats] sample=4 masked_tokens_pct=7.14 unique_token_ids=117
[BatchStats] sample=5 masked_tokens_pct=2.86 unique_token_ids=441
[BatchStats] sample=6 masked_tokens_pct=9.52 unique_token_ids=77
[BatchStats] sample=7 masked_tokens_pct=7.14 unique_token_ids=95
[BatchStats] sample=0 masked_tokens_pct=6.02 unique_token_ids=65
[BatchStats] sample=1 masked_tokens_pct=6.35 unique_token_ids=56
[BatchStats] sample=2 masked_tokens_pct=4.35 unique_token_ids=101
[BatchStats] sample=3 masked_tokens_pct=10.66 unique_token_ids=97
[BatchStats] sample=4 masked_tokens_pct=8.33 unique_token_ids=95
[BatchStats] sample=5 masked_tokens_pct=17.39 unique_token_ids=172
[BatchStats] sample=6 masked_tokens_pct=6.33 unique_token_ids=67
[BatchStats] sample=7 masked_tokens_pct=7.50 unique_token_ids=72
[BatchStats] sample=0 masked_tokens_pct=4.50 unique_token_ids=93
[BatchStats] sample=1 masked_tokens_pct=7.64 unique_token_ids=123
[BatchStats] sample=2 masked_tokens_pct=14.12 unique_token_ids=267
[BatchStats] sample=3 masked_tokens_pct=14.63 unique_token_ids=35
[BatchStats] sample=4 masked_tokens_pct=8.57 unique_token_ids=89
[BatchStats] sample=5 masked_tokens_pct=9.23 unique_token_ids=57
[BatchStats] sample=6 masked_tokens_pct=5.66 unique_token_ids=50
[BatchStats] sample=7 masked_tokens_pct=10.78 unique_token_ids=83
[BatchStats] sample=0 masked_tokens_pct=10.43 unique_token_ids=94
[BatchStats] sample=1 masked_tokens_pct=8.45 unique_token_ids=63
[BatchStats] sample=2 masked_tokens_pct=6.52 unique_token_ids=92
[BatchStats] sample=3 masked_tokens_pct=0.00 unique_token_ids=50
[BatchStats] sample=4 masked_tokens_pct=3.70 unique_token_ids=184
[BatchStats] sample=5 masked_tokens_pct=5.88 unique_token_ids=89
[BatchStats] sample=6 masked_tokens_pct=11.43 unique_token_ids=88
[BatchStats] sample=7 masked_tokens_pct=9.68 unique_token_ids=30
[BatchStats] sample=0 masked_tokens_pct=9.26 unique_token_ids=50
[BatchStats] sample=1 masked_tokens_pct=15.23 unique_token_ids=433
[BatchStats] sample=2 masked_tokens_pct=16.18 unique_token_ids=58
[BatchStats] sample=3 masked_tokens_pct=11.51 unique_token_ids=109
[BatchStats] sample=4 masked_tokens_pct=13.22 unique_token_ids=392
[BatchStats] sample=5 masked_tokens_pct=14.81 unique_token_ids=169
[BatchStats] sample=6 masked_tokens_pct=10.33 unique_token_ids=389
[BatchStats] sample=7 masked_tokens_pct=10.99 unique_token_ids=72
[BatchStats] sample=0 masked_tokens_pct=9.26 unique_token_ids=48
[BatchStats] sample=1 masked_tokens_pct=7.14 unique_token_ids=60
[BatchStats] sample=2 masked_tokens_pct=7.46 unique_token_ids=62
[BatchStats] sample=3 masked_tokens_pct=4.41 unique_token_ids=62
[BatchStats] sample=4 masked_tokens_pct=4.62 unique_token_ids=63
[BatchStats] sample=5 masked_tokens_pct=12.39 unique_token_ids=164
[BatchStats] sample=6 masked_tokens_pct=7.23 unique_token_ids=79
[BatchStats] sample=7 masked_tokens_pct=0.00 unique_token_ids=59
[BatchStats] sample=0 masked_tokens_pct=9.47 unique_token_ids=253
[BatchStats] sample=1 masked_tokens_pct=2.67 unique_token_ids=69
[BatchStats] sample=2 masked_tokens_pct=8.77 unique_token_ids=55
[BatchStats] sample=3 masked_tokens_pct=14.97 unique_token_ids=346
[BatchStats] sample=4 masked_tokens_pct=12.77 unique_token_ids=40
[BatchStats] sample=5 masked_tokens_pct=13.66 unique_token_ids=180
[BatchStats] sample=6 masked_tokens_pct=5.83 unique_token_ids=97
[BatchStats] sample=7 masked_tokens_pct=11.11 unique_token_ids=49
[BatchStats] sample=0 masked_tokens_pct=5.19 unique_token_ids=69
[BatchStats] sample=1 masked_tokens_pct=3.17 unique_token_ids=61
[BatchStats] sample=2 masked_tokens_pct=13.68 unique_token_ids=97
[BatchStats] sample=3 masked_tokens_pct=10.29 unique_token_ids=372
[BatchStats] sample=4 masked_tokens_pct=4.44 unique_token_ids=114
[BatchStats] sample=5 masked_tokens_pct=8.96 unique_token_ids=59
[BatchStats] sample=6 masked_tokens_pct=9.42 unique_token_ids=379
[BatchStats] sample=7 masked_tokens_pct=7.45 unique_token_ids=83
[BatchStats] sample=0 masked_tokens_pct=5.84 unique_token_ids=119
[BatchStats] sample=1 masked_tokens_pct=15.32 unique_token_ids=280
[BatchStats] sample=2 masked_tokens_pct=15.62 unique_token_ids=25
[BatchStats] sample=3 masked_tokens_pct=7.14 unique_token_ids=78
[BatchStats] sample=4 masked_tokens_pct=7.02 unique_token_ids=101
[BatchStats] sample=5 masked_tokens_pct=5.19 unique_token_ids=73
[BatchStats] sample=6 masked_tokens_pct=11.00 unique_token_ids=170
[BatchStats] sample=7 masked_tokens_pct=8.22 unique_token_ids=65
{'loss': 7.9507, 'learning_rate': 0.0008333333333333334, 'epoch': 0.0}
{'loss': 7.2328, 'learning_rate': 0.0016666666666666668, 'epoch': 0.0}
{'loss': 7.2332, 'learning_rate': 0.0025000000000000005, 'epoch': 0.0}
{'loss': 7.3544, 'learning_rate': 0.0033333333333333335, 'epoch': 0.0}
{'loss': 7.3038, 'learning_rate': 0.004166666666666667, 'epoch': 0.0}
{'loss': 7.1589, 'learning_rate': 0.005000000000000001, 'epoch': 0.0}
{'loss': 7.1072, 'learning_rate': 0.005833333333333334, 'epoch': 0.0}
{'loss': 7.1315, 'learning_rate': 0.006666666666666667, 'epoch': 0.0}
{'loss': 7.1421, 'learning_rate': 0.0075, 'epoch': 0.0}
{'loss': 7.1659, 'learning_rate': 0.008333333333333333, 'epoch': 0.0}
{'loss': 7.0908, 'learning_rate': 0.009166666666666667, 'epoch': 0.0}
{'loss': 7.0802, 'learning_rate': 0.010000000000000002, 'epoch': 0.0}
{'loss': 7.0279, 'learning_rate': 0.010833333333333334, 'epoch': 0.0}
{'loss': 7.0295, 'learning_rate': 0.011666666666666667, 'epoch': 0.0}
{'loss': 7.0703, 'learning_rate': 0.0125, 'epoch': 0.0}
{'loss': 7.0646, 'learning_rate': 0.013333333333333334, 'epoch': 0.0}
{'loss': 7.022, 'learning_rate': 0.014166666666666668, 'epoch': 0.0}
{'loss': 7.0386, 'learning_rate': 0.015, 'epoch': 0.0}
{'loss': 7.0001, 'learning_rate': 0.015833333333333335, 'epoch': 0.0}
{'loss': 7.0247, 'learning_rate': 0.016666666666666666, 'epoch': 0.0}
{'loss': 7.0572, 'learning_rate': 0.017499999999999998, 'epoch': 0.0}
{'loss': 7.0303, 'learning_rate': 0.018333333333333333, 'epoch': 0.0}
{'loss': 7.0197, 'learning_rate': 0.01916666666666667, 'epoch': 0.0}
{'loss': 7.0396, 'learning_rate': 0.020000000000000004, 'epoch': 0.0}
{'loss': 7.0218, 'learning_rate': 0.020833333333333336, 'epoch': 0.0}
{'loss': 7.0724, 'learning_rate': 0.021666666666666667, 'epoch': 0.0}
{'loss': 7.0018, 'learning_rate': 0.022500000000000003, 'epoch': 0.0}
{'loss': 7.0549, 'learning_rate': 0.023333333333333334, 'epoch': 0.0}
{'loss': 7.0401, 'learning_rate': 0.02416666666666667, 'epoch': 0.0}
{'loss': 7.104, 'learning_rate': 0.025, 'epoch': 0.0}
{'loss': 7.0443, 'learning_rate': 0.025833333333333337, 'epoch': 0.0}
{'loss': 7.0239, 'learning_rate': 0.02666666666666667, 'epoch': 0.0}
{'loss': 7.0168, 'learning_rate': 0.027500000000000004, 'epoch': 0.0}
{'loss': 7.0884, 'learning_rate': 0.028333333333333335, 'epoch': 0.0}
{'loss': 7.0053, 'learning_rate': 0.02916666666666667, 'epoch': 0.0}
{'loss': 7.0846, 'learning_rate': 0.03, 'epoch': 0.0}
{'loss': 7.1359, 'learning_rate': 0.030833333333333338, 'epoch': 0.0}
{'loss': 7.0216, 'learning_rate': 0.03166666666666667, 'epoch': 0.0}
{'loss': 7.0863, 'learning_rate': 0.0325, 'epoch': 0.0}
{'loss': 7.0762, 'learning_rate': 0.03333333333333333, 'epoch': 0.0}
{'loss': 7.0624, 'learning_rate': 0.03416666666666667, 'epoch': 0.0}
{'loss': 7.0763, 'learning_rate': 0.034999999999999996, 'epoch': 0.0}
{'loss': 7.0444, 'learning_rate': 0.035833333333333335, 'epoch': 0.0}
{'loss': 7.0385, 'learning_rate': 0.03666666666666667, 'epoch': 0.0}
{'loss': 7.1184, 'learning_rate': 0.037500000000000006, 'epoch': 0.0}
{'loss': 7.143, 'learning_rate': 0.03833333333333334, 'epoch': 0.0}
{'loss': 7.1201, 'learning_rate': 0.03916666666666667, 'epoch': 0.0}
{'loss': 7.0806, 'learning_rate': 0.04000000000000001, 'epoch': 0.0}
{'loss': 7.0486, 'learning_rate': 0.04083333333333333, 'epoch': 0.0}
{'loss': 7.0535, 'learning_rate': 0.04166666666666667, 'epoch': 0.0}
{'loss': 7.1235, 'learning_rate': 0.0425, 'epoch': 0.0}
{'loss': 7.0784, 'learning_rate': 0.043333333333333335, 'epoch': 0.0}
{'loss': 7.0838, 'learning_rate': 0.04416666666666667, 'epoch': 0.0}
{'loss': 7.3929, 'learning_rate': 0.045000000000000005, 'epoch': 0.0}
{'loss': 7.0875, 'learning_rate': 0.04583333333333334, 'epoch': 0.0}
{'loss': 7.1431, 'learning_rate': 0.04666666666666667, 'epoch': 0.0}
{'loss': 7.1648, 'learning_rate': 0.0475, 'epoch': 0.0}
{'loss': 7.1203, 'learning_rate': 0.04833333333333334, 'epoch': 0.0}
{'loss': 7.0733, 'learning_rate': 0.049166666666666664, 'epoch': 0.0}
{'loss': 7.1321, 'learning_rate': 0.05, 'epoch': 0.0}
{'loss': 7.1177, 'learning_rate': 0.050833333333333335, 'epoch': 0.0}
{'loss': 7.1533, 'learning_rate': 0.05166666666666667, 'epoch': 0.0}
{'loss': 7.2015, 'learning_rate': 0.052500000000000005, 'epoch': 0.0}
{'loss': 7.1267, 'learning_rate': 0.05333333333333334, 'epoch': 0.0}
{'loss': 7.1639, 'learning_rate': 0.05416666666666667, 'epoch': 0.0}
{'loss': 7.144, 'learning_rate': 0.05500000000000001, 'epoch': 0.0}
{'loss': 7.2075, 'learning_rate': 0.05583333333333334, 'epoch': 0.0}
{'loss': 7.1937, 'learning_rate': 0.05666666666666667, 'epoch': 0.0}
{'loss': 7.21, 'learning_rate': 0.057499999999999996, 'epoch': 0.0}
{'loss': 7.1992, 'learning_rate': 0.05833333333333334, 'epoch': 0.0}
{'loss': 7.2629, 'learning_rate': 0.05916666666666667, 'epoch': 0.0}
{'loss': 7.1663, 'learning_rate': 0.06, 'epoch': 0.0}
{'loss': 7.2331, 'learning_rate': 0.06083333333333333, 'epoch': 0.0}
{'loss': 7.2222, 'learning_rate': 0.061666666666666675, 'epoch': 0.0}
{'loss': 7.2672, 'learning_rate': 0.0625, 'epoch': 0.0}
{'loss': 7.2592, 'learning_rate': 0.06333333333333334, 'epoch': 0.0}
{'loss': 7.1901, 'learning_rate': 0.06416666666666668, 'epoch': 0.0}
{'loss': 7.2812, 'learning_rate': 0.065, 'epoch': 0.0}
{'loss': 7.2231, 'learning_rate': 0.06583333333333334, 'epoch': 0.0}
{'loss': 7.1707, 'learning_rate': 0.06666666666666667, 'epoch': 0.0}
{'loss': 7.1772, 'learning_rate': 0.0675, 'epoch': 0.0}
{'loss': 7.2287, 'learning_rate': 0.06833333333333334, 'epoch': 0.0}
{'loss': 7.2718, 'learning_rate': 0.06916666666666667, 'epoch': 0.0}
{'loss': 7.3173, 'learning_rate': 0.06999999999999999, 'epoch': 0.0}
{'loss': 7.2187, 'learning_rate': 0.07083333333333335, 'epoch': 0.0}
{'loss': 7.2232, 'learning_rate': 0.07166666666666667, 'epoch': 0.0}
{'loss': 7.1831, 'learning_rate': 0.0725, 'epoch': 0.0}
{'loss': 7.3065, 'learning_rate': 0.07333333333333333, 'epoch': 0.0}
{'loss': 7.2326, 'learning_rate': 0.07416666666666667, 'epoch': 0.0}
{'loss': 7.256, 'learning_rate': 0.07500000000000001, 'epoch': 0.0}
{'loss': 7.2529, 'learning_rate': 0.07583333333333334, 'epoch': 0.0}
{'loss': 7.2465, 'learning_rate': 0.07666666666666667, 'epoch': 0.0}
{'loss': 7.3318, 'learning_rate': 0.07750000000000001, 'epoch': 0.0}
{'loss': 7.3338, 'learning_rate': 0.07833333333333334, 'epoch': 0.0}
{'loss': 7.271, 'learning_rate': 0.07916666666666666, 'epoch': 0.0}
{'loss': 7.3022, 'learning_rate': 0.08000000000000002, 'epoch': 0.0}
{'loss': 7.3222, 'learning_rate': 0.08083333333333334, 'epoch': 0.0}
{'loss': 7.3774, 'learning_rate': 0.08166666666666667, 'epoch': 0.0}
{'loss': 7.3773, 'learning_rate': 0.0825, 'epoch': 0.0}
{'loss': 7.2774, 'learning_rate': 0.08333333333333334, 'epoch': 0.0}
{'loss': 7.3848, 'learning_rate': 0.08416666666666667, 'epoch': 0.0}
{'loss': 7.3332, 'learning_rate': 0.085, 'epoch': 0.0}
{'loss': 7.3446, 'learning_rate': 0.08583333333333333, 'epoch': 0.0}
{'loss': 7.3636, 'learning_rate': 0.08666666666666667, 'epoch': 0.0}
{'loss': 7.373, 'learning_rate': 0.08750000000000001, 'epoch': 0.0}
{'loss': 7.3888, 'learning_rate': 0.08833333333333333, 'epoch': 0.0}
{'loss': 7.3289, 'learning_rate': 0.08916666666666667, 'epoch': 0.0}
{'loss': 7.3476, 'learning_rate': 0.09000000000000001, 'epoch': 0.0}
{'loss': 7.3862, 'learning_rate': 0.09083333333333334, 'epoch': 0.0}
{'loss': 7.5054, 'learning_rate': 0.09166666666666667, 'epoch': 0.0}
{'loss': 7.3858, 'learning_rate': 0.09250000000000001, 'epoch': 0.0}
{'loss': 7.406, 'learning_rate': 0.09333333333333334, 'epoch': 0.0}
{'loss': 7.3493, 'learning_rate': 0.09416666666666668, 'epoch': 0.0}
{'loss': 7.4014, 'learning_rate': 0.095, 'epoch': 0.0}
{'loss': 7.4038, 'learning_rate': 0.09583333333333334, 'epoch': 0.0}
{'loss': 7.4123, 'learning_rate': 0.09666666666666668, 'epoch': 0.0}
{'loss': 7.5083, 'learning_rate': 0.0975, 'epoch': 0.0}
{'loss': 7.5043, 'learning_rate': 0.09833333333333333, 'epoch': 0.0}
{'loss': 7.4049, 'learning_rate': 0.09916666666666668, 'epoch': 0.0}
{'loss': 7.4851, 'learning_rate': 0.1, 'epoch': 0.0}
{'loss': 7.5657, 'learning_rate': 0.09997422680412371, 'epoch': 0.0}
{'loss': 7.511, 'learning_rate': 0.09994845360824743, 'epoch': 0.0}
{'loss': 7.6226, 'learning_rate': 0.09992268041237114, 'epoch': 0.0}
{'loss': 7.4839, 'learning_rate': 0.09989690721649486, 'epoch': 0.0}
{'loss': 7.5139, 'learning_rate': 0.09987113402061856, 'epoch': 0.0}
{'loss': 7.4892, 'learning_rate': 0.09984536082474227, 'epoch': 0.0}
{'loss': 7.5643, 'learning_rate': 0.09981958762886599, 'epoch': 0.0}
{'loss': 7.638, 'learning_rate': 0.0997938144329897, 'epoch': 0.0}
{'loss': 7.4898, 'learning_rate': 0.09976804123711341, 'epoch': 0.0}
{'loss': 7.5341, 'learning_rate': 0.09974226804123712, 'epoch': 0.0}
{'loss': 7.5722, 'learning_rate': 0.09971649484536083, 'epoch': 0.0}
{'loss': 7.505, 'learning_rate': 0.09969072164948455, 'epoch': 0.0}
{'loss': 7.5055, 'learning_rate': 0.09966494845360825, 'epoch': 0.0}
{'loss': 7.5921, 'learning_rate': 0.09963917525773197, 'epoch': 0.0}
{'loss': 7.5683, 'learning_rate': 0.09961340206185568, 'epoch': 0.0}
{'loss': 7.6009, 'learning_rate': 0.09958762886597938, 'epoch': 0.0}
{'loss': 7.6005, 'learning_rate': 0.0995618556701031, 'epoch': 0.0}
{'loss': 7.5899, 'learning_rate': 0.09953608247422681, 'epoch': 0.0}
{'loss': 7.5488, 'learning_rate': 0.09951030927835053, 'epoch': 0.0}
{'loss': 7.6077, 'learning_rate': 0.09948453608247423, 'epoch': 0.0}
{'loss': 7.6844, 'learning_rate': 0.09945876288659794, 'epoch': 0.0}
{'loss': 7.4503, 'learning_rate': 0.09943298969072166, 'epoch': 0.0}
{'loss': 7.5156, 'learning_rate': 0.09940721649484537, 'epoch': 0.0}
{'loss': 7.5632, 'learning_rate': 0.09938144329896909, 'epoch': 0.0}
{'loss': 7.6276, 'learning_rate': 0.09935567010309279, 'epoch': 0.0}
{'loss': 7.6917, 'learning_rate': 0.0993298969072165, 'epoch': 0.0}
{'loss': 7.5964, 'learning_rate': 0.09930412371134022, 'epoch': 0.0}
{'loss': 7.5539, 'learning_rate': 0.09927835051546392, 'epoch': 0.0}
{'loss': 7.695, 'learning_rate': 0.09925257731958764, 'epoch': 0.0}
{'loss': 7.4796, 'learning_rate': 0.09922680412371135, 'epoch': 0.0}
{'loss': 7.6739, 'learning_rate': 0.09920103092783505, 'epoch': 0.0}
{'loss': 7.6032, 'learning_rate': 0.09917525773195877, 'epoch': 0.0}
{'loss': 7.7353, 'learning_rate': 0.09914948453608248, 'epoch': 0.0}
{'loss': 7.6589, 'learning_rate': 0.0991237113402062, 'epoch': 0.0}
{'loss': 7.7035, 'learning_rate': 0.0990979381443299, 'epoch': 0.0}
{'loss': 7.788, 'learning_rate': 0.09907216494845361, 'epoch': 0.0}
{'loss': 7.5933, 'learning_rate': 0.09904639175257733, 'epoch': 0.0}
{'loss': 7.7624, 'learning_rate': 0.09902061855670104, 'epoch': 0.0}
{'loss': 7.7311, 'learning_rate': 0.09899484536082476, 'epoch': 0.0}
{'loss': 7.7109, 'learning_rate': 0.09896907216494846, 'epoch': 0.0}
{'loss': 7.6203, 'learning_rate': 0.09894329896907217, 'epoch': 0.0}
{'loss': 7.5444, 'learning_rate': 0.09891752577319589, 'epoch': 0.0}
{'loss': 7.5724, 'learning_rate': 0.0988917525773196, 'epoch': 0.0}
{'loss': 7.3868, 'learning_rate': 0.09886597938144331, 'epoch': 0.0}
{'loss': 7.7245, 'learning_rate': 0.09884020618556702, 'epoch': 0.0}
{'loss': 7.5699, 'learning_rate': 0.09881443298969073, 'epoch': 0.0}
{'loss': 7.6901, 'learning_rate': 0.09878865979381445, 'epoch': 0.0}
{'loss': 7.7502, 'learning_rate': 0.09876288659793815, 'epoch': 0.0}
{'loss': 7.7762, 'learning_rate': 0.09873711340206187, 'epoch': 0.0}
{'loss': 7.6164, 'learning_rate': 0.09871134020618558, 'epoch': 0.0}
{'loss': 7.6467, 'learning_rate': 0.09868556701030928, 'epoch': 0.0}
{'loss': 7.8144, 'learning_rate': 0.098659793814433, 'epoch': 0.0}
{'loss': 7.7299, 'learning_rate': 0.09863402061855671, 'epoch': 0.0}
{'loss': 7.7996, 'learning_rate': 0.09860824742268043, 'epoch': 0.0}
{'loss': 7.7549, 'learning_rate': 0.09858247422680413, 'epoch': 0.0}
{'loss': 7.8604, 'learning_rate': 0.09855670103092784, 'epoch': 0.0}
{'loss': 7.8467, 'learning_rate': 0.09853092783505156, 'epoch': 0.0}
{'loss': 7.7248, 'learning_rate': 0.09850515463917527, 'epoch': 0.0}
{'loss': 7.7857, 'learning_rate': 0.09847938144329899, 'epoch': 0.0}
{'loss': 7.6255, 'learning_rate': 0.09845360824742269, 'epoch': 0.0}
{'loss': 7.7443, 'learning_rate': 0.0984278350515464, 'epoch': 0.0}
{'loss': 7.677, 'learning_rate': 0.0984020618556701, 'epoch': 0.0}
{'loss': 7.7531, 'learning_rate': 0.09837628865979381, 'epoch': 0.0}
{'loss': 7.6515, 'learning_rate': 0.09835051546391753, 'epoch': 0.0}
{'loss': 7.6612, 'learning_rate': 0.09832474226804123, 'epoch': 0.0}
{'loss': 7.7389, 'learning_rate': 0.09829896907216495, 'epoch': 0.0}
{'loss': 7.6969, 'learning_rate': 0.09827319587628866, 'epoch': 0.0}
{'loss': 7.6751, 'learning_rate': 0.09824742268041237, 'epoch': 0.0}
{'loss': 7.7599, 'learning_rate': 0.09822164948453609, 'epoch': 0.0}
{'loss': 7.6677, 'learning_rate': 0.09819587628865979, 'epoch': 0.0}
{'loss': 7.8278, 'learning_rate': 0.09817010309278351, 'epoch': 0.0}
{'loss': 7.7849, 'learning_rate': 0.09814432989690722, 'epoch': 0.0}
{'loss': 7.7915, 'learning_rate': 0.09811855670103092, 'epoch': 0.0}
{'loss': 7.5953, 'learning_rate': 0.09809278350515464, 'epoch': 0.0}
{'loss': 7.6477, 'learning_rate': 0.09806701030927835, 'epoch': 0.0}
{'loss': 7.6934, 'learning_rate': 0.09804123711340207, 'epoch': 0.0}
{'loss': 7.7593, 'learning_rate': 0.09801546391752577, 'epoch': 0.0}
{'loss': 7.7363, 'learning_rate': 0.09798969072164948, 'epoch': 0.0}
{'loss': 7.6821, 'learning_rate': 0.0979639175257732, 'epoch': 0.0}
{'loss': 7.6861, 'learning_rate': 0.0979381443298969, 'epoch': 0.0}
{'loss': 7.7644, 'learning_rate': 0.09791237113402063, 'epoch': 0.0}
{'loss': 7.7548, 'learning_rate': 0.09788659793814433, 'epoch': 0.0}
{'loss': 7.6868, 'learning_rate': 0.09786082474226804, 'epoch': 0.0}
{'loss': 7.7806, 'learning_rate': 0.09783505154639176, 'epoch': 0.0}
{'loss': 7.8608, 'learning_rate': 0.09780927835051546, 'epoch': 0.0}
{'loss': 7.9009, 'learning_rate': 0.09778350515463918, 'epoch': 0.0}
{'loss': 7.7716, 'learning_rate': 0.09775773195876289, 'epoch': 0.0}
{'loss': 7.6134, 'learning_rate': 0.0977319587628866, 'epoch': 0.0}
{'loss': 7.6462, 'learning_rate': 0.09770618556701031, 'epoch': 0.0}
{'loss': 7.6076, 'learning_rate': 0.09768041237113402, 'epoch': 0.0}
{'loss': 7.7538, 'learning_rate': 0.09765463917525774, 'epoch': 0.0}
{'loss': 7.832, 'learning_rate': 0.09762886597938145, 'epoch': 0.0}
{'loss': 7.7046, 'learning_rate': 0.09760309278350515, 'epoch': 0.0}
{'loss': 7.7107, 'learning_rate': 0.09757731958762887, 'epoch': 0.0}
{'loss': 7.7128, 'learning_rate': 0.09755154639175258, 'epoch': 0.0}
{'loss': 7.612, 'learning_rate': 0.0975257731958763, 'epoch': 0.0}
{'loss': 7.6867, 'learning_rate': 0.0975, 'epoch': 0.0}
{'loss': 7.7973, 'learning_rate': 0.09747422680412371, 'epoch': 0.0}
{'loss': 7.861, 'learning_rate': 0.09744845360824743, 'epoch': 0.0}
{'loss': 7.8527, 'learning_rate': 0.09742268041237113, 'epoch': 0.0}
{'loss': 7.8007, 'learning_rate': 0.09739690721649485, 'epoch': 0.0}
{'loss': 7.8338, 'learning_rate': 0.09737113402061856, 'epoch': 0.0}
{'loss': 7.8093, 'learning_rate': 0.09734536082474227, 'epoch': 0.0}
{'loss': 7.7414, 'learning_rate': 0.09731958762886599, 'epoch': 0.0}
{'loss': 7.7499, 'learning_rate': 0.09729381443298969, 'epoch': 0.0}
{'loss': 7.8129, 'learning_rate': 0.09726804123711341, 'epoch': 0.0}
{'loss': 7.8032, 'learning_rate': 0.09724226804123712, 'epoch': 0.0}
{'loss': 7.8304, 'learning_rate': 0.09721649484536082, 'epoch': 0.0}
{'loss': 7.8427, 'learning_rate': 0.09719072164948454, 'epoch': 0.0}
{'loss': 7.8481, 'learning_rate': 0.09716494845360825, 'epoch': 0.0}
{'loss': 7.6379, 'learning_rate': 0.09713917525773197, 'epoch': 0.0}
{'loss': 7.7782, 'learning_rate': 0.09711340206185567, 'epoch': 0.0}
{'loss': 7.907, 'learning_rate': 0.09708762886597938, 'epoch': 0.0}
{'loss': 8.0799, 'learning_rate': 0.0970618556701031, 'epoch': 0.0}
{'loss': 7.7921, 'learning_rate': 0.0970360824742268, 'epoch': 0.0}
{'loss': 7.8771, 'learning_rate': 0.09701030927835053, 'epoch': 0.0}
{'loss': 7.7872, 'learning_rate': 0.09698453608247423, 'epoch': 0.0}
{'loss': 7.7694, 'learning_rate': 0.09695876288659794, 'epoch': 0.0}
{'loss': 7.7576, 'learning_rate': 0.09693298969072166, 'epoch': 0.0}
{'loss': 7.825, 'learning_rate': 0.09690721649484536, 'epoch': 0.0}
{'loss': 7.783, 'learning_rate': 0.09688144329896908, 'epoch': 0.0}
{'loss': 7.7944, 'learning_rate': 0.09685567010309279, 'epoch': 0.0}
{'loss': 7.7271, 'learning_rate': 0.0968298969072165, 'epoch': 0.0}
{'loss': 7.912, 'learning_rate': 0.09680412371134021, 'epoch': 0.0}
{'loss': 7.8605, 'learning_rate': 0.09677835051546392, 'epoch': 0.0}
{'loss': 7.9042, 'learning_rate': 0.09675257731958764, 'epoch': 0.0}
{'loss': 7.8178, 'learning_rate': 0.09672680412371135, 'epoch': 0.0}
{'loss': 7.746, 'learning_rate': 0.09670103092783505, 'epoch': 0.0}
{'loss': 7.7144, 'learning_rate': 0.09667525773195877, 'epoch': 0.0}
{'loss': 7.8881, 'learning_rate': 0.09664948453608248, 'epoch': 0.0}
{'loss': 7.8368, 'learning_rate': 0.0966237113402062, 'epoch': 0.0}
{'loss': 7.7681, 'learning_rate': 0.0965979381443299, 'epoch': 0.0}
{'loss': 7.7011, 'learning_rate': 0.09657216494845361, 'epoch': 0.0}
{'loss': 7.7354, 'learning_rate': 0.09654639175257733, 'epoch': 0.0}
{'loss': 7.9245, 'learning_rate': 0.09652061855670103, 'epoch': 0.0}
{'loss': 7.9187, 'learning_rate': 0.09649484536082475, 'epoch': 0.0}
{'loss': 7.8366, 'learning_rate': 0.09646907216494846, 'epoch': 0.0}
{'loss': 7.7033, 'learning_rate': 0.09644329896907217, 'epoch': 0.0}
{'loss': 7.7098, 'learning_rate': 0.09641752577319589, 'epoch': 0.0}
{'loss': 7.8317, 'learning_rate': 0.09639175257731959, 'epoch': 0.0}
{'loss': 7.7287, 'learning_rate': 0.09636597938144331, 'epoch': 0.0}
{'loss': 7.7367, 'learning_rate': 0.09634020618556702, 'epoch': 0.0}
{'loss': 7.9351, 'learning_rate': 0.09631443298969072, 'epoch': 0.0}
{'loss': 7.8912, 'learning_rate': 0.09628865979381444, 'epoch': 0.0}
{'loss': 7.853, 'learning_rate': 0.09626288659793815, 'epoch': 0.0}
{'loss': 7.8075, 'learning_rate': 0.09623711340206187, 'epoch': 0.01}
{'loss': 7.8744, 'learning_rate': 0.09621134020618557, 'epoch': 0.01}
{'loss': 7.8783, 'learning_rate': 0.09618556701030928, 'epoch': 0.01}
{'loss': 7.9537, 'learning_rate': 0.096159793814433, 'epoch': 0.01}
{'loss': 7.9072, 'learning_rate': 0.0961340206185567, 'epoch': 0.01}
{'loss': 7.805, 'learning_rate': 0.09610824742268043, 'epoch': 0.01}
{'loss': 8.0453, 'learning_rate': 0.09608247422680413, 'epoch': 0.01}
{'loss': 7.856, 'learning_rate': 0.09605670103092784, 'epoch': 0.01}
{'loss': 7.8516, 'learning_rate': 0.09603092783505156, 'epoch': 0.01}
{'loss': 8.0045, 'learning_rate': 0.09600515463917526, 'epoch': 0.01}
{'loss': 7.8086, 'learning_rate': 0.09597938144329898, 'epoch': 0.01}
{'loss': 7.6386, 'learning_rate': 0.09595360824742269, 'epoch': 0.01}
{'loss': 7.8538, 'learning_rate': 0.0959278350515464, 'epoch': 0.01}
{'loss': 7.8729, 'learning_rate': 0.09590206185567011, 'epoch': 0.01}
{'loss': 7.8292, 'learning_rate': 0.09587628865979382, 'epoch': 0.01}
{'loss': 7.9343, 'learning_rate': 0.09585051546391754, 'epoch': 0.01}
{'loss': 7.9143, 'learning_rate': 0.09582474226804125, 'epoch': 0.01}
{'loss': 7.893, 'learning_rate': 0.09579896907216495, 'epoch': 0.01}
{'loss': 7.948, 'learning_rate': 0.09577319587628867, 'epoch': 0.01}
{'loss': 7.8864, 'learning_rate': 0.09574742268041238, 'epoch': 0.01}
{'loss': 7.7105, 'learning_rate': 0.0957216494845361, 'epoch': 0.01}
{'loss': 7.7982, 'learning_rate': 0.0956958762886598, 'epoch': 0.01}
{'loss': 7.6548, 'learning_rate': 0.09567010309278351, 'epoch': 0.01}
{'loss': 7.7863, 'learning_rate': 0.09564432989690723, 'epoch': 0.01}
{'loss': 7.8858, 'learning_rate': 0.09561855670103094, 'epoch': 0.01}
{'loss': 7.875, 'learning_rate': 0.09559278350515465, 'epoch': 0.01}
{'loss': 7.7169, 'learning_rate': 0.09556701030927836, 'epoch': 0.01}
{'loss': 7.7707, 'learning_rate': 0.09554123711340207, 'epoch': 0.01}
{'loss': 7.8067, 'learning_rate': 0.09551546391752579, 'epoch': 0.01}
{'loss': 7.8062, 'learning_rate': 0.09548969072164949, 'epoch': 0.01}
{'loss': 7.8762, 'learning_rate': 0.09546391752577321, 'epoch': 0.01}
{'loss': 7.8044, 'learning_rate': 0.09543814432989692, 'epoch': 0.01}
{'loss': 7.7979, 'learning_rate': 0.09541237113402062, 'epoch': 0.01}
{'loss': 7.8368, 'learning_rate': 0.09538659793814434, 'epoch': 0.01}
{'loss': 7.9188, 'learning_rate': 0.09536082474226805, 'epoch': 0.01}
{'loss': 7.9099, 'learning_rate': 0.09533505154639177, 'epoch': 0.01}
{'loss': 7.7605, 'learning_rate': 0.09530927835051546, 'epoch': 0.01}
{'loss': 7.9099, 'learning_rate': 0.09528350515463918, 'epoch': 0.01}
{'loss': 7.9585, 'learning_rate': 0.09525773195876289, 'epoch': 0.01}
{'loss': 7.7815, 'learning_rate': 0.09523195876288659, 'epoch': 0.01}
{'loss': 7.7058, 'learning_rate': 0.09520618556701031, 'epoch': 0.01}
{'loss': 7.8647, 'learning_rate': 0.09518041237113402, 'epoch': 0.01}
{'loss': 7.9342, 'learning_rate': 0.09515463917525774, 'epoch': 0.01}
{'loss': 7.8651, 'learning_rate': 0.09512886597938144, 'epoch': 0.01}
{'loss': 8.0221, 'learning_rate': 0.09510309278350515, 'epoch': 0.01}
{'loss': 8.0643, 'learning_rate': 0.09507731958762887, 'epoch': 0.01}
{'loss': 8.0925, 'learning_rate': 0.09505154639175258, 'epoch': 0.01}
{'loss': 7.9295, 'learning_rate': 0.0950257731958763, 'epoch': 0.01}
{'loss': 7.8874, 'learning_rate': 0.095, 'epoch': 0.01}
{'loss': 7.8592, 'learning_rate': 0.09497422680412371, 'epoch': 0.01}
{'loss': 7.973, 'learning_rate': 0.09494845360824743, 'epoch': 0.01}
{'loss': 7.9389, 'learning_rate': 0.09492268041237113, 'epoch': 0.01}
{'loss': 7.8215, 'learning_rate': 0.09489690721649485, 'epoch': 0.01}
{'loss': 7.815, 'learning_rate': 0.09487113402061856, 'epoch': 0.01}
{'loss': 7.9693, 'learning_rate': 0.09484536082474226, 'epoch': 0.01}
{'loss': 7.9314, 'learning_rate': 0.09481958762886598, 'epoch': 0.01}
{'loss': 8.0156, 'learning_rate': 0.09479381443298969, 'epoch': 0.01}
{'loss': 7.7438, 'learning_rate': 0.09476804123711341, 'epoch': 0.01}
{'loss': 7.7873, 'learning_rate': 0.09474226804123712, 'epoch': 0.01}
{'loss': 7.945, 'learning_rate': 0.09471649484536082, 'epoch': 0.01}
{'loss': 7.8792, 'learning_rate': 0.09469072164948454, 'epoch': 0.01}
{'loss': 8.0309, 'learning_rate': 0.09466494845360825, 'epoch': 0.01}
{'loss': 7.9302, 'learning_rate': 0.09463917525773197, 'epoch': 0.01}
{'loss': 7.803, 'learning_rate': 0.09461340206185567, 'epoch': 0.01}
{'loss': 7.8631, 'learning_rate': 0.09458762886597938, 'epoch': 0.01}
{'loss': 7.8764, 'learning_rate': 0.0945618556701031, 'epoch': 0.01}
{'loss': 7.9424, 'learning_rate': 0.0945360824742268, 'epoch': 0.01}
{'loss': 7.8797, 'learning_rate': 0.09451030927835052, 'epoch': 0.01}
{'loss': 7.8007, 'learning_rate': 0.09448453608247423, 'epoch': 0.01}
{'loss': 7.7706, 'learning_rate': 0.09445876288659794, 'epoch': 0.01}
{'loss': 7.9372, 'learning_rate': 0.09443298969072166, 'epoch': 0.01}
{'loss': 7.7576, 'learning_rate': 0.09440721649484536, 'epoch': 0.01}
{'loss': 7.9586, 'learning_rate': 0.09438144329896908, 'epoch': 0.01}
{'loss': 7.9517, 'learning_rate': 0.09435567010309279, 'epoch': 0.01}
{'loss': 7.8963, 'learning_rate': 0.09432989690721649, 'epoch': 0.01}
{'loss': 7.8765, 'learning_rate': 0.09430412371134021, 'epoch': 0.01}
{'loss': 7.9053, 'learning_rate': 0.09427835051546392, 'epoch': 0.01}
{'loss': 7.9191, 'learning_rate': 0.09425257731958764, 'epoch': 0.01}
{'loss': 7.8403, 'learning_rate': 0.09422680412371134, 'epoch': 0.01}
{'loss': 7.8708, 'learning_rate': 0.09420103092783505, 'epoch': 0.01}
{'loss': 7.8578, 'learning_rate': 0.09417525773195877, 'epoch': 0.01}
{'loss': 7.8733, 'learning_rate': 0.09414948453608248, 'epoch': 0.01}
{'loss': 7.8187, 'learning_rate': 0.0941237113402062, 'epoch': 0.01}
{'loss': 7.9117, 'learning_rate': 0.0940979381443299, 'epoch': 0.01}
{'loss': 7.8518, 'learning_rate': 0.09407216494845361, 'epoch': 0.01}
{'loss': 8.0629, 'learning_rate': 0.09404639175257733, 'epoch': 0.01}
{'loss': 7.954, 'learning_rate': 0.09402061855670103, 'epoch': 0.01}
{'loss': 7.9831, 'learning_rate': 0.09399484536082475, 'epoch': 0.01}
{'loss': 8.0015, 'learning_rate': 0.09396907216494846, 'epoch': 0.01}
{'loss': 7.812, 'learning_rate': 0.09394329896907216, 'epoch': 0.01}
{'loss': 7.9654, 'learning_rate': 0.09391752577319588, 'epoch': 0.01}
{'loss': 7.913, 'learning_rate': 0.09389175257731959, 'epoch': 0.01}
{'loss': 7.9806, 'learning_rate': 0.09386597938144331, 'epoch': 0.01}
{'loss': 8.0589, 'learning_rate': 0.09384020618556702, 'epoch': 0.01}
{'loss': 7.9292, 'learning_rate': 0.09381443298969072, 'epoch': 0.01}
{'loss': 7.8849, 'learning_rate': 0.09378865979381444, 'epoch': 0.01}
{'loss': 7.9496, 'learning_rate': 0.09376288659793815, 'epoch': 0.01}
{'loss': 8.0837, 'learning_rate': 0.09373711340206187, 'epoch': 0.01}
{'loss': 8.092, 'learning_rate': 0.09371134020618557, 'epoch': 0.01}
{'loss': 8.1368, 'learning_rate': 0.09368556701030928, 'epoch': 0.01}
{'loss': 7.9312, 'learning_rate': 0.093659793814433, 'epoch': 0.01}
{'loss': 7.9232, 'learning_rate': 0.0936340206185567, 'epoch': 0.01}
{'loss': 8.0876, 'learning_rate': 0.09360824742268042, 'epoch': 0.01}
{'loss': 8.2541, 'learning_rate': 0.09358247422680413, 'epoch': 0.01}
{'loss': 8.0171, 'learning_rate': 0.09355670103092784, 'epoch': 0.01}
{'loss': 7.9304, 'learning_rate': 0.09353092783505156, 'epoch': 0.01}
{'loss': 7.8742, 'learning_rate': 0.09350515463917526, 'epoch': 0.01}
{'loss': 8.0741, 'learning_rate': 0.09347938144329898, 'epoch': 0.01}
{'loss': 7.9828, 'learning_rate': 0.09345360824742269, 'epoch': 0.01}
{'loss': 7.9044, 'learning_rate': 0.09342783505154639, 'epoch': 0.01}
{'loss': 7.8408, 'learning_rate': 0.09340206185567011, 'epoch': 0.01}
{'loss': 7.9336, 'learning_rate': 0.09337628865979382, 'epoch': 0.01}
{'loss': 8.0112, 'learning_rate': 0.09335051546391754, 'epoch': 0.01}
{'loss': 7.9886, 'learning_rate': 0.09332474226804124, 'epoch': 0.01}
{'loss': 7.9838, 'learning_rate': 0.09329896907216495, 'epoch': 0.01}
{'loss': 8.0101, 'learning_rate': 0.09327319587628867, 'epoch': 0.01}
{'loss': 8.0675, 'learning_rate': 0.09324742268041238, 'epoch': 0.01}
{'loss': 8.0798, 'learning_rate': 0.0932216494845361, 'epoch': 0.01}
{'loss': 7.9703, 'learning_rate': 0.0931958762886598, 'epoch': 0.01}
{'loss': 7.7818, 'learning_rate': 0.09317010309278351, 'epoch': 0.01}
{'loss': 7.9711, 'learning_rate': 0.09314432989690723, 'epoch': 0.01}
{'loss': 8.0394, 'learning_rate': 0.09311855670103093, 'epoch': 0.01}
{'loss': 7.9144, 'learning_rate': 0.09309278350515465, 'epoch': 0.01}
{'loss': 7.9474, 'learning_rate': 0.09306701030927836, 'epoch': 0.01}
{'loss': 7.9428, 'learning_rate': 0.09304123711340206, 'epoch': 0.01}
{'loss': 7.9448, 'learning_rate': 0.09301546391752578, 'epoch': 0.01}
{'loss': 7.9572, 'learning_rate': 0.09298969072164949, 'epoch': 0.01}
{'loss': 8.0371, 'learning_rate': 0.09296391752577321, 'epoch': 0.01}
{'loss': 7.8001, 'learning_rate': 0.09293814432989692, 'epoch': 0.01}
{'loss': 7.973, 'learning_rate': 0.09291237113402062, 'epoch': 0.01}
{'loss': 7.9345, 'learning_rate': 0.09288659793814434, 'epoch': 0.01}
{'loss': 7.9838, 'learning_rate': 0.09286082474226805, 'epoch': 0.01}
{'loss': 8.0052, 'learning_rate': 0.09283505154639177, 'epoch': 0.01}
{'loss': 7.9298, 'learning_rate': 0.09280927835051547, 'epoch': 0.01}
{'loss': 7.809, 'learning_rate': 0.09278350515463918, 'epoch': 0.01}
{'loss': 7.968, 'learning_rate': 0.0927577319587629, 'epoch': 0.01}
{'loss': 8.156, 'learning_rate': 0.0927319587628866, 'epoch': 0.01}
{'loss': 8.2275, 'learning_rate': 0.09270618556701032, 'epoch': 0.01}
{'loss': 8.1098, 'learning_rate': 0.09268041237113403, 'epoch': 0.01}
{'loss': 8.0386, 'learning_rate': 0.09265463917525774, 'epoch': 0.01}
{'loss': 7.977, 'learning_rate': 0.09262886597938146, 'epoch': 0.01}
{'loss': 8.0117, 'learning_rate': 0.09260309278350516, 'epoch': 0.01}
{'loss': 8.0331, 'learning_rate': 0.09257731958762888, 'epoch': 0.01}
{'loss': 8.0913, 'learning_rate': 0.09255154639175259, 'epoch': 0.01}
{'loss': 7.9548, 'learning_rate': 0.09252577319587629, 'epoch': 0.01}
{'loss': 7.9463, 'learning_rate': 0.09250000000000001, 'epoch': 0.01}
{'loss': 7.9929, 'learning_rate': 0.09247422680412372, 'epoch': 0.01}
{'loss': 7.9234, 'learning_rate': 0.09244845360824744, 'epoch': 0.01}
{'loss': 7.9337, 'learning_rate': 0.09242268041237114, 'epoch': 0.01}
{'loss': 7.9011, 'learning_rate': 0.09239690721649485, 'epoch': 0.01}
{'loss': 7.9016, 'learning_rate': 0.09237113402061857, 'epoch': 0.01}
{'loss': 7.9853, 'learning_rate': 0.09234536082474228, 'epoch': 0.01}
{'loss': 7.9174, 'learning_rate': 0.092319587628866, 'epoch': 0.01}
{'loss': 7.9715, 'learning_rate': 0.0922938144329897, 'epoch': 0.01}
{'loss': 7.8754, 'learning_rate': 0.09226804123711341, 'epoch': 0.01}
{'loss': 8.0051, 'learning_rate': 0.09224226804123713, 'epoch': 0.01}
{'loss': 7.9513, 'learning_rate': 0.09221649484536083, 'epoch': 0.01}
{'loss': 8.0895, 'learning_rate': 0.09219072164948455, 'epoch': 0.01}
{'loss': 7.9976, 'learning_rate': 0.09216494845360824, 'epoch': 0.01}
{'loss': 7.9133, 'learning_rate': 0.09213917525773196, 'epoch': 0.01}
{'loss': 7.9564, 'learning_rate': 0.09211340206185567, 'epoch': 0.01}
{'loss': 8.097, 'learning_rate': 0.09208762886597938, 'epoch': 0.01}
{'loss': 8.0677, 'learning_rate': 0.0920618556701031, 'epoch': 0.01}
{'loss': 7.9102, 'learning_rate': 0.0920360824742268, 'epoch': 0.01}
{'loss': 7.9652, 'learning_rate': 0.09201030927835052, 'epoch': 0.01}
{'loss': 8.0473, 'learning_rate': 0.09198453608247423, 'epoch': 0.01}
{'loss': 7.8972, 'learning_rate': 0.09195876288659793, 'epoch': 0.01}
{'loss': 8.008, 'learning_rate': 0.09193298969072165, 'epoch': 0.01}
{'loss': 7.8911, 'learning_rate': 0.09190721649484536, 'epoch': 0.01}
{'loss': 7.8868, 'learning_rate': 0.09188144329896908, 'epoch': 0.01}
{'loss': 8.1829, 'learning_rate': 0.09185567010309278, 'epoch': 0.01}
{'loss': 7.9382, 'learning_rate': 0.09182989690721649, 'epoch': 0.01}
{'loss': 7.9281, 'learning_rate': 0.09180412371134021, 'epoch': 0.01}
{'loss': 8.0322, 'learning_rate': 0.09177835051546392, 'epoch': 0.01}
{'loss': 7.9722, 'learning_rate': 0.09175257731958764, 'epoch': 0.01}
{'loss': 7.9918, 'learning_rate': 0.09172680412371134, 'epoch': 0.01}
{'loss': 7.9493, 'learning_rate': 0.09170103092783505, 'epoch': 0.01}
{'loss': 8.1127, 'learning_rate': 0.09167525773195877, 'epoch': 0.01}
{'loss': 8.0078, 'learning_rate': 0.09164948453608247, 'epoch': 0.01}
{'loss': 7.9257, 'learning_rate': 0.0916237113402062, 'epoch': 0.01}
{'loss': 8.151, 'learning_rate': 0.0915979381443299, 'epoch': 0.01}
{'loss': 8.1802, 'learning_rate': 0.0915721649484536, 'epoch': 0.01}
{'loss': 8.1103, 'learning_rate': 0.09154639175257732, 'epoch': 0.01}
{'loss': 7.8416, 'learning_rate': 0.09152061855670103, 'epoch': 0.01}
{'loss': 7.9881, 'learning_rate': 0.09149484536082475, 'epoch': 0.01}
{'loss': 7.9301, 'learning_rate': 0.09146907216494846, 'epoch': 0.01}
{'loss': 7.8987, 'learning_rate': 0.09144329896907216, 'epoch': 0.01}
{'loss': 7.9396, 'learning_rate': 0.09141752577319588, 'epoch': 0.01}
{'loss': 7.8612, 'learning_rate': 0.09139175257731959, 'epoch': 0.01}
{'loss': 7.9294, 'learning_rate': 0.09136597938144331, 'epoch': 0.01}
{'loss': 7.9861, 'learning_rate': 0.09134020618556701, 'epoch': 0.01}
{'loss': 8.0307, 'learning_rate': 0.09131443298969072, 'epoch': 0.01}
{'loss': 8.2104, 'learning_rate': 0.09128865979381444, 'epoch': 0.01}
{'loss': 8.1481, 'learning_rate': 0.09126288659793814, 'epoch': 0.01}
{'loss': 7.9996, 'learning_rate': 0.09123711340206186, 'epoch': 0.01}
{'loss': 8.0023, 'learning_rate': 0.09121134020618557, 'epoch': 0.01}
{'loss': 8.0209, 'learning_rate': 0.09118556701030928, 'epoch': 0.01}
{'loss': 7.9146, 'learning_rate': 0.091159793814433, 'epoch': 0.01}
{'loss': 7.9208, 'learning_rate': 0.0911340206185567, 'epoch': 0.01}
{'loss': 8.0825, 'learning_rate': 0.09110824742268042, 'epoch': 0.01}
{'loss': 7.9685, 'learning_rate': 0.09108247422680413, 'epoch': 0.01}
{'loss': 7.9306, 'learning_rate': 0.09105670103092783, 'epoch': 0.01}
{'loss': 8.0852, 'learning_rate': 0.09103092783505155, 'epoch': 0.01}
{'loss': 8.0656, 'learning_rate': 0.09100515463917526, 'epoch': 0.01}
{'loss': 8.032, 'learning_rate': 0.09097938144329898, 'epoch': 0.01}
{'loss': 7.9222, 'learning_rate': 0.09095360824742268, 'epoch': 0.01}
{'loss': 7.8979, 'learning_rate': 0.09092783505154639, 'epoch': 0.01}
{'loss': 7.9821, 'learning_rate': 0.09090206185567011, 'epoch': 0.01}
{'loss': 8.0513, 'learning_rate': 0.09087628865979382, 'epoch': 0.01}
{'loss': 7.913, 'learning_rate': 0.09085051546391754, 'epoch': 0.01}
{'loss': 8.0528, 'learning_rate': 0.09082474226804124, 'epoch': 0.01}
{'loss': 7.9377, 'learning_rate': 0.09079896907216495, 'epoch': 0.01}
{'loss': 8.0428, 'learning_rate': 0.09077319587628867, 'epoch': 0.01}
{'loss': 8.0815, 'learning_rate': 0.09074742268041237, 'epoch': 0.01}
{'loss': 8.0104, 'learning_rate': 0.0907216494845361, 'epoch': 0.01}
{'loss': 8.1834, 'learning_rate': 0.0906958762886598, 'epoch': 0.01}
{'loss': 8.2584, 'learning_rate': 0.0906701030927835, 'epoch': 0.01}
{'loss': 8.1431, 'learning_rate': 0.09064432989690722, 'epoch': 0.01}
